<html>
<body>
<pre>
<h1>µVision Build Log</h1>
<h2>Tool Versions:</h2>
IDE-Version: ¦ÌVision V5.38.0.0
Copyright (C) 2022 ARM Ltd and ARM Germany GmbH. All rights reserved.
License Information: a a, a, LIC=TIVNB-2U8R4-WFHI7-E2DT1-XPR11-4GZPS
 
Tool Versions:
Toolchain:       MDK-ARM Plus  Version: 5.25.2.0
Toolchain Path:  E:\Keil_v5\ARM\ARMCC\Bin
C Compiler:      Armcc.exe V5.06 update 6 (build 750)
Assembler:       Armasm.exe V5.06 update 6 (build 750)
Linker/Locator:  ArmLink.exe V5.06 update 6 (build 750)
Library Manager: ArmAr.exe V5.06 update 6 (build 750)
Hex Converter:   FromElf.exe V5.06 update 6 (build 750)
CPU DLL:         SARMCM3.DLL V5.25.2.0
Dialog DLL:      DCM.DLL V1.17.1.0
Target DLL:      Segger\JL2CM3.dll V2.99.29.0
Dialog DLL:      TCM.DLL V1.35.1.0
 
<h2>Project:</h2>
C:\Users\22120\Desktop\Learning_project_my\project\project\Projects\MDK-ARM\atk_f407.uvprojx
Project File Date:  07/10/2026

<h2>Output:</h2>
*** Using Compiler 'V5.06 update 6 (build 750)', folder: 'E:\Keil_v5\ARM\ARMCC\Bin'
Rebuild target 'USART'
assembling startup_stm32f407xx.s...
compiling system_stm32f4xx.c...
compiling usart.c...
compiling sys.c...
compiling main.c...
..\..\User\main.c(44): warning:  #177-D: variable "hello_print_buffer"  was declared but never referenced
  	uint8_t hello_print_buffer[30] = {"nihaoa,shijie!!!!!"}; 
..\..\User\main.c(46): warning:  #177-D: variable "temp_printf_buffer"  was declared but never referenced
  	static uint8_t temp_printf_buffer[30];
..\..\User\main.c(47): warning:  #177-D: variable "temp_printf_count"  was declared but never referenced
  	uint8_t temp_printf_count = 0;
..\..\User\main.c(49): warning:  #177-D: variable "key_pre_state"  was declared but never referenced
  	uint8_t key_pre_state = 0;
..\..\User\main.c(50): warning:  #177-D: variable "key_current_state"  was declared but never referenced
  	GPIO_PinState key_current_state = GPIO_PIN_SET;	
..\..\User\main.c(51): warning:  #177-D: variable "Temp_key_state"  was declared but never referenced
  	GPIO_PinState Temp_key_state = GPIO_PIN_SET;	
..\..\User\main.c: 6 warnings, 0 errors
compiling delay.c...
compiling stm32f4xx_hal.c...
compiling stm32f4xx_it.c...
compiling stm32f4xx_hal_cortex.c...
compiling stm32f4xx_hal_gpio.c...
compiling stm32f4xx_hal_rcc.c...
compiling stm32f4xx_hal_dma.c...
compiling stm32f4xx_hal_pwr.c...
compiling stm32f4xx_hal_rcc_ex.c...
compiling stm32f4xx_hal_pwr_ex.c...
compiling stm32f4xx_hal_usart.c...
compiling stm32f4xx_hal_uart.c...
compiling stm32f4xx_hal_dma_ex.c...
compiling stm32f4xx_hal_i2c_ex.c...
compiling stm32f4xx_hal_dac.c...
compiling stm32f4xx_hal_dac_ex.c...
compiling stm32f4xx_hal_spi.c...
compiling stm32f4xx_hal_adc.c...
compiling stm32f4xx_hal_adc_ex.c...
compiling stm32f4xx_hal_i2c.c...
compiling stm32f4xx_hal_wwdg.c...
compiling led.c...
compiling IIC.c...
compiling stm32f4xx_hal_tim_ex.c...
compiling SPI.c...
compiling usart_test.c...
compiling DAC.c...
compiling stm32f4xx_hal_tim.c...
compiling ADC.c...
compiling Modbus.c...
compiling wwdg.c...
compiling Timer.c...
compiling light.c...
compiling temp_humi.c...
compiling timer_capture.c...
compiling Key.c...
..\..\Drivers\BSP\Key\Key.c(38): warning:  #177-D: variable "key_temp_printf_buffer"  was declared but never referenced
  static uint8_t key_temp_printf_buffer[30];
..\..\Drivers\BSP\Key\Key.c: 1 warning, 0 errors
linking...
Program Size: Code=21744 RO-data=488 RW-data=60 ZI-data=3460  
FromELF: creating hex file...
"..\..\Output\atk_f407.axf" - 0 Error(s), 7 Warning(s).

<h2>Software Packages used:</h2>

Package Vendor: Keil
                http://www.keil.com/pack/Keil.STM32F4xx_DFP.2.16.0.pack
                Keil.STM32F4xx_DFP.2.16.0
                STMicroelectronics STM32F4 Series Device Support, Drivers and Examples

<h2>Collection of Component include folders:</h2>
  E:/Keil_v5/ARM/PACK/Keil/STM32F4xx_DFP/2.16.0/Drivers/CMSIS/Device/ST/STM32F4xx/Include

<h2>Collection of Component Files used:</h2>
Build Time Elapsed:  00:00:04
</pre>
</body>
</html>
