Component: ARM Compiler 5.06 update 6 (build 750) Tool: armlink [4d35ed]

==============================================================================

Section Cross References

    startup_stm32f407xx.o(RESET) refers to startup_stm32f407xx.o(STACK) for __initial_sp
    startup_stm32f407xx.o(RESET) refers to startup_stm32f407xx.o(.text) for Reset_Handler
    startup_stm32f407xx.o(RESET) refers to stm32f4xx_it.o(i.NMI_Handler) for NMI_Handler
    startup_stm32f407xx.o(RESET) refers to stm32f4xx_it.o(i.HardFault_Handler) for HardFault_Handler
    startup_stm32f407xx.o(RESET) refers to stm32f4xx_it.o(i.MemManage_Handler) for MemManage_Handler
    startup_stm32f407xx.o(RESET) refers to stm32f4xx_it.o(i.BusFault_Handler) for BusFault_Handler
    startup_stm32f407xx.o(RESET) refers to stm32f4xx_it.o(i.UsageFault_Handler) for UsageFault_Handler
    startup_stm32f407xx.o(RESET) refers to stm32f4xx_it.o(i.SVC_Handler) for SVC_Handler
    startup_stm32f407xx.o(RESET) refers to stm32f4xx_it.o(i.DebugMon_Handler) for DebugMon_Handler
    startup_stm32f407xx.o(RESET) refers to stm32f4xx_it.o(i.PendSV_Handler) for PendSV_Handler
    startup_stm32f407xx.o(RESET) refers to stm32f4xx_it.o(i.SysTick_Handler) for SysTick_Handler
    startup_stm32f407xx.o(RESET) refers to wwdg.o(i.WWDG_IRQHandler) for WWDG_IRQHandler
    startup_stm32f407xx.o(RESET) refers to iic.o(i.DMA1_Stream5_IRQHandler) for DMA1_Stream5_IRQHandler
    startup_stm32f407xx.o(RESET) refers to iic.o(i.DMA1_Stream6_IRQHandler) for DMA1_Stream6_IRQHandler
    startup_stm32f407xx.o(RESET) refers to adc.o(i.ADC_IRQHandler) for ADC_IRQHandler
    startup_stm32f407xx.o(RESET) refers to timer_capture.o(i.TIM1_BRK_TIM9_IRQHandler) for TIM1_BRK_TIM9_IRQHandler
    startup_stm32f407xx.o(RESET) refers to iic.o(i.I2C1_EV_IRQHandler) for I2C1_EV_IRQHandler
    startup_stm32f407xx.o(RESET) refers to iic.o(i.I2C1_ER_IRQHandler) for I2C1_ER_IRQHandler
    startup_stm32f407xx.o(RESET) refers to spi.o(i.SPI1_IRQHandler) for SPI1_IRQHandler
    startup_stm32f407xx.o(RESET) refers to stm32f4xx_it.o(i.USART1_IRQHandler) for USART1_IRQHandler
    startup_stm32f407xx.o(RESET) refers to timer.o(i.TIM6_DAC_IRQHandler) for TIM6_DAC_IRQHandler
    startup_stm32f407xx.o(RESET) refers to adc.o(i.DMA2_Stream0_IRQHandler) for DMA2_Stream0_IRQHandler
    startup_stm32f407xx.o(RESET) refers to adc.o(i.DMA2_Stream1_IRQHandler) for DMA2_Stream1_IRQHandler
    startup_stm32f407xx.o(RESET) refers to spi.o(i.DMA2_Stream2_IRQHandler) for DMA2_Stream2_IRQHandler
    startup_stm32f407xx.o(RESET) refers to spi.o(i.DMA2_Stream3_IRQHandler) for DMA2_Stream3_IRQHandler
    startup_stm32f407xx.o(RESET) refers to stm32f4xx_it.o(i.DMA2_Stream5_IRQHandler) for DMA2_Stream5_IRQHandler
    startup_stm32f407xx.o(RESET) refers to stm32f4xx_it.o(i.DMA2_Stream7_IRQHandler) for DMA2_Stream7_IRQHandler
    startup_stm32f407xx.o(.text) refers to system_stm32f4xx.o(i.SystemInit) for SystemInit
    startup_stm32f407xx.o(.text) refers to entry.o(.ARM.Collect$$$$00000000) for __main
    main.o(i.key_click_handle) refers to printf6.o(i.__0sprintf$6) for __2sprintf
    main.o(i.key_click_handle) refers to usart_test.o(i.my_usart_transmit_data) for my_usart_transmit_data
    main.o(i.key_click_handle) refers to main.o(.bss) for main_nihao_print_buffer
    main.o(i.key_click_handle) refers to main.o(.data) for main_nihao_print_count
    main.o(i.key_double_click_handle) refers to printf6.o(i.__0sprintf$6) for __2sprintf
    main.o(i.key_double_click_handle) refers to usart_test.o(i.my_usart_transmit_data) for my_usart_transmit_data
    main.o(i.key_double_click_handle) refers to main.o(.bss) for main_nihao_print_buffer
    main.o(i.key_double_click_handle) refers to main.o(.data) for main_nihao_print_count
    main.o(i.main) refers to stm32f4xx_hal.o(i.HAL_Init) for HAL_Init
    main.o(i.main) refers to sys.o(i.sys_stm32_clock_init) for sys_stm32_clock_init
    main.o(i.main) refers to delay.o(i.delay_init) for delay_init
    main.o(i.main) refers to led.o(i.led_init) for led_init
    main.o(i.main) refers to modbus.o(i.modbus_init) for modbus_init
    main.o(i.main) refers to wwdg.o(i.wwdg_init) for wwdg_init
    main.o(i.main) refers to adc.o(i.adc3_init_dma) for adc3_init_dma
    main.o(i.main) refers to timer.o(i.Timer6_Init) for Timer6_Init
    main.o(i.main) refers to light.o(i.Light_Init) for Light_Init
    main.o(i.main) refers to key.o(i.key_gpio_init) for key_gpio_init
    main.o(i.main) refers to key.o(i.key_soft_init) for key_soft_init
    main.o(i.main) refers to buzzer.o(i.buzzer_hardware_init) for buzzer_hardware_init
    main.o(i.main) refers to iic.o(i.IIC1_DMA_Init) for IIC1_DMA_Init
    main.o(i.main) refers to main.o(i.temp_iic_write_data) for temp_iic_write_data
    main.o(i.main) refers to delay.o(i.HAL_Delay) for HAL_Delay
    main.o(i.main) refers to timer.o(i.Timer6_RegisterTask) for Timer6_RegisterTask
    main.o(i.main) refers to key.o(i.key_click_register_task) for key_click_register_task
[...]
    I2C_Master_SB                            0x0800435b   Thumb Code   158  stm32f4xx_hal_i2c.o(i.I2C_Master_SB)
    i.I2C_MemoryTransmit_TXE_BTF             0x080043f8   Section        0  stm32f4xx_hal_i2c.o(i.I2C_MemoryTransmit_TXE_BTF)
    I2C_MemoryTransmit_TXE_BTF               0x080043f9   Thumb Code   184  stm32f4xx_hal_i2c.o(i.I2C_MemoryTransmit_TXE_BTF)
    i.I2C_RequestMemoryWrite                 0x080044b0   Section        0  stm32f4xx_hal_i2c.o(i.I2C_RequestMemoryWrite)
    I2C_RequestMemoryWrite                   0x080044b1   Thumb Code   220  stm32f4xx_hal_i2c.o(i.I2C_RequestMemoryWrite)
    i.I2C_SlaveReceive_BTF                   0x08004590   Section        0  stm32f4xx_hal_i2c.o(i.I2C_SlaveReceive_BTF)
    I2C_SlaveReceive_BTF                     0x08004591   Thumb Code    26  stm32f4xx_hal_i2c.o(i.I2C_SlaveReceive_BTF)
    i.I2C_SlaveReceive_RXNE                  0x080045aa   Section        0  stm32f4xx_hal_i2c.o(i.I2C_SlaveReceive_RXNE)
    I2C_SlaveReceive_RXNE                    0x080045ab   Thumb Code    70  stm32f4xx_hal_i2c.o(i.I2C_SlaveReceive_RXNE)
    i.I2C_SlaveTransmit_BTF                  0x080045f0   Section        0  stm32f4xx_hal_i2c.o(i.I2C_SlaveTransmit_BTF)
    I2C_SlaveTransmit_BTF                    0x080045f1   Thumb Code    26  stm32f4xx_hal_i2c.o(i.I2C_SlaveTransmit_BTF)
    i.I2C_SlaveTransmit_TXE                  0x0800460a   Section        0  stm32f4xx_hal_i2c.o(i.I2C_SlaveTransmit_TXE)
    I2C_SlaveTransmit_TXE                    0x0800460b   Thumb Code    70  stm32f4xx_hal_i2c.o(i.I2C_SlaveTransmit_TXE)
    i.I2C_Slave_ADDR                         0x08004650   Section        0  stm32f4xx_hal_i2c.o(i.I2C_Slave_ADDR)
    I2C_Slave_ADDR                           0x08004651   Thumb Code   102  stm32f4xx_hal_i2c.o(i.I2C_Slave_ADDR)
    i.I2C_Slave_AF                           0x080046b8   Section        0  stm32f4xx_hal_i2c.o(i.I2C_Slave_AF)
    I2C_Slave_AF                             0x080046b9   Thumb Code   156  stm32f4xx_hal_i2c.o(i.I2C_Slave_AF)
    i.I2C_Slave_STOPF                        0x08004758   Section        0  stm32f4xx_hal_i2c.o(i.I2C_Slave_STOPF)
    I2C_Slave_STOPF                          0x08004759   Thumb Code   386  stm32f4xx_hal_i2c.o(i.I2C_Slave_STOPF)
    i.I2C_WaitOnFlagUntilTimeout             0x080048e4   Section        0  stm32f4xx_hal_i2c.o(i.I2C_WaitOnFlagUntilTimeout)
    I2C_WaitOnFlagUntilTimeout               0x080048e5   Thumb Code   134  stm32f4xx_hal_i2c.o(i.I2C_WaitOnFlagUntilTimeout)
    i.I2C_WaitOnMasterAddressFlagUntilTimeout 0x0800496a   Section        0  stm32f4xx_hal_i2c.o(i.I2C_WaitOnMasterAddressFlagUntilTimeout)
    I2C_WaitOnMasterAddressFlagUntilTimeout  0x0800496b   Thumb Code   196  stm32f4xx_hal_i2c.o(i.I2C_WaitOnMasterAddressFlagUntilTimeout)
    i.I2C_WaitOnSTOPRequestThroughIT         0x08004a30   Section        0  stm32f4xx_hal_i2c.o(i.I2C_WaitOnSTOPRequestThroughIT)
    I2C_WaitOnSTOPRequestThroughIT           0x08004a31   Thumb Code    74  stm32f4xx_hal_i2c.o(i.I2C_WaitOnSTOPRequestThroughIT)
    i.I2C_WaitOnTXEFlagUntilTimeout          0x08004a80   Section        0  stm32f4xx_hal_i2c.o(i.I2C_WaitOnTXEFlagUntilTimeout)
    I2C_WaitOnTXEFlagUntilTimeout            0x08004a81   Thumb Code    92  stm32f4xx_hal_i2c.o(i.I2C_WaitOnTXEFlagUntilTimeout)
    i.IIC1_DMA_Init                          0x08004adc   Section        0  iic.o(i.IIC1_DMA_Init)
    i.Light_AdcDmaCpltCallback               0x08004b4c   Section        0  light.o(i.Light_AdcDmaCpltCallback)
    i.Light_Handle                           0x08004b58   Section        0  light.o(i.Light_Handle)
    i.Light_Init                             0x08004b9c   Section        0  light.o(i.Light_Init)
    i.Light_TimerCallback                    0x08004ba8   Section        0  light.o(i.Light_TimerCallback)
    i.MemManage_Handler                      0x08004bc0   Section        0  stm32f4xx_it.o(i.MemManage_Handler)
    i.NMI_Handler                            0x08004bc4   Section        0  stm32f4xx_it.o(i.NMI_Handler)
    i.PendSV_Handler                         0x08004bc6   Section        0  stm32f4xx_it.o(i.PendSV_Handler)
    i.SPI1_IRQHandler                        0x08004bc8   Section        0  spi.o(i.SPI1_IRQHandler)
    i.SPI_DMAAbortOnError                    0x08004bd8   Section        0  stm32f4xx_hal_spi.o(i.SPI_DMAAbortOnError)
    SPI_DMAAbortOnError                      0x08004bd9   Thumb Code    20  stm32f4xx_hal_spi.o(i.SPI_DMAAbortOnError)
    i.SVC_Handler                            0x08004bec   Section        0  stm32f4xx_it.o(i.SVC_Handler)
    i.SysTick_Handler                        0x08004bee   Section        0  stm32f4xx_it.o(i.SysTick_Handler)
    i.SystemInit                             0x08004bf8   Section        0  system_stm32f4xx.o(i.SystemInit)
    i.TIM1_BRK_TIM9_IRQHandler               0x08004c0c   Section        0  timer_capture.o(i.TIM1_BRK_TIM9_IRQHandler)
    i.TIM6_DAC_IRQHandler                    0x08004c1c   Section        0  timer.o(i.TIM6_DAC_IRQHandler)
    i.TIM_Base_SetConfig                     0x08004c2c   Section        0  stm32f4xx_hal_tim.o(i.TIM_Base_SetConfig)
    i.TIM_CCxChannelCmd                      0x08004d04   Section        0  stm32f4xx_hal_tim.o(i.TIM_CCxChannelCmd)
    i.TIM_TI1_SetConfig                      0x08004d28   Section        0  stm32f4xx_hal_tim.o(i.TIM_TI1_SetConfig)
    i.TIM_TI2_SetConfig                      0x08004db8   Section        0  stm32f4xx_hal_tim.o(i.TIM_TI2_SetConfig)
    TIM_TI2_SetConfig                        0x08004db9   Thumb Code    58  stm32f4xx_hal_tim.o(i.TIM_TI2_SetConfig)
    i.TIM_TI3_SetConfig                      0x08004df2   Section        0  stm32f4xx_hal_tim.o(i.TIM_TI3_SetConfig)
    TIM_TI3_SetConfig                        0x08004df3   Thumb Code    56  stm32f4xx_hal_tim.o(i.TIM_TI3_SetConfig)
    i.TIM_TI4_SetConfig                      0x08004e2a   Section        0  stm32f4xx_hal_tim.o(i.TIM_TI4_SetConfig)
    TIM_TI4_SetConfig                        0x08004e2b   Thumb Code    60  stm32f4xx_hal_tim.o(i.TIM_TI4_SetConfig)
    i.Timer6_Init                            0x08004e68   Section        0  timer.o(i.Timer6_Init)
    i.Timer6_RegisterTask                    0x08004ed8   Section        0  timer.o(i.Timer6_RegisterTask)
    i.Timer6_UnRegisterTask                  0x08004f3c   Section        0  timer.o(i.Timer6_UnRegisterTask)
    i.UART_DMAAbortOnError                   0x08004f74   Section        0  stm32f4xx_hal_uart.o(i.UART_DMAAbortOnError)
    UART_DMAAbortOnError                     0x08004f75   Thumb Code    20  stm32f4xx_hal_uart.o(i.UART_DMAAbortOnError)
    i.UART_DMAError                          0x08004f88   Section        0  stm32f4xx_hal_uart.o(i.UART_DMAError)
    UART_DMAError                            0x08004f89   Thumb Code    80  stm32f4xx_hal_uart.o(i.UART_DMAError)
    i.UART_DMAReceiveCplt                    0x08004fd8   Section        0  stm32f4xx_hal_uart.o(i.UART_DMAReceiveCplt)
    UART_DMAReceiveCplt                      0x08004fd9   Thumb Code   104  stm32f4xx_hal_uart.o(i.UART_DMAReceiveCplt)
    i.UART_DMARxHalfCplt                     0x08005040   Section        0  stm32f4xx_hal_uart.o(i.UART_DMARxHalfCplt)
    UART_DMARxHalfCplt                       0x08005041   Thumb Code    32  stm32f4xx_hal_uart.o(i.UART_DMARxHalfCplt)
    i.UART_DMATransmitCplt                   0x08005060   Section        0  stm32f4xx_hal_uart.o(i.UART_DMATransmitCplt)
    UART_DMATransmitCplt                     0x08005061   Thumb Code    54  stm32f4xx_hal_uart.o(i.UART_DMATransmitCplt)
    i.UART_DMATxHalfCplt                     0x08005096   Section        0  stm32f4xx_hal_uart.o(i.UART_DMATxHalfCplt)
    UART_DMATxHalfCplt                       0x08005097   Thumb Code    14  stm32f4xx_hal_uart.o(i.UART_DMATxHalfCplt)
    i.UART_EndRxTransfer                     0x080050a4   Section        0  stm32f4xx_hal_uart.o(i.UART_EndRxTransfer)
    UART_EndRxTransfer                       0x080050a5   Thumb Code    54  stm32f4xx_hal_uart.o(i.UART_EndRxTransfer)
    i.UART_EndTransmit_IT                    0x080050da   Section        0  stm32f4xx_hal_uart.o(i.UART_EndTransmit_IT)
    UART_EndTransmit_IT                      0x080050db   Thumb Code    32  stm32f4xx_hal_uart.o(i.UART_EndTransmit_IT)
    i.UART_EndTxTransfer                     0x080050fa   Section        0  stm32f4xx_hal_uart.o(i.UART_EndTxTransfer)
    UART_EndTxTransfer                       0x080050fb   Thumb Code    20  stm32f4xx_hal_uart.o(i.UART_EndTxTransfer)
    i.UART_Receive_IT                        0x0800510e   Section        0  stm32f4xx_hal_uart.o(i.UART_Receive_IT)
    UART_Receive_IT                          0x0800510f   Thumb Code   190  stm32f4xx_hal_uart.o(i.UART_Receive_IT)
    i.UART_SetConfig                         0x080051cc   Section        0  stm32f4xx_hal_uart.o(i.UART_SetConfig)
    UART_SetConfig                           0x080051cd   Thumb Code   546  stm32f4xx_hal_uart.o(i.UART_SetConfig)
    i.UART_Start_Receive_DMA                 0x080053f8   Section        0  stm32f4xx_hal_uart.o(i.UART_Start_Receive_DMA)
    i.UART_Transmit_IT                       0x08005490   Section        0  stm32f4xx_hal_uart.o(i.UART_Transmit_IT)
    UART_Transmit_IT                         0x08005491   Thumb Code    96  stm32f4xx_hal_uart.o(i.UART_Transmit_IT)
    i.USART1_IRQHandler                      0x080054f0   Section        0  stm32f4xx_it.o(i.USART1_IRQHandler)
    i.UsageFault_Handler                     0x08005500   Section        0  stm32f4xx_it.o(i.UsageFault_Handler)
    i.WWDG_IRQHandler                        0x08005504   Section        0  wwdg.o(i.WWDG_IRQHandler)
    i.__0sprintf$6                           0x08005514   Section        0  printf6.o(i.__0sprintf$6)
    i.__NVIC_GetPriorityGrouping             0x0800553c   Section        0  stm32f4xx_hal_cortex.o(i.__NVIC_GetPriorityGrouping)
    __NVIC_GetPriorityGrouping               0x0800553d   Thumb Code    10  stm32f4xx_hal_cortex.o(i.__NVIC_GetPriorityGrouping)
    i.__NVIC_SetPriority                     0x0800554c   Section        0  stm32f4xx_hal_cortex.o(i.__NVIC_SetPriority)
    __NVIC_SetPriority                       0x0800554d   Thumb Code    32  stm32f4xx_hal_cortex.o(i.__NVIC_SetPriority)
    i.__scatterload_copy                     0x08005574   Section       14  handlers.o(i.__scatterload_copy)
    i.__scatterload_null                     0x08005582   Section        2  handlers.o(i.__scatterload_null)
    i.__scatterload_zeroinit                 0x08005584   Section       14  handlers.o(i.__scatterload_zeroinit)
    i._printf_core                           0x08005594   Section        0  printf6.o(i._printf_core)
    _printf_core                             0x08005595   Thumb Code   748  printf6.o(i._printf_core)
    i._printf_post_padding                   0x08005884   Section        0  printf6.o(i._printf_post_padding)
    _printf_post_padding                     0x08005885   Thumb Code    36  printf6.o(i._printf_post_padding)
    i._printf_pre_padding                    0x080058a8   Section        0  printf6.o(i._printf_pre_padding)
    _printf_pre_padding                      0x080058a9   Thumb Code    46  printf6.o(i._printf_pre_padding)
    i._sputc                                 0x080058d6   Section        0  printf6.o(i._sputc)
    _sputc                                   0x080058d7   Thumb Code    10  printf6.o(i._sputc)
    i.adc3_init_dma                          0x080058e0   Section        0  adc.o(i.adc3_init_dma)
    i.bsp_key_10ms_scan                      0x08005968   Section        0  key.o(i.bsp_key_10ms_scan)
    i.buzzer_hardware_init                   0x08005a08   Section        0  buzzer.o(i.buzzer_hardware_init)
    i.delay_init                             0x08005a50   Section        0  delay.o(i.delay_init)
    i.delay_ms                               0x08005a5c   Section        0  delay.o(i.delay_ms)
    i.delay_us                               0x08005a70   Section        0  delay.o(i.delay_us)
    i.get_key_state                          0x08005ab8   Section        0  key.o(i.get_key_state)
    get_key_state                            0x08005ab9   Thumb Code   438  key.o(i.get_key_state)
    i.key_click_handle                       0x08005c74   Section        0  main.o(i.key_click_handle)
    i.key_click_register_task                0x08005cac   Section        0  key.o(i.key_click_register_task)
    i.key_double_click_handle                0x08005cb8   Section        0  main.o(i.key_double_click_handle)
    i.key_double_click_register_task         0x08005cf0   Section        0  key.o(i.key_double_click_register_task)
    i.key_gpio_init                          0x08005cfc   Section        0  key.o(i.key_gpio_init)
    i.key_soft_init                          0x08005d44   Section        0  key.o(i.key_soft_init)
    i.led_init                               0x08005d9c   Section        0  led.o(i.led_init)
    i.loop_buffer_available                  0x08005e38   Section        0  usart_test.o(i.loop_buffer_available)
    i.loop_buffer_init                       0x08005e5a   Section        0  usart_test.o(i.loop_buffer_init)
    i.loop_buffer_next_index                 0x08005e66   Section        0  usart_test.o(i.loop_buffer_next_index)
    i.loop_buffer_pop                        0x08005e78   Section        0  usart_test.o(i.loop_buffer_pop)
    i.loop_buffer_push                       0x08005ea2   Section        0  usart_test.o(i.loop_buffer_push)
    i.loop_buffer_push_array                 0x08005ec8   Section        0  usart_test.o(i.loop_buffer_push_array)
    i.main                                   0x08005ef0   Section        0  main.o(i.main)
    i.modbus_handle                          0x08005f84   Section        0  modbus.o(i.modbus_handle)
    i.modbus_init                            0x08005fd0   Section        0  modbus.o(i.modbus_init)
    i.modbus_loop_buffer_available           0x08005fe0   Section        0  usart_test.o(i.modbus_loop_buffer_available)
    i.modbus_loop_buffer_init                0x08005ff0   Section        0  usart_test.o(i.modbus_loop_buffer_init)
    i.modbus_loop_buffer_read                0x08006008   Section        0  usart_test.o(i.modbus_loop_buffer_read)
    i.my_usart_transmit_data                 0x0800601c   Section        0  usart_test.o(i.my_usart_transmit_data)
    i.read_key_down_state                    0x08006034   Section        0  key.o(i.read_key_down_state)
    read_key_down_state                      0x08006035   Thumb Code    56  key.o(i.read_key_down_state)
    i.sys_stm32_clock_init                   0x08006070   Section        0  sys.o(i.sys_stm32_clock_init)
    i.temp_humi_Capture_Init                 0x0800614c   Section        0  timer_capture.o(i.temp_humi_Capture_Init)
    i.temp_humi_capture_gpio_init            0x080061c8   Section        0  timer_capture.o(i.temp_humi_capture_gpio_init)
    i.temp_humi_gpio_ouput                   0x08006214   Section        0  temp_humi.o(i.temp_humi_gpio_ouput)
    i.temp_iic_write_data                    0x0800625c   Section        0  main.o(i.temp_iic_write_data)
    i.usart_test_dma_init                    0x0800629c   Section        0  usart_test.o(i.usart_test_dma_init)
    i.wwdg_init                              0x0800630c   Section        0  wwdg.o(i.wwdg_init)
    .constdata                               0x08006360   Section       24  system_stm32f4xx.o(.constdata)
    .constdata                               0x08006378   Section        8  stm32f4xx_hal_dma.o(.constdata)
    flagBitshiftOffset                       0x08006378   Data           8  stm32f4xx_hal_dma.o(.constdata)
    .data                                    0x20000000   Section       23  main.o(.data)
    IIC_write_buffer                         0x2000000c   Data           9  main.o(.data)
    iic_read_write_address                   0x20000015   Data           2  main.o(.data)
    .data                                    0x20000018   Section        4  system_stm32f4xx.o(.data)
    .data                                    0x2000001c   Section        4  delay.o(.data)
    g_fac_us                                 0x2000001c   Data           4  delay.o(.data)
    .data                                    0x20000020   Section        9  stm32f4xx_hal.o(.data)
    .data                                    0x2000002a   Section        3  modbus.o(.data)
    .data                                    0x2000002e   Section        2  wwdg.o(.data)
    count                                    0x2000002e   Data           2  wwdg.o(.data)
    .data                                    0x20000030   Section        5  light.o(.data)
    light_adc_buffer                         0x20000030   Data           4  light.o(.data)
    light_sample_done                        0x20000034   Data           1  light.o(.data)
    .data                                    0x20000036   Section        8  timer_capture.o(.data)
    DHT11_Last_Capture                       0x2000003a   Data           2  timer_capture.o(.data)
    DHT11_Capture_Started                    0x2000003c   Data           1  timer_capture.o(.data)
    .data                                    0x20000040   Section        8  key.o(.data)
    key_click_callback                       0x20000040   Data           4  key.o(.data)
    key_double_click_callback                0x20000044   Data           4  key.o(.data)
    .bss                                     0x20000048   Section       39  main.o(.bss)
    main_nihao_print_buffer                  0x20000048   Data          30  main.o(.bss)
    IIC_Read_buffer                          0x20000066   Data           9  main.o(.bss)
    .bss                                     0x20000070   Section      280  spi.o(.bss)
    .bss                                     0x20000188   Section      276  iic.o(.bss)
    .bss                                     0x2000029c   Section      528  usart_test.o(.bss)
    .bss                                     0x200004ac   Section      336  adc.o(.bss)
    .bss                                     0x200005fc   Section      128  modbus.o(.bss)
    .bss                                     0x2000067c   Section       20  wwdg.o(.bss)
    .bss                                     0x20000690   Section       30  light.o(.bss)
    temp_printf_buffer                       0x20000690   Data          30  light.o(.bss)
    .bss                                     0x200006b0   Section      192  timer.o(.bss)
    timer6_task                              0x200006f8   Data         120  timer.o(.bss)
    .bss                                     0x20000770   Section      478  timer_capture.o(.bss)
    DHT11_Data_Buffer                        0x200007c8   Data         360  timer_capture.o(.bss)
    nihao_print_buffer                       0x20000930   Data          30  timer_capture.o(.bss)
    .bss                                     0x20000950   Section       68  key.o(.bss)
    .bss                                     0x20000994   Section       20  buzzer.o(.bss)
    STACK                                    0x200009a8   Section     1024  startup_stm32f407xx.o(STACK)

    Global Symbols

    Symbol Name                              Value     Ov Type        Size  Object(Section)

    BuildAttributes$$THM_ISAv4$E$P$D$K$B$S$7EM$VFPi3$EXTD16$VFPS$VFMA$PE$A:L22UL41UL21$X:L11$S22US41US21$IEEE1$IW$USESV6$~STKCKD$USESV7$~SHL$OSPACE$ROPI$EBA8$MICROLIB$REQ8$PRES8$EABIv2 0x00000000   Number         0  anon$$obj.o ABSOLUTE
    __ARM_use_no_argv                        0x00000000   Number         0  main.o ABSOLUTE
    __use_no_errno                           0x00000000   Number         0  useno.o ABSOLUTE
    __use_no_exception_handling              0x00000000   Number         0  useno.o ABSOLUTE
    __use_no_fp                              0x00000000   Number         0  useno.o ABSOLUTE
    __use_no_heap                            0x00000000   Number         0  useno.o ABSOLUTE
    __use_no_heap_region                     0x00000000   Number         0  useno.o ABSOLUTE
    __use_no_semihosting                     0x00000000   Number         0  useno.o ABSOLUTE
    __use_no_semihosting_swi                 0x00000000   Number         0  useno.o ABSOLUTE
    __use_no_signal_handling                 0x00000000   Number         0  useno.o ABSOLUTE
    _printf_a                                0x00000000   Number         0  stubs.o ABSOLUTE
    _printf_c                                0x00000000   Number         0  stubs.o ABSOLUTE
    _printf_charcount                        0x00000000   Number         0  stubs.o ABSOLUTE
    _printf_d                                0x00000000   Number         0  stubs.o ABSOLUTE
    _printf_e                                0x00000000   Number         0  stubs.o ABSOLUTE
    _printf_f                                0x00000000   Number         0  stubs.o ABSOLUTE
    _printf_flags                            0x00000000   Number         0  stubs.o ABSOLUTE
    _printf_fp_dec                           0x00000000   Number         0  stubs.o ABSOLUTE
    _printf_fp_hex                           0x00000000   Number         0  stubs.o ABSOLUTE
    _printf_g                                0x00000000   Number         0  stubs.o ABSOLUTE
    _printf_i                                0x00000000   Number         0  stubs.o ABSOLUTE
    _printf_int_dec                          0x00000000   Number         0  stubs.o ABSOLUTE
    _printf_l                                0x00000000   Number         0  stubs.o ABSOLUTE
    _printf_lc                               0x00000000   Number         0  stubs.o ABSOLUTE
    _printf_ll                               0x00000000   Number         0  stubs.o ABSOLUTE
    _printf_lld                              0x00000000   Number         0  stubs.o ABSOLUTE
    _printf_lli                              0x00000000   Number         0  stubs.o ABSOLUTE
    _printf_llo                              0x00000000   Number         0  stubs.o ABSOLUTE
    _printf_llu                              0x00000000   Number         0  stubs.o ABSOLUTE
    _printf_llx                              0x00000000   Number         0  stubs.o ABSOLUTE
    _printf_longlong_dec                     0x00000000   Number         0  stubs.o ABSOLUTE
    _printf_longlong_hex                     0x00000000   Number         0  stubs.o ABSOLUTE
    _printf_longlong_oct                     0x00000000   Number         0  stubs.o ABSOLUTE
    _printf_ls                               0x00000000   Number         0  stubs.o ABSOLUTE
    _printf_mbtowc                           0x00000000   Number         0  stubs.o ABSOLUTE
    _printf_n                                0x00000000   Number         0  stubs.o ABSOLUTE
    _printf_o                                0x00000000   Number         0  stubs.o ABSOLUTE
    _printf_p                                0x00000000   Number         0  stubs.o ABSOLUTE
    _printf_percent                          0x00000000   Number         0  stubs.o ABSOLUTE
    _printf_pre_padding                      0x00000000   Number         0  stubs.o ABSOLUTE
    _printf_return_value                     0x00000000   Number         0  stubs.o ABSOLUTE
    _printf_s                                0x00000000   Number         0  stubs.o ABSOLUTE
    _printf_sizespec                         0x00000000   Number         0  stubs.o ABSOLUTE
    _printf_str                              0x00000000   Number         0  stubs.o ABSOLUTE
    _printf_truncate_signed                  0x00000000   Number         0  stubs.o ABSOLUTE
    _printf_truncate_unsigned                0x00000000   Number         0  stubs.o ABSOLUTE
    _printf_u                                0x00000000   Number         0  stubs.o ABSOLUTE
    _printf_wc                               0x00000000   Number         0  stubs.o ABSOLUTE
    _printf_wctomb                           0x00000000   Number         0  stubs.o ABSOLUTE
    _printf_widthprec                        0x00000000   Number         0  stubs.o ABSOLUTE
    _printf_x                                0x00000000   Number         0  stubs.o ABSOLUTE
    __cpp_initialize__aeabi_                  - Undefined Weak Reference
    __cxa_finalize                            - Undefined Weak Reference
    __decompress                              - Undefined Weak Reference
    _clock_init                               - Undefined Weak Reference
    _microlib_exit                            - Undefined Weak Reference
    __Vectors_Size                           0x00000188   Number         0  startup_stm32f407xx.o ABSOLUTE
    __Vectors                                0x08000000   Data           4  startup_stm32f407xx.o(RESET)
    __Vectors_End                            0x08000188   Data           0  startup_stm32f407xx.o(RESET)
    __main                                   0x08000189   Thumb Code     0  entry.o(.ARM.Collect$$$$00000000)
    _main_stk                                0x08000189   Thumb Code     0  entry2.o(.ARM.Collect$$$$00000001)
    _main_scatterload                        0x0800018d   Thumb Code     0  entry5.o(.ARM.Collect$$$$00000004)
    __main_after_scatterload                 0x08000191   Thumb Code     0  entry5.o(.ARM.Collect$$$$00000004)
    _main_clock                              0x08000191   Thumb Code     0  entry7b.o(.ARM.Collect$$$$00000008)
    _main_cpp_init                           0x08000191   Thumb Code     0  entry8b.o(.ARM.Collect$$$$0000000A)
    _main_init                               0x08000191   Thumb Code     0  entry9a.o(.ARM.Collect$$$$0000000B)
    __rt_final_cpp                           0x08000199   Thumb Code     0  entry10a.o(.ARM.Collect$$$$0000000D)
    __rt_final_exit                          0x08000199   Thumb Code     0  entry11a.o(.ARM.Collect$$$$0000000F)
    Reset_Handler                            0x0800019d   Thumb Code    18  startup_stm32f407xx.o(.text)
    CAN1_RX0_IRQHandler                      0x080001c1   Thumb Code     0  startup_stm32f407xx.o(.text)
    CAN1_RX1_IRQHandler                      0x080001c1   Thumb Code     0  startup_stm32f407xx.o(.text)
    CAN1_SCE_IRQHandler                      0x080001c1   Thumb Code     0  startup_stm32f407xx.o(.text)
    CAN1_TX_IRQHandler                       0x080001c1   Thumb Code     0  startup_stm32f407xx.o(.text)
    CAN2_RX0_IRQHandler                      0x080001c1   Thumb Code     0  startup_stm32f407xx.o(.text)
    CAN2_RX1_IRQHandler                      0x080001c1   Thumb Code     0  startup_stm32f407xx.o(.text)
    CAN2_SCE_IRQHandler                      0x080001c1   Thumb Code     0  startup_stm32f407xx.o(.text)
    CAN2_TX_IRQHandler                       0x080001c1   Thumb Code     0  startup_stm32f407xx.o(.text)
    DCMI_IRQHandler                          0x080001c1   Thumb Code     0  startup_stm32f407xx.o(.text)
    DMA1_Stream0_IRQHandler                  0x080001c1   Thumb Code     0  startup_stm32f407xx.o(.text)
    DMA1_Stream1_IRQHandler                  0x080001c1   Thumb Code     0  startup_stm32f407xx.o(.text)
    DMA1_Stream2_IRQHandler                  0x080001c1   Thumb Code     0  startup_stm32f407xx.o(.text)
    DMA1_Stream3_IRQHandler                  0x080001c1   Thumb Code     0  startup_stm32f407xx.o(.text)
    DMA1_Stream4_IRQHandler                  0x080001c1   Thumb Code     0  startup_stm32f407xx.o(.text)
    DMA1_Stream7_IRQHandler                  0x080001c1   Thumb Code     0  startup_stm32f407xx.o(.text)
    DMA2_Stream4_IRQHandler                  0x080001c1   Thumb Code     0  startup_stm32f407xx.o(.text)
    DMA2_Stream6_IRQHandler                  0x080001c1   Thumb Code     0  startup_stm32f407xx.o(.text)
    ETH_IRQHandler                           0x080001c1   Thumb Code     0  startup_stm32f407xx.o(.text)
    ETH_WKUP_IRQHandler                      0x080001c1   Thumb Code     0  startup_stm32f407xx.o(.text)
    EXTI0_IRQHandler                         0x080001c1   Thumb Code     0  startup_stm32f407xx.o(.text)
    EXTI15_10_IRQHandler                     0x080001c1   Thumb Code     0  startup_stm32f407xx.o(.text)
    EXTI1_IRQHandler                         0x080001c1   Thumb Code     0  startup_stm32f407xx.o(.text)
    EXTI2_IRQHandler                         0x080001c1   Thumb Code     0  startup_stm32f407xx.o(.text)
    EXTI3_IRQHandler                         0x080001c1   Thumb Code     0  startup_stm32f407xx.o(.text)
    EXTI4_IRQHandler                         0x080001c1   Thumb Code     0  startup_stm32f407xx.o(.text)
    EXTI9_5_IRQHandler                       0x080001c1   Thumb Code     0  startup_stm32f407xx.o(.text)
    FLASH_IRQHandler                         0x080001c1   Thumb Code     0  startup_stm32f407xx.o(.text)
    FMC_IRQHandler                           0x080001c1   Thumb Code     0  startup_stm32f407xx.o(.text)
    FPU_IRQHandler                           0x080001c1   Thumb Code     0  startup_stm32f407xx.o(.text)
    HASH_RNG_IRQHandler                      0x080001c1   Thumb Code     0  startup_stm32f407xx.o(.text)
    I2C2_ER_IRQHandler                       0x080001c1   Thumb Code     0  startup_stm32f407xx.o(.text)
    I2C2_EV_IRQHandler                       0x080001c1   Thumb Code     0  startup_stm32f407xx.o(.text)
    I2C3_ER_IRQHandler                       0x080001c1   Thumb Code     0  startup_stm32f407xx.o(.text)
    I2C3_EV_IRQHandler                       0x080001c1   Thumb Code     0  startup_stm32f407xx.o(.text)
    OTG_FS_IRQHandler                        0x080001c1   Thumb Code     0  startup_stm32f407xx.o(.text)
    OTG_FS_WKUP_IRQHandler                   0x080001c1   Thumb Code     0  startup_stm32f407xx.o(.text)
    OTG_HS_EP1_IN_IRQHandler                 0x080001c1   Thumb Code     0  startup_stm32f407xx.o(.text)
    OTG_HS_EP1_OUT_IRQHandler                0x080001c1   Thumb Code     0  startup_stm32f407xx.o(.text)
    OTG_HS_IRQHandler                        0x080001c1   Thumb Code     0  startup_stm32f407xx.o(.text)
    OTG_HS_WKUP_IRQHandler                   0x080001c1   Thumb Code     0  startup_stm32f407xx.o(.text)
    PVD_IRQHandler                           0x080001c1   Thumb Code     0  startup_stm32f407xx.o(.text)
    RCC_IRQHandler                           0x080001c1   Thumb Code     0  startup_stm32f407xx.o(.text)
    RTC_Alarm_IRQHandler                     0x080001c1   Thumb Code     0  startup_stm32f407xx.o(.text)
    RTC_WKUP_IRQHandler                      0x080001c1   Thumb Code     0  startup_stm32f407xx.o(.text)
    SDIO_IRQHandler                          0x080001c1   Thumb Code     0  startup_stm32f407xx.o(.text)
    SPI2_IRQHandler                          0x080001c1   Thumb Code     0  startup_stm32f407xx.o(.text)
    SPI3_IRQHandler                          0x080001c1   Thumb Code     0  startup_stm32f407xx.o(.text)
    TAMP_STAMP_IRQHandler                    0x080001c1   Thumb Code     0  startup_stm32f407xx.o(.text)
    TIM1_CC_IRQHandler                       0x080001c1   Thumb Code     0  startup_stm32f407xx.o(.text)
    TIM1_TRG_COM_TIM11_IRQHandler            0x080001c1   Thumb Code     0  startup_stm32f407xx.o(.text)
    TIM1_UP_TIM10_IRQHandler                 0x080001c1   Thumb Code     0  startup_stm32f407xx.o(.text)
    TIM2_IRQHandler                          0x080001c1   Thumb Code     0  startup_stm32f407xx.o(.text)
    TIM3_IRQHandler                          0x080001c1   Thumb Code     0  startup_stm32f407xx.o(.text)
    TIM4_IRQHandler                          0x080001c1   Thumb Code     0  startup_stm32f407xx.o(.text)
    TIM5_IRQHandler                          0x080001c1   Thumb Code     0  startup_stm32f407xx.o(.text)
    TIM7_IRQHandler                          0x080001c1   Thumb Code     0  startup_stm32f407xx.o(.text)
    TIM8_BRK_TIM12_IRQHandler                0x080001c1   Thumb Code     0  startup_stm32f407xx.o(.text)
    TIM8_CC_IRQHandler                       0x080001c1   Thumb Code     0  startup_stm32f407xx.o(.text)
    TIM8_TRG_COM_TIM14_IRQHandler            0x080001c1   Thumb Code     0  startup_stm32f407xx.o(.text)
    TIM8_UP_TIM13_IRQHandler                 0x080001c1   Thumb Code     0  startup_stm32f407xx.o(.text)
    UART4_IRQHandler                         0x080001c1   Thumb Code     0  startup_stm32f407xx.o(.text)
    UART5_IRQHandler                         0x080001c1   Thumb Code     0  startup_stm32f407xx.o(.text)
    USART2_IRQHandler                        0x080001c1   Thumb Code     0  startup_stm32f407xx.o(.text)
    USART3_IRQHandler                        0x080001c1   Thumb Code     0  startup_stm32f407xx.o(.text)
    USART6_IRQHandler                        0x080001c1   Thumb Code     0  startup_stm32f407xx.o(.text)
    __aeabi_uldivmod                         0x080001d1   Thumb Code    98  uldiv.o(.text)
    __aeabi_memset                           0x08000233   Thumb Code    14  memseta.o(.text)
    __aeabi_memset4                          0x08000233   Thumb Code     0  memseta.o(.text)
    __aeabi_memset8                          0x08000233   Thumb Code     0  memseta.o(.text)
    __aeabi_memclr                           0x08000241   Thumb Code     4  memseta.o(.text)
    __aeabi_memclr4                          0x08000241   Thumb Code     0  memseta.o(.text)
    __aeabi_memclr8                          0x08000241   Thumb Code     0  memseta.o(.text)
    _memset$wrapper                          0x08000245   Thumb Code    18  memseta.o(.text)
    __aeabi_uidiv                            0x08000257   Thumb Code     0  uidiv.o(.text)
    __aeabi_uidivmod                         0x08000257   Thumb Code    44  uidiv.o(.text)
    __aeabi_llsl                             0x08000283   Thumb Code    30  llshl.o(.text)
    _ll_shift_l                              0x08000283   Thumb Code     0  llshl.o(.text)
    __aeabi_llsr                             0x080002a1   Thumb Code    32  llushr.o(.text)
    _ll_ushift_r                             0x080002a1   Thumb Code     0  llushr.o(.text)
    __scatterload                            0x080002c1   Thumb Code    28  init.o(.text)
    __scatterload_rt2                        0x080002c1   Thumb Code     0  init.o(.text)
    ADC_IRQHandler                           0x0800038d   Thumb Code    10  adc.o(i.ADC_IRQHandler)
    BusFault_Handler                         0x080004fd   Thumb Code     4  stm32f4xx_it.o(i.BusFault_Handler)
    DHT11_Data_Handle                        0x08000501   Thumb Code   212  timer_capture.o(i.DHT11_Data_Handle)
    DHT11_Get_Temp_Humi_Start                0x080005dd   Thumb Code    44  timer_capture.o(i.DHT11_Get_Temp_Humi_Start)
    DHT11_Get_Temp_Humi_Stop                 0x08000621   Thumb Code    56  timer_capture.o(i.DHT11_Get_Temp_Humi_Stop)
    DHT11_Loop_Handle                        0x0800065d   Thumb Code    62  timer_capture.o(i.DHT11_Loop_Handle)
    DHT11_StartCapture_Callback              0x080006bd   Thumb Code    20  timer_capture.o(i.DHT11_StartCapture_Callback)
    DHT11_Wait_DataBack                      0x080006d9   Thumb Code    78  timer_capture.o(i.DHT11_Wait_DataBack)
    DMA1_Stream5_IRQHandler                  0x08000735   Thumb Code    10  iic.o(i.DMA1_Stream5_IRQHandler)
    DMA1_Stream6_IRQHandler                  0x08000745   Thumb Code    10  iic.o(i.DMA1_Stream6_IRQHandler)
    DMA2_Stream0_IRQHandler                  0x08000755   Thumb Code    10  adc.o(i.DMA2_Stream0_IRQHandler)
    DMA2_Stream1_IRQHandler                  0x08000765   Thumb Code    10  adc.o(i.DMA2_Stream1_IRQHandler)
    DMA2_Stream2_IRQHandler                  0x08000775   Thumb Code    10  spi.o(i.DMA2_Stream2_IRQHandler)
    DMA2_Stream3_IRQHandler                  0x08000785   Thumb Code    10  spi.o(i.DMA2_Stream3_IRQHandler)
    DMA2_Stream5_IRQHandler                  0x08000795   Thumb Code    10  stm32f4xx_it.o(i.DMA2_Stream5_IRQHandler)
    DMA2_Stream7_IRQHandler                  0x080007a5   Thumb Code    10  stm32f4xx_it.o(i.DMA2_Stream7_IRQHandler)
    DebugMon_Handler                         0x080008bf   Thumb Code     2  stm32f4xx_it.o(i.DebugMon_Handler)
    HAL_ADCEx_InjectedConvCpltCallback       0x080008c1   Thumb Code     2  stm32f4xx_hal_adc_ex.o(i.HAL_ADCEx_InjectedConvCpltCallback)
    HAL_ADC_ConfigChannel                    0x080008c5   Thumb Code   380  stm32f4xx_hal_adc.o(i.HAL_ADC_ConfigChannel)
    HAL_ADC_ConvCpltCallback                 0x08000a51   Thumb Code    34  adc.o(i.HAL_ADC_ConvCpltCallback)
    HAL_ADC_ConvHalfCpltCallback             0x08000a81   Thumb Code     2  stm32f4xx_hal_adc.o(i.HAL_ADC_ConvHalfCpltCallback)
    HAL_ADC_ErrorCallback                    0x08000a83   Thumb Code     2  stm32f4xx_hal_adc.o(i.HAL_ADC_ErrorCallback)
    HAL_ADC_IRQHandler                       0x08000a85   Thumb Code   372  stm32f4xx_hal_adc.o(i.HAL_ADC_IRQHandler)
    HAL_ADC_Init                             0x08000bf9   Thumb Code   100  stm32f4xx_hal_adc.o(i.HAL_ADC_Init)
    HAL_ADC_LevelOutOfWindowCallback         0x08000c61   Thumb Code     2  stm32f4xx_hal_adc.o(i.HAL_ADC_LevelOutOfWindowCallback)
    HAL_ADC_MspInit                          0x08000c65   Thumb Code   420  adc.o(i.HAL_ADC_MspInit)
    HAL_ADC_Start_DMA                        0x08000e31   Thumb Code   398  stm32f4xx_hal_adc.o(i.HAL_ADC_Start_DMA)
    HAL_DMA_Abort                            0x08000fe5   Thumb Code   170  stm32f4xx_hal_dma.o(i.HAL_DMA_Abort)
    HAL_DMA_Abort_IT                         0x0800108f   Thumb Code    40  stm32f4xx_hal_dma.o(i.HAL_DMA_Abort_IT)
    HAL_DMA_GetError                         0x080010b7   Thumb Code     6  stm32f4xx_hal_dma.o(i.HAL_DMA_GetError)
    HAL_DMA_GetState                         0x080010bd   Thumb Code     8  stm32f4xx_hal_dma.o(i.HAL_DMA_GetState)
    HAL_DMA_IRQHandler                       0x080010c5   Thumb Code   570  stm32f4xx_hal_dma.o(i.HAL_DMA_IRQHandler)
    HAL_DMA_Init                             0x08001305   Thumb Code   232  stm32f4xx_hal_dma.o(i.HAL_DMA_Init)
    HAL_DMA_Start_IT                         0x080013f1   Thumb Code   146  stm32f4xx_hal_dma.o(i.HAL_DMA_Start_IT)
    HAL_Delay                                0x08001483   Thumb Code    12  delay.o(i.HAL_Delay)
    HAL_GPIO_Init                            0x08001491   Thumb Code   470  stm32f4xx_hal_gpio.o(i.HAL_GPIO_Init)
    HAL_GPIO_ReadPin                         0x08001695   Thumb Code    16  stm32f4xx_hal_gpio.o(i.HAL_GPIO_ReadPin)
    HAL_GPIO_TogglePin                       0x080016a5   Thumb Code    20  stm32f4xx_hal_gpio.o(i.HAL_GPIO_TogglePin)
    HAL_GPIO_WritePin                        0x080016b9   Thumb Code    12  stm32f4xx_hal_gpio.o(i.HAL_GPIO_WritePin)
    HAL_GetREVID                             0x080016c5   Thumb Code     8  stm32f4xx_hal.o(i.HAL_GetREVID)
    HAL_GetTick                              0x080016d1   Thumb Code     6  stm32f4xx_hal.o(i.HAL_GetTick)
    HAL_I2C_AbortCpltCallback                0x080016dd   Thumb Code     2  stm32f4xx_hal_i2c.o(i.HAL_I2C_AbortCpltCallback)
    HAL_I2C_AddrCallback                     0x080016df   Thumb Code     2  stm32f4xx_hal_i2c.o(i.HAL_I2C_AddrCallback)
    HAL_I2C_ER_IRQHandler                    0x080016e1   Thumb Code   212  stm32f4xx_hal_i2c.o(i.HAL_I2C_ER_IRQHandler)
    HAL_I2C_EV_IRQHandler                    0x080017b5   Thumb Code   468  stm32f4xx_hal_i2c.o(i.HAL_I2C_EV_IRQHandler)
    HAL_I2C_ErrorCallback                    0x08001989   Thumb Code    20  iic.o(i.HAL_I2C_ErrorCallback)
    HAL_I2C_Init                             0x080019a9   Thumb Code   446  stm32f4xx_hal_i2c.o(i.HAL_I2C_Init)
    HAL_I2C_ListenCpltCallback               0x08001b79   Thumb Code     2  stm32f4xx_hal_i2c.o(i.HAL_I2C_ListenCpltCallback)
    HAL_I2C_MasterRxCpltCallback             0x08001b7b   Thumb Code     2  stm32f4xx_hal_i2c.o(i.HAL_I2C_MasterRxCpltCallback)
    HAL_I2C_MasterTxCpltCallback             0x08001b7d   Thumb Code     2  stm32f4xx_hal_i2c.o(i.HAL_I2C_MasterTxCpltCallback)
    HAL_I2C_MemRxCpltCallback                0x08001b81   Thumb Code    26  iic.o(i.HAL_I2C_MemRxCpltCallback)
    HAL_I2C_MemTxCpltCallback                0x08001ba5   Thumb Code    26  iic.o(i.HAL_I2C_MemTxCpltCallback)
    HAL_I2C_Mem_Write_DMA                    0x08001bc9   Thumb Code   520  stm32f4xx_hal_i2c.o(i.HAL_I2C_Mem_Write_DMA)
    HAL_I2C_MspInit                          0x08001de1   Thumb Code   376  iic.o(i.HAL_I2C_MspInit)
    HAL_I2C_SlaveRxCpltCallback              0x08001f75   Thumb Code     2  stm32f4xx_hal_i2c.o(i.HAL_I2C_SlaveRxCpltCallback)
    HAL_I2C_SlaveTxCpltCallback              0x08001f77   Thumb Code     2  stm32f4xx_hal_i2c.o(i.HAL_I2C_SlaveTxCpltCallback)
    HAL_IncTick                              0x08001f79   Thumb Code    16  stm32f4xx_hal.o(i.HAL_IncTick)
    HAL_Init                                 0x08001f91   Thumb Code    44  stm32f4xx_hal.o(i.HAL_Init)
    HAL_InitTick                             0x08001fc1   Thumb Code    64  stm32f4xx_hal.o(i.HAL_InitTick)
    HAL_MspInit                              0x0800200d   Thumb Code     2  stm32f4xx_hal.o(i.HAL_MspInit)
    HAL_NVIC_EnableIRQ                       0x0800200f   Thumb Code    32  stm32f4xx_hal_cortex.o(i.HAL_NVIC_EnableIRQ)
    HAL_NVIC_SetPriority                     0x0800202f   Thumb Code   124  stm32f4xx_hal_cortex.o(i.HAL_NVIC_SetPriority)
    HAL_NVIC_SetPriorityGrouping             0x080020ad   Thumb Code    32  stm32f4xx_hal_cortex.o(i.HAL_NVIC_SetPriorityGrouping)
    HAL_RCC_ClockConfig                      0x080020d5   Thumb Code   368  stm32f4xx_hal_rcc.o(i.HAL_RCC_ClockConfig)
    HAL_RCC_GetHCLKFreq                      0x08002259   Thumb Code     6  stm32f4xx_hal_rcc.o(i.HAL_RCC_GetHCLKFreq)
    HAL_RCC_GetPCLK1Freq                     0x08002265   Thumb Code    22  stm32f4xx_hal_rcc.o(i.HAL_RCC_GetPCLK1Freq)
    HAL_RCC_GetPCLK2Freq                     0x08002285   Thumb Code    22  stm32f4xx_hal_rcc.o(i.HAL_RCC_GetPCLK2Freq)
    HAL_RCC_GetSysClockFreq                  0x080022a5   Thumb Code   162  stm32f4xx_hal_rcc.o(i.HAL_RCC_GetSysClockFreq)
    HAL_RCC_OscConfig                        0x08002355   Thumb Code  1172  stm32f4xx_hal_rcc.o(i.HAL_RCC_OscConfig)
    HAL_SPI_ErrorCallback                    0x080027f1   Thumb Code     2  stm32f4xx_hal_spi.o(i.HAL_SPI_ErrorCallback)
    HAL_SPI_IRQHandler                       0x080027f5   Thumb Code   342  stm32f4xx_hal_spi.o(i.HAL_SPI_IRQHandler)
    HAL_SYSTICK_Config                       0x08002951   Thumb Code    52  stm32f4xx_hal_cortex.o(i.HAL_SYSTICK_Config)
    HAL_TIMEx_BreakCallback                  0x08002985   Thumb Code     2  stm32f4xx_hal_tim_ex.o(i.HAL_TIMEx_BreakCallback)
    HAL_TIMEx_CommutCallback                 0x08002987   Thumb Code     2  stm32f4xx_hal_tim_ex.o(i.HAL_TIMEx_CommutCallback)
    HAL_TIM_Base_Init                        0x08002989   Thumb Code   102  stm32f4xx_hal_tim.o(i.HAL_TIM_Base_Init)
    HAL_TIM_Base_MspInit                     0x080029ef   Thumb Code     2  stm32f4xx_hal_tim.o(i.HAL_TIM_Base_MspInit)
    HAL_TIM_Base_Start_IT                    0x080029f1   Thumb Code   138  stm32f4xx_hal_tim.o(i.HAL_TIM_Base_Start_IT)
    HAL_TIM_IC_CaptureCallback               0x08002a99   Thumb Code   150  timer_capture.o(i.HAL_TIM_IC_CaptureCallback)
    HAL_TIM_IC_ConfigChannel                 0x08002b51   Thumb Code   212  stm32f4xx_hal_tim.o(i.HAL_TIM_IC_ConfigChannel)
    HAL_TIM_IC_Init                          0x08002c25   Thumb Code   102  stm32f4xx_hal_tim.o(i.HAL_TIM_IC_Init)
    HAL_TIM_IC_MspInit                       0x08002c8d   Thumb Code   132  timer_capture.o(i.HAL_TIM_IC_MspInit)
    HAL_TIM_IC_Start_IT                      0x08002d1d   Thumb Code   364  stm32f4xx_hal_tim.o(i.HAL_TIM_IC_Start_IT)
    HAL_TIM_IC_Stop_IT                       0x08002ea5   Thumb Code   214  stm32f4xx_hal_tim.o(i.HAL_TIM_IC_Stop_IT)
    HAL_TIM_IRQHandler                       0x08002f7b   Thumb Code   406  stm32f4xx_hal_tim.o(i.HAL_TIM_IRQHandler)
    HAL_TIM_OC_DelayElapsedCallback          0x08003111   Thumb Code     2  stm32f4xx_hal_tim.o(i.HAL_TIM_OC_DelayElapsedCallback)
    HAL_TIM_PWM_PulseFinishedCallback        0x08003113   Thumb Code     2  stm32f4xx_hal_tim.o(i.HAL_TIM_PWM_PulseFinishedCallback)
    HAL_TIM_PeriodElapsedCallback            0x08003115   Thumb Code   154  timer.o(i.HAL_TIM_PeriodElapsedCallback)
    HAL_TIM_ReadCapturedValue                0x080031c1   Thumb Code    50  stm32f4xx_hal_tim.o(i.HAL_TIM_ReadCapturedValue)
    HAL_TIM_TriggerCallback                  0x080031f3   Thumb Code     2  stm32f4xx_hal_tim.o(i.HAL_TIM_TriggerCallback)
    HAL_UARTEx_ReceiveToIdle_DMA             0x080031f5   Thumb Code   114  stm32f4xx_hal_uart.o(i.HAL_UARTEx_ReceiveToIdle_DMA)
    HAL_UARTEx_RxEventCallback               0x08003269   Thumb Code    56  usart_test.o(i.HAL_UARTEx_RxEventCallback)
    HAL_UART_ErrorCallback                   0x080032b1   Thumb Code     2  stm32f4xx_hal_uart.o(i.HAL_UART_ErrorCallback)
    HAL_UART_IRQHandler                      0x080032b5   Thumb Code   586  stm32f4xx_hal_uart.o(i.HAL_UART_IRQHandler)
    HAL_UART_Init                            0x08003505   Thumb Code   114  stm32f4xx_hal_uart.o(i.HAL_UART_Init)
    HAL_UART_MspInit                         0x08003579   Thumb Code   362  usart_test.o(i.HAL_UART_MspInit)
    HAL_UART_RxCpltCallback                  0x08003701   Thumb Code     2  stm32f4xx_hal_uart.o(i.HAL_UART_RxCpltCallback)
    HAL_UART_RxHalfCpltCallback              0x08003703   Thumb Code     2  stm32f4xx_hal_uart.o(i.HAL_UART_RxHalfCpltCallback)
    HAL_UART_Transmit_DMA                    0x08003705   Thumb Code   142  stm32f4xx_hal_uart.o(i.HAL_UART_Transmit_DMA)
    HAL_UART_TxCpltCallback                  0x080037a1   Thumb Code    16  usart_test.o(i.HAL_UART_TxCpltCallback)
    HAL_UART_TxHalfCpltCallback              0x080037b9   Thumb Code     2  stm32f4xx_hal_uart.o(i.HAL_UART_TxHalfCpltCallback)
    HAL_WWDG_EarlyWakeupCallback             0x080037bd   Thumb Code    72  wwdg.o(i.HAL_WWDG_EarlyWakeupCallback)
    HAL_WWDG_IRQHandler                      0x08003815   Thumb Code    40  stm32f4xx_hal_wwdg.o(i.HAL_WWDG_IRQHandler)
    HAL_WWDG_Init                            0x0800383d   Thumb Code    44  stm32f4xx_hal_wwdg.o(i.HAL_WWDG_Init)
    HAL_WWDG_MspInit                         0x08003869   Thumb Code    62  wwdg.o(i.HAL_WWDG_MspInit)
    HAL_WWDG_Refresh                         0x080038b1   Thumb Code    12  stm32f4xx_hal_wwdg.o(i.HAL_WWDG_Refresh)
    HardFault_Handler                        0x080038bd   Thumb Code     4  stm32f4xx_it.o(i.HardFault_Handler)
    I2C1_ER_IRQHandler                       0x080038c1   Thumb Code    10  iic.o(i.I2C1_ER_IRQHandler)
    I2C1_EV_IRQHandler                       0x080038d1   Thumb Code    10  iic.o(i.I2C1_EV_IRQHandler)
    IIC1_DMA_Init                            0x08004add   Thumb Code    94  iic.o(i.IIC1_DMA_Init)
    Light_AdcDmaCpltCallback                 0x08004b4d   Thumb Code     8  light.o(i.Light_AdcDmaCpltCallback)
    Light_Handle                             0x08004b59   Thumb Code    42  light.o(i.Light_Handle)
    Light_Init                               0x08004b9d   Thumb Code     8  light.o(i.Light_Init)
    Light_TimerCallback                      0x08004ba9   Thumb Code    14  light.o(i.Light_TimerCallback)
    MemManage_Handler                        0x08004bc1   Thumb Code     4  stm32f4xx_it.o(i.MemManage_Handler)
    NMI_Handler                              0x08004bc5   Thumb Code     2  stm32f4xx_it.o(i.NMI_Handler)
    PendSV_Handler                           0x08004bc7   Thumb Code     2  stm32f4xx_it.o(i.PendSV_Handler)
    SPI1_IRQHandler                          0x08004bc9   Thumb Code    10  spi.o(i.SPI1_IRQHandler)
    SVC_Handler                              0x08004bed   Thumb Code     2  stm32f4xx_it.o(i.SVC_Handler)
    SysTick_Handler                          0x08004bef   Thumb Code     8  stm32f4xx_it.o(i.SysTick_Handler)
    SystemInit                               0x08004bf9   Thumb Code    14  system_stm32f4xx.o(i.SystemInit)
    TIM1_BRK_TIM9_IRQHandler                 0x08004c0d   Thumb Code    10  timer_capture.o(i.TIM1_BRK_TIM9_IRQHandler)
    TIM6_DAC_IRQHandler                      0x08004c1d   Thumb Code    10  timer.o(i.TIM6_DAC_IRQHandler)
    TIM_Base_SetConfig                       0x08004c2d   Thumb Code   170  stm32f4xx_hal_tim.o(i.TIM_Base_SetConfig)
    TIM_CCxChannelCmd                        0x08004d05   Thumb Code    34  stm32f4xx_hal_tim.o(i.TIM_CCxChannelCmd)
    TIM_TI1_SetConfig                        0x08004d29   Thumb Code   114  stm32f4xx_hal_tim.o(i.TIM_TI1_SetConfig)
    Timer6_Init                              0x08004e69   Thumb Code   100  timer.o(i.Timer6_Init)
    Timer6_RegisterTask                      0x08004ed9   Thumb Code    94  timer.o(i.Timer6_RegisterTask)
    Timer6_UnRegisterTask                    0x08004f3d   Thumb Code    52  timer.o(i.Timer6_UnRegisterTask)
    UART_Start_Receive_DMA                   0x080053f9   Thumb Code   138  stm32f4xx_hal_uart.o(i.UART_Start_Receive_DMA)
    USART1_IRQHandler                        0x080054f1   Thumb Code    10  stm32f4xx_it.o(i.USART1_IRQHandler)
    UsageFault_Handler                       0x08005501   Thumb Code     4  stm32f4xx_it.o(i.UsageFault_Handler)
    WWDG_IRQHandler                          0x08005505   Thumb Code    10  wwdg.o(i.WWDG_IRQHandler)
    __0sprintf$6                             0x08005515   Thumb Code    34  printf6.o(i.__0sprintf$6)
    __1sprintf$6                             0x08005515   Thumb Code     0  printf6.o(i.__0sprintf$6)
    __2sprintf                               0x08005515   Thumb Code     0  printf6.o(i.__0sprintf$6)
    __scatterload_copy                       0x08005575   Thumb Code    14  handlers.o(i.__scatterload_copy)
    __scatterload_null                       0x08005583   Thumb Code     2  handlers.o(i.__scatterload_null)
    __scatterload_zeroinit                   0x08005585   Thumb Code    14  handlers.o(i.__scatterload_zeroinit)
    adc3_init_dma                            0x080058e1   Thumb Code   120  adc.o(i.adc3_init_dma)
    bsp_key_10ms_scan                        0x08005969   Thumb Code   146  key.o(i.bsp_key_10ms_scan)
    buzzer_hardware_init                     0x08005a09   Thumb Code    58  buzzer.o(i.buzzer_hardware_init)
    delay_init                               0x08005a51   Thumb Code     6  delay.o(i.delay_init)
    delay_ms                                 0x08005a5d   Thumb Code    18  delay.o(i.delay_ms)
    delay_us                                 0x08005a71   Thumb Code    68  delay.o(i.delay_us)
    key_click_handle                         0x08005c75   Thumb Code    30  main.o(i.key_click_handle)
    key_click_register_task                  0x08005cad   Thumb Code     6  key.o(i.key_click_register_task)
    key_double_click_handle                  0x08005cb9   Thumb Code    32  main.o(i.key_double_click_handle)
    key_double_click_register_task           0x08005cf1   Thumb Code     6  key.o(i.key_double_click_register_task)
    key_gpio_init                            0x08005cfd   Thumb Code    60  key.o(i.key_gpio_init)
    key_soft_init                            0x08005d45   Thumb Code    78  key.o(i.key_soft_init)
    led_init                                 0x08005d9d   Thumb Code   146  led.o(i.led_init)
    loop_buffer_available                    0x08005e39   Thumb Code    34  usart_test.o(i.loop_buffer_available)
    loop_buffer_init                         0x08005e5b   Thumb Code    12  usart_test.o(i.loop_buffer_init)
    loop_buffer_next_index                   0x08005e67   Thumb Code    18  usart_test.o(i.loop_buffer_next_index)
    loop_buffer_pop                          0x08005e79   Thumb Code    42  usart_test.o(i.loop_buffer_pop)
    loop_buffer_push                         0x08005ea3   Thumb Code    38  usart_test.o(i.loop_buffer_push)
    loop_buffer_push_array                   0x08005ec9   Thumb Code    40  usart_test.o(i.loop_buffer_push_array)
    main                                     0x08005ef1   Thumb Code   126  main.o(i.main)
    modbus_handle                            0x08005f85   Thumb Code    62  modbus.o(i.modbus_handle)
    modbus_init                              0x08005fd1   Thumb Code    16  modbus.o(i.modbus_init)
    modbus_loop_buffer_available             0x08005fe1   Thumb Code    10  usart_test.o(i.modbus_loop_buffer_available)
    modbus_loop_buffer_init                  0x08005ff1   Thumb Code    14  usart_test.o(i.modbus_loop_buffer_init)
    modbus_loop_buffer_read                  0x08006009   Thumb Code    14  usart_test.o(i.modbus_loop_buffer_read)
    my_usart_transmit_data                   0x0800601d   Thumb Code    18  usart_test.o(i.my_usart_transmit_data)
    sys_stm32_clock_init                     0x08006071   Thumb Code   208  sys.o(i.sys_stm32_clock_init)
    temp_humi_Capture_Init                   0x0800614d   Thumb Code   106  timer_capture.o(i.temp_humi_Capture_Init)
    temp_humi_capture_gpio_init              0x080061c9   Thumb Code    68  timer_capture.o(i.temp_humi_capture_gpio_init)
    temp_humi_gpio_ouput                     0x08006215   Thumb Code    64  temp_humi.o(i.temp_humi_gpio_ouput)
    temp_iic_write_data                      0x0800625d   Thumb Code    50  main.o(i.temp_iic_write_data)
    usart_test_dma_init                      0x0800629d   Thumb Code    96  usart_test.o(i.usart_test_dma_init)
    wwdg_init                                0x0800630d   Thumb Code    72  wwdg.o(i.wwdg_init)
    AHBPrescTable                            0x08006360   Data          16  system_stm32f4xx.o(.constdata)
    APBPrescTable                            0x08006370   Data           8  system_stm32f4xx.o(.constdata)
    Region$$Table$$Base                      0x08006380   Number         0  anon$$obj.o(Region$$Table)
    Region$$Table$$Limit                     0x080063a0   Number         0  anon$$obj.o(Region$$Table)
    Flag_IIC_SendDone                        0x20000000   Data           1  main.o(.data)
    Flag_IIC_ReadDone                        0x20000001   Data           1  main.o(.data)
    temp_adc_value                           0x20000004   Data           4  main.o(.data)
    flag_adc_get_done                        0x20000008   Data           1  main.o(.data)
    Light_Loop_Time                          0x20000009   Data           1  main.o(.data)
    usart_send_done                          0x2000000a   Data           1  main.o(.data)
    main_nihao_print_count                   0x2000000b   Data           1  main.o(.data)
    SystemCoreClock                          0x20000018   Data           4  system_stm32f4xx.o(.data)
    uwTick                                   0x20000020   Data           4  stm32f4xx_hal.o(.data)
    uwTickPrio                               0x20000024   Data           4  stm32f4xx_hal.o(.data)
    uwTickFreq                               0x20000028   Data           1  stm32f4xx_hal.o(.data)
    modbus_receive_count                     0x2000002a   Data           2  modbus.o(.data)
    modbus_receive_flag_done                 0x2000002c   Data           1  modbus.o(.data)
    DHT11_Capture_Done                       0x20000036   Data           1  timer_capture.o(.data)
    DHT11_Edge_Count                         0x20000038   Data           2  timer_capture.o(.data)
    Timer_Wait_DHT11Back_HandleFlag          0x2000003d   Data           1  timer_capture.o(.data)
    spi1_handletypedef                       0x20000070   Data          88  spi.o(.bss)
    spi1_tx                                  0x200000c8   Data          96  spi.o(.bss)
    spi1_rx                                  0x20000128   Data          96  spi.o(.bss)
    IIC1_handle                              0x20000188   Data          84  iic.o(.bss)
    IIC1_TX_DMAHandle                        0x200001dc   Data          96  iic.o(.bss)
    IIC1_RX_DMAHandle                        0x2000023c   Data          96  iic.o(.bss)
    usart_handle                             0x2000029c   Data          68  usart_test.o(.bss)
    usart_rx_handle                          0x200002e0   Data          96  usart_test.o(.bss)
    usart_tx_handle                          0x20000340   Data          96  usart_test.o(.bss)
    modbus_recieve_struct                    0x200003a0   Data          12  usart_test.o(.bss)
    modbus_receive_buffer                    0x200003ac   Data         128  usart_test.o(.bss)
    usart_rx_buffer                          0x2000042c   Data         128  usart_test.o(.bss)
    dma_adc_handle                           0x200004ac   Data          96  adc.o(.bss)
    adc_handle                               0x2000050c   Data          72  adc.o(.bss)
    dma_adc3_handle                          0x20000554   Data          96  adc.o(.bss)
    adc3_handle                              0x200005b4   Data          72  adc.o(.bss)
    modbus_handle_buffer                     0x200005fc   Data         128  modbus.o(.bss)
    wwdg_handle                              0x2000067c   Data          20  wwdg.o(.bss)
    timer6_handle                            0x200006b0   Data          72  timer.o(.bss)
    TIM9_Handle                              0x20000770   Data          72  timer_capture.o(.bss)
    TIM9_Channel_Handle                      0x200007b8   Data          16  timer_capture.o(.bss)
    led_gpio_init_struct                     0x20000950   Data          20  key.o(.bss)
    key_params                               0x20000964   Data          48  key.o(.bss)
    buzzer_gpio_init                         0x20000994   Data          20  buzzer.o(.bss)
    __initial_sp                             0x20000da8   Data           0  startup_stm32f407xx.o(STACK)



==============================================================================

Memory Map of the image

  Image Entry point : 0x08000189

  Load Region LR_IROM1 (Base: 0x08000000, Size: 0x000063e8, Max: 0x00100000, ABSOLUTE)

    Execution Region ER_IROM1 (Exec base: 0x08000000, Load base: 0x08000000, Size: 0x000063a0, Max: 0x00100000, ABSOLUTE)

    Exec Addr    Load Addr    Size         Type   Attr      Idx    E Section Name        Object

    0x08000000   0x08000000   0x00000188   Data   RO            3    RESET               startup_stm32f407xx.o
    0x08000188   0x08000188   0x00000000   Code   RO         5324  * .ARM.Collect$$$$00000000  mc_w.l(entry.o)
    0x08000188   0x08000188   0x00000004   Code   RO         5592    .ARM.Collect$$$$00000001  mc_w.l(entry2.o)
    0x0800018c   0x0800018c   0x00000004   Code   RO         5595    .ARM.Collect$$$$00000004  mc_w.l(entry5.o)
    0x08000190   0x08000190   0x00000000   Code   RO         5597    .ARM.Collect$$$$00000008  mc_w.l(entry7b.o)
    0x08000190   0x08000190   0x00000000   Code   RO         5599    .ARM.Collect$$$$0000000A  mc_w.l(entry8b.o)
    0x08000190   0x08000190   0x00000008   Code   RO         5600    .ARM.Collect$$$$0000000B  mc_w.l(entry9a.o)
    0x08000198   0x08000198   0x00000000   Code   RO         5602    .ARM.Collect$$$$0000000D  mc_w.l(entry10a.o)
    0x08000198   0x08000198   0x00000000   Code   RO         5604    .ARM.Collect$$$$0000000F  mc_w.l(entry11a.o)
    0x08000198   0x08000198   0x00000004   Code   RO         5593    .ARM.Collect$$$$00002712  mc_w.l(entry2.o)
    0x0800019c   0x0800019c   0x00000034   Code   RO            4    .text               startup_stm32f407xx.o
    0x080001d0   0x080001d0   0x00000062   Code   RO         5327    .text               mc_w.l(uldiv.o)
    0x08000232   0x08000232   0x00000024   Code   RO         5329    .text               mc_w.l(memseta.o)
    0x08000256   0x08000256   0x0000002c   Code   RO         5606    .text               mc_w.l(uidiv.o)
    0x08000282   0x08000282   0x0000001e   Code   RO         5608    .text               mc_w.l(llshl.o)
    0x080002a0   0x080002a0   0x00000020   Code   RO         5610    .text               mc_w.l(llushr.o)
    0x080002c0   0x080002c0   0x00000024   Code   RO         5623    .text               mc_w.l(init.o)
    0x080002e4   0x080002e4   0x0000007e   Code   RO         3189    i.ADC_DMAConvCplt   stm32f4xx_hal_adc.o
    0x08000362   0x08000362   0x0000001a   Code   RO         3190    i.ADC_DMAError      stm32f4xx_hal_adc.o
    0x0800037c   0x0800037c   0x0000000e   Code   RO         3191    i.ADC_DMAHalfConvCplt  stm32f4xx_hal_adc.o
    0x0800038a   0x0800038a   0x00000002   PAD
    0x0800038c   0x0800038c   0x00000010   Code   RO         4844    i.ADC_IRQHandler    adc.o
    0x0800039c   0x0800039c   0x00000160   Code   RO         3192    i.ADC_Init          stm32f4xx_hal_adc.o
    0x080004fc   0x080004fc   0x00000004   Code   RO          314    i.BusFault_Handler  stm32f4xx_it.o
    0x08000500   0x08000500   0x000000dc   Code   RO         5149    i.DHT11_Data_Handle  timer_capture.o
    0x080005dc   0x080005dc   0x00000044   Code   RO         5150    i.DHT11_Get_Temp_Humi_Start  timer_capture.o
    0x08000620   0x08000620   0x0000003c   Code   RO         5151    i.DHT11_Get_Temp_Humi_Stop  timer_capture.o
    0x0800065c   0x0800065c   0x00000060   Code   RO         5152    i.DHT11_Loop_Handle  timer_capture.o
    0x080006bc   0x080006bc   0x0000001c   Code   RO         5153    i.DHT11_StartCapture_Callback  timer_capture.o
    0x080006d8   0x080006d8   0x0000005c   Code   RO         5154    i.DHT11_Wait_DataBack  timer_capture.o
    0x08000734   0x08000734   0x00000010   Code   RO         4592    i.DMA1_Stream5_IRQHandler  iic.o
    0x08000744   0x08000744   0x00000010   Code   RO         4593    i.DMA1_Stream6_IRQHandler  iic.o
    0x08000754   0x08000754   0x00000010   Code   RO         4845    i.DMA2_Stream0_IRQHandler  adc.o
    0x08000764   0x08000764   0x00000010   Code   RO         4846    i.DMA2_Stream1_IRQHandler  adc.o
    0x08000774   0x08000774   0x00000010   Code   RO         4520    i.DMA2_Stream2_IRQHandler  spi.o
    0x08000784   0x08000784   0x00000010   Code   RO         4521    i.DMA2_Stream3_IRQHandler  spi.o
    0x08000794   0x08000794   0x00000010   Code   RO          315    i.DMA2_Stream5_IRQHandler  stm32f4xx_it.o
    0x080007a4   0x080007a4   0x00000010   Code   RO          316    i.DMA2_Stream7_IRQHandler  stm32f4xx_it.o
    0x080007b4   0x080007b4   0x00000034   Code   RO          941    i.DMA_CalcBaseAndBitshift  stm32f4xx_hal_dma.o
    0x080007e8   0x080007e8   0x000000aa   Code   RO          942    i.DMA_CheckFifoParam  stm32f4xx_hal_dma.o
    0x08000892   0x08000892   0x0000002c   Code   RO          943    i.DMA_SetConfig     stm32f4xx_hal_dma.o
    0x080008be   0x080008be   0x00000002   Code   RO          317    i.DebugMon_Handler  stm32f4xx_it.o
    0x080008c0   0x080008c0   0x00000002   Code   RO         3363    i.HAL_ADCEx_InjectedConvCpltCallback  stm32f4xx_hal_adc_ex.o
    0x080008c2   0x080008c2   0x00000002   PAD
    0x080008c4   0x080008c4   0x0000018c   Code   RO         3194    i.HAL_ADC_ConfigChannel  stm32f4xx_hal_adc.o
    0x08000a50   0x08000a50   0x00000030   Code   RO         4847    i.HAL_ADC_ConvCpltCallback  adc.o
    0x08000a80   0x08000a80   0x00000002   Code   RO         3196    i.HAL_ADC_ConvHalfCpltCallback  stm32f4xx_hal_adc.o
    0x08000a82   0x08000a82   0x00000002   Code   RO         3198    i.HAL_ADC_ErrorCallback  stm32f4xx_hal_adc.o
    0x08000a84   0x08000a84   0x00000174   Code   RO         3202    i.HAL_ADC_IRQHandler  stm32f4xx_hal_adc.o
    0x08000bf8   0x08000bf8   0x00000068   Code   RO         3203    i.HAL_ADC_Init      stm32f4xx_hal_adc.o
    0x08000c60   0x08000c60   0x00000002   Code   RO         3204    i.HAL_ADC_LevelOutOfWindowCallback  stm32f4xx_hal_adc.o
    0x08000c62   0x08000c62   0x00000002   PAD
    0x08000c64   0x08000c64   0x000001cc   Code   RO         4848    i.HAL_ADC_MspInit   adc.o
    0x08000e30   0x08000e30   0x000001b4   Code   RO         3210    i.HAL_ADC_Start_DMA  stm32f4xx_hal_adc.o
    0x08000fe4   0x08000fe4   0x000000aa   Code   RO          944    i.HAL_DMA_Abort     stm32f4xx_hal_dma.o
    0x0800108e   0x0800108e   0x00000028   Code   RO          945    i.HAL_DMA_Abort_IT  stm32f4xx_hal_dma.o
    0x080010b6   0x080010b6   0x00000006   Code   RO          947    i.HAL_DMA_GetError  stm32f4xx_hal_dma.o
    0x080010bc   0x080010bc   0x00000008   Code   RO          948    i.HAL_DMA_GetState  stm32f4xx_hal_dma.o
    0x080010c4   0x080010c4   0x00000240   Code   RO          949    i.HAL_DMA_IRQHandler  stm32f4xx_hal_dma.o
    0x08001304   0x08001304   0x000000ec   Code   RO          950    i.HAL_DMA_Init      stm32f4xx_hal_dma.o
    0x080013f0   0x080013f0   0x00000092   Code   RO          954    i.HAL_DMA_Start_IT  stm32f4xx_hal_dma.o
    0x08001482   0x08001482   0x0000000c   Code   RO          445    i.HAL_Delay         delay.o
    0x0800148e   0x0800148e   0x00000002   PAD
    0x08001490   0x08001490   0x00000204   Code   RO         1050    i.HAL_GPIO_Init     stm32f4xx_hal_gpio.o
    0x08001694   0x08001694   0x00000010   Code   RO         1052    i.HAL_GPIO_ReadPin  stm32f4xx_hal_gpio.o
    0x080016a4   0x080016a4   0x00000014   Code   RO         1053    i.HAL_GPIO_TogglePin  stm32f4xx_hal_gpio.o
    0x080016b8   0x080016b8   0x0000000c   Code   RO         1054    i.HAL_GPIO_WritePin  stm32f4xx_hal_gpio.o
    0x080016c4   0x080016c4   0x0000000c   Code   RO          627    i.HAL_GetREVID      stm32f4xx_hal.o
    0x080016d0   0x080016d0   0x0000000c   Code   RO          628    i.HAL_GetTick       stm32f4xx_hal.o
    0x080016dc   0x080016dc   0x00000002   Code   RO         2459    i.HAL_I2C_AbortCpltCallback  stm32f4xx_hal_i2c.o
    0x080016de   0x080016de   0x00000002   Code   RO         2460    i.HAL_I2C_AddrCallback  stm32f4xx_hal_i2c.o
    0x080016e0   0x080016e0   0x000000d4   Code   RO         2463    i.HAL_I2C_ER_IRQHandler  stm32f4xx_hal_i2c.o
    0x080017b4   0x080017b4   0x000001d4   Code   RO         2464    i.HAL_I2C_EV_IRQHandler  stm32f4xx_hal_i2c.o
    0x08001988   0x08001988   0x00000020   Code   RO         4594    i.HAL_I2C_ErrorCallback  iic.o
    0x080019a8   0x080019a8   0x000001d0   Code   RO         2470    i.HAL_I2C_Init      stm32f4xx_hal_i2c.o
    0x08001b78   0x08001b78   0x00000002   Code   RO         2472    i.HAL_I2C_ListenCpltCallback  stm32f4xx_hal_i2c.o
    0x08001b7a   0x08001b7a   0x00000002   Code   RO         2473    i.HAL_I2C_MasterRxCpltCallback  stm32f4xx_hal_i2c.o
    0x08001b7c   0x08001b7c   0x00000002   Code   RO         2474    i.HAL_I2C_MasterTxCpltCallback  stm32f4xx_hal_i2c.o
    0x08001b7e   0x08001b7e   0x00000002   PAD
    0x08001b80   0x08001b80   0x00000024   Code   RO         4595    i.HAL_I2C_MemRxCpltCallback  iic.o
    0x08001ba4   0x08001ba4   0x00000024   Code   RO         4596    i.HAL_I2C_MemTxCpltCallback  iic.o
    0x08001bc8   0x08001bc8   0x00000218   Code   RO         2492    i.HAL_I2C_Mem_Write_DMA  stm32f4xx_hal_i2c.o
    0x08001de0   0x08001de0   0x00000194   Code   RO         4597    i.HAL_I2C_MspInit   iic.o
    0x08001f74   0x08001f74   0x00000002   Code   RO         2496    i.HAL_I2C_SlaveRxCpltCallback  stm32f4xx_hal_i2c.o
    0x08001f76   0x08001f76   0x00000002   Code   RO         2497    i.HAL_I2C_SlaveTxCpltCallback  stm32f4xx_hal_i2c.o
    0x08001f78   0x08001f78   0x00000018   Code   RO          634    i.HAL_IncTick       stm32f4xx_hal.o
    0x08001f90   0x08001f90   0x00000030   Code   RO          635    i.HAL_Init          stm32f4xx_hal.o
    0x08001fc0   0x08001fc0   0x0000004c   Code   RO          636    i.HAL_InitTick      stm32f4xx_hal.o
    0x0800200c   0x0800200c   0x00000002   Code   RO          638    i.HAL_MspInit       stm32f4xx_hal.o
    0x0800200e   0x0800200e   0x00000020   Code   RO          806    i.HAL_NVIC_EnableIRQ  stm32f4xx_hal_cortex.o
    0x0800202e   0x0800202e   0x0000007c   Code   RO          812    i.HAL_NVIC_SetPriority  stm32f4xx_hal_cortex.o
    0x080020aa   0x080020aa   0x00000002   PAD
    0x080020ac   0x080020ac   0x00000028   Code   RO          813    i.HAL_NVIC_SetPriorityGrouping  stm32f4xx_hal_cortex.o
    0x080020d4   0x080020d4   0x00000184   Code   RO         1114    i.HAL_RCC_ClockConfig  stm32f4xx_hal_rcc.o
    0x08002258   0x08002258   0x0000000c   Code   RO         1119    i.HAL_RCC_GetHCLKFreq  stm32f4xx_hal_rcc.o
    0x08002264   0x08002264   0x00000020   Code   RO         1121    i.HAL_RCC_GetPCLK1Freq  stm32f4xx_hal_rcc.o
    0x08002284   0x08002284   0x00000020   Code   RO         1122    i.HAL_RCC_GetPCLK2Freq  stm32f4xx_hal_rcc.o
    0x080022a4   0x080022a4   0x000000b0   Code   RO         1123    i.HAL_RCC_GetSysClockFreq  stm32f4xx_hal_rcc.o
    0x08002354   0x08002354   0x0000049c   Code   RO         1126    i.HAL_RCC_OscConfig  stm32f4xx_hal_rcc.o
    0x080027f0   0x080027f0   0x00000002   Code   RO         2124    i.HAL_SPI_ErrorCallback  stm32f4xx_hal_spi.o
    0x080027f2   0x080027f2   0x00000002   PAD
    0x080027f4   0x080027f4   0x0000015c   Code   RO         2127    i.HAL_SPI_IRQHandler  stm32f4xx_hal_spi.o
    0x08002950   0x08002950   0x00000034   Code   RO          817    i.HAL_SYSTICK_Config  stm32f4xx_hal_cortex.o
    0x08002984   0x08002984   0x00000002   Code   RO         4229    i.HAL_TIMEx_BreakCallback  stm32f4xx_hal_tim_ex.o
    0x08002986   0x08002986   0x00000002   Code   RO         4230    i.HAL_TIMEx_CommutCallback  stm32f4xx_hal_tim_ex.o
    0x08002988   0x08002988   0x00000066   Code   RO         3514    i.HAL_TIM_Base_Init  stm32f4xx_hal_tim.o
    0x080029ee   0x080029ee   0x00000002   Code   RO         3516    i.HAL_TIM_Base_MspInit  stm32f4xx_hal_tim.o
    0x080029f0   0x080029f0   0x000000a8   Code   RO         3519    i.HAL_TIM_Base_Start_IT  stm32f4xx_hal_tim.o
    0x08002a98   0x08002a98   0x000000b8   Code   RO         5155    i.HAL_TIM_IC_CaptureCallback  timer_capture.o
    0x08002b50   0x08002b50   0x000000d4   Code   RO         3550    i.HAL_TIM_IC_ConfigChannel  stm32f4xx_hal_tim.o
    0x08002c24   0x08002c24   0x00000066   Code   RO         3553    i.HAL_TIM_IC_Init   stm32f4xx_hal_tim.o
    0x08002c8a   0x08002c8a   0x00000002   PAD
    0x08002c8c   0x08002c8c   0x00000090   Code   RO         5156    i.HAL_TIM_IC_MspInit  timer_capture.o
    0x08002d1c   0x08002d1c   0x00000188   Code   RO         3558    i.HAL_TIM_IC_Start_IT  stm32f4xx_hal_tim.o
    0x08002ea4   0x08002ea4   0x000000d6   Code   RO         3561    i.HAL_TIM_IC_Stop_IT  stm32f4xx_hal_tim.o
    0x08002f7a   0x08002f7a   0x00000196   Code   RO         3562    i.HAL_TIM_IRQHandler  stm32f4xx_hal_tim.o
    0x08003110   0x08003110   0x00000002   Code   RO         3565    i.HAL_TIM_OC_DelayElapsedCallback  stm32f4xx_hal_tim.o
    0x08003112   0x08003112   0x00000002   Code   RO         3592    i.HAL_TIM_PWM_PulseFinishedCallback  stm32f4xx_hal_tim.o
    0x08003114   0x08003114   0x000000ac   Code   RO         5061    i.HAL_TIM_PeriodElapsedCallback  timer.o
    0x080031c0   0x080031c0   0x00000032   Code   RO         3602    i.HAL_TIM_ReadCapturedValue  stm32f4xx_hal_tim.o
    0x080031f2   0x080031f2   0x00000002   Code   RO         3605    i.HAL_TIM_TriggerCallback  stm32f4xx_hal_tim.o
    0x080031f4   0x080031f4   0x00000072   Code   RO         1718    i.HAL_UARTEx_ReceiveToIdle_DMA  stm32f4xx_hal_uart.o
    0x08003266   0x08003266   0x00000002   PAD
    0x08003268   0x08003268   0x00000048   Code   RO         4680    i.HAL_UARTEx_RxEventCallback  usart_test.o
    0x080032b0   0x080032b0   0x00000002   Code   RO         1734    i.HAL_UART_ErrorCallback  stm32f4xx_hal_uart.o
    0x080032b2   0x080032b2   0x00000002   PAD
    0x080032b4   0x080032b4   0x00000250   Code   RO         1737    i.HAL_UART_IRQHandler  stm32f4xx_hal_uart.o
    0x08003504   0x08003504   0x00000072   Code   RO         1738    i.HAL_UART_Init     stm32f4xx_hal_uart.o
    0x08003576   0x08003576   0x00000002   PAD
    0x08003578   0x08003578   0x00000188   Code   RO         4681    i.HAL_UART_MspInit  usart_test.o
    0x08003700   0x08003700   0x00000002   Code   RO         1744    i.HAL_UART_RxCpltCallback  stm32f4xx_hal_uart.o
    0x08003702   0x08003702   0x00000002   Code   RO         1745    i.HAL_UART_RxHalfCpltCallback  stm32f4xx_hal_uart.o
    0x08003704   0x08003704   0x0000009c   Code   RO         1747    i.HAL_UART_Transmit_DMA  stm32f4xx_hal_uart.o
    0x080037a0   0x080037a0   0x00000018   Code   RO         4682    i.HAL_UART_TxCpltCallback  usart_test.o
    0x080037b8   0x080037b8   0x00000002   Code   RO         1750    i.HAL_UART_TxHalfCpltCallback  stm32f4xx_hal_uart.o
    0x080037ba   0x080037ba   0x00000002   PAD
    0x080037bc   0x080037bc   0x00000058   Code   RO         4966    i.HAL_WWDG_EarlyWakeupCallback  wwdg.o
    0x08003814   0x08003814   0x00000028   Code   RO         3465    i.HAL_WWDG_IRQHandler  stm32f4xx_hal_wwdg.o
    0x0800383c   0x0800383c   0x0000002c   Code   RO         3466    i.HAL_WWDG_Init     stm32f4xx_hal_wwdg.o
    0x08003868   0x08003868   0x00000048   Code   RO         4967    i.HAL_WWDG_MspInit  wwdg.o
    0x080038b0   0x080038b0   0x0000000c   Code   RO         3468    i.HAL_WWDG_Refresh  stm32f4xx_hal_wwdg.o
    0x080038bc   0x080038bc   0x00000004   Code   RO          318    i.HardFault_Handler  stm32f4xx_it.o
    0x080038c0   0x080038c0   0x00000010   Code   RO         4598    i.I2C1_ER_IRQHandler  iic.o
    0x080038d0   0x080038d0   0x00000010   Code   RO         4599    i.I2C1_EV_IRQHandler  iic.o
    0x080038e0   0x080038e0   0x0000001c   Code   RO         2508    i.I2C_ConvertOtherXferOptions  stm32f4xx_hal_i2c.o
    0x080038fc   0x080038fc   0x000000f8   Code   RO         2509    i.I2C_DMAAbort      stm32f4xx_hal_i2c.o
    0x080039f4   0x080039f4   0x00000050   Code   RO         2510    i.I2C_DMAError      stm32f4xx_hal_i2c.o
    0x08003a44   0x08003a44   0x00000130   Code   RO         2511    i.I2C_DMAXferCplt   stm32f4xx_hal_i2c.o
    0x08003b74   0x08003b74   0x000001ac   Code   RO         2512    i.I2C_ITError       stm32f4xx_hal_i2c.o
    0x08003d20   0x08003d20   0x0000003e   Code   RO         2513    i.I2C_IsAcknowledgeFailed  stm32f4xx_hal_i2c.o
    0x08003d5e   0x08003d5e   0x00000126   Code   RO         2514    i.I2C_MasterReceive_BTF  stm32f4xx_hal_i2c.o
    0x08003e84   0x08003e84   0x000000e2   Code   RO         2515    i.I2C_MasterReceive_RXNE  stm32f4xx_hal_i2c.o
    0x08003f66   0x08003f66   0x0000008a   Code   RO         2518    i.I2C_MasterTransmit_BTF  stm32f4xx_hal_i2c.o
    0x08003ff0   0x08003ff0   0x000000d8   Code   RO         2519    i.I2C_MasterTransmit_TXE  stm32f4xx_hal_i2c.o
    0x080040c8   0x080040c8   0x0000002a   Code   RO         2520    i.I2C_Master_ADD10  stm32f4xx_hal_i2c.o
    0x080040f2   0x080040f2   0x00000268   Code   RO         2521    i.I2C_Master_ADDR   stm32f4xx_hal_i2c.o
    0x0800435a   0x0800435a   0x0000009e   Code   RO         2522    i.I2C_Master_SB     stm32f4xx_hal_i2c.o
    0x080043f8   0x080043f8   0x000000b8   Code   RO         2523    i.I2C_MemoryTransmit_TXE_BTF  stm32f4xx_hal_i2c.o
    0x080044b0   0x080044b0   0x000000e0   Code   RO         2525    i.I2C_RequestMemoryWrite  stm32f4xx_hal_i2c.o
    0x08004590   0x08004590   0x0000001a   Code   RO         2526    i.I2C_SlaveReceive_BTF  stm32f4xx_hal_i2c.o
    0x080045aa   0x080045aa   0x00000046   Code   RO         2527    i.I2C_SlaveReceive_RXNE  stm32f4xx_hal_i2c.o
    0x080045f0   0x080045f0   0x0000001a   Code   RO         2528    i.I2C_SlaveTransmit_BTF  stm32f4xx_hal_i2c.o
    0x0800460a   0x0800460a   0x00000046   Code   RO         2529    i.I2C_SlaveTransmit_TXE  stm32f4xx_hal_i2c.o
    0x08004650   0x08004650   0x00000066   Code   RO         2530    i.I2C_Slave_ADDR    stm32f4xx_hal_i2c.o
    0x080046b6   0x080046b6   0x00000002   PAD
    0x080046b8   0x080046b8   0x000000a0   Code   RO         2531    i.I2C_Slave_AF      stm32f4xx_hal_i2c.o
    0x08004758   0x08004758   0x0000018c   Code   RO         2532    i.I2C_Slave_STOPF   stm32f4xx_hal_i2c.o
    0x080048e4   0x080048e4   0x00000086   Code   RO         2534    i.I2C_WaitOnFlagUntilTimeout  stm32f4xx_hal_i2c.o
    0x0800496a   0x0800496a   0x000000c4   Code   RO         2535    i.I2C_WaitOnMasterAddressFlagUntilTimeout  stm32f4xx_hal_i2c.o
    0x08004a2e   0x08004a2e   0x00000002   PAD
    0x08004a30   0x08004a30   0x00000050   Code   RO         2538    i.I2C_WaitOnSTOPRequestThroughIT  stm32f4xx_hal_i2c.o
    0x08004a80   0x08004a80   0x0000005c   Code   RO         2539    i.I2C_WaitOnTXEFlagUntilTimeout  stm32f4xx_hal_i2c.o
    0x08004adc   0x08004adc   0x00000070   Code   RO         4600    i.IIC1_DMA_Init     iic.o
    0x08004b4c   0x08004b4c   0x0000000c   Code   RO         5012    i.Light_AdcDmaCpltCallback  light.o
    0x08004b58   0x08004b58   0x00000044   Code   RO         5013    i.Light_Handle      light.o
    0x08004b9c   0x08004b9c   0x0000000c   Code   RO         5014    i.Light_Init        light.o
    0x08004ba8   0x08004ba8   0x00000018   Code   RO         5015    i.Light_TimerCallback  light.o
    0x08004bc0   0x08004bc0   0x00000004   Code   RO          319    i.MemManage_Handler  stm32f4xx_it.o
    0x08004bc4   0x08004bc4   0x00000002   Code   RO          320    i.NMI_Handler       stm32f4xx_it.o
    0x08004bc6   0x08004bc6   0x00000002   Code   RO          321    i.PendSV_Handler    stm32f4xx_it.o
    0x08004bc8   0x08004bc8   0x00000010   Code   RO         4526    i.SPI1_IRQHandler   spi.o
    0x08004bd8   0x08004bd8   0x00000014   Code   RO         2157    i.SPI_DMAAbortOnError  stm32f4xx_hal_spi.o
    0x08004bec   0x08004bec   0x00000002   Code   RO          322    i.SVC_Handler       stm32f4xx_it.o
    0x08004bee   0x08004bee   0x00000008   Code   RO          323    i.SysTick_Handler   stm32f4xx_it.o
    0x08004bf6   0x08004bf6   0x00000002   PAD
    0x08004bf8   0x08004bf8   0x00000014   Code   RO          409    i.SystemInit        system_stm32f4xx.o
    0x08004c0c   0x08004c0c   0x00000010   Code   RO         5157    i.TIM1_BRK_TIM9_IRQHandler  timer_capture.o
    0x08004c1c   0x08004c1c   0x00000010   Code   RO         5062    i.TIM6_DAC_IRQHandler  timer.o
    0x08004c2c   0x08004c2c   0x000000d8   Code   RO         3607    i.TIM_Base_SetConfig  stm32f4xx_hal_tim.o
    0x08004d04   0x08004d04   0x00000022   Code   RO         3608    i.TIM_CCxChannelCmd  stm32f4xx_hal_tim.o
    0x08004d26   0x08004d26   0x00000002   PAD
    0x08004d28   0x08004d28   0x00000090   Code   RO         3626    i.TIM_TI1_SetConfig  stm32f4xx_hal_tim.o
    0x08004db8   0x08004db8   0x0000003a   Code   RO         3628    i.TIM_TI2_SetConfig  stm32f4xx_hal_tim.o
    0x08004df2   0x08004df2   0x00000038   Code   RO         3629    i.TIM_TI3_SetConfig  stm32f4xx_hal_tim.o
    0x08004e2a   0x08004e2a   0x0000003c   Code   RO         3630    i.TIM_TI4_SetConfig  stm32f4xx_hal_tim.o
    0x08004e66   0x08004e66   0x00000002   PAD
    0x08004e68   0x08004e68   0x00000070   Code   RO         5063    i.Timer6_Init       timer.o
    0x08004ed8   0x08004ed8   0x00000064   Code   RO         5065    i.Timer6_RegisterTask  timer.o
    0x08004f3c   0x08004f3c   0x00000038   Code   RO         5067    i.Timer6_UnRegisterTask  timer.o
    0x08004f74   0x08004f74   0x00000014   Code   RO         1751    i.UART_DMAAbortOnError  stm32f4xx_hal_uart.o
    0x08004f88   0x08004f88   0x00000050   Code   RO         1752    i.UART_DMAError     stm32f4xx_hal_uart.o
    0x08004fd8   0x08004fd8   0x00000068   Code   RO         1753    i.UART_DMAReceiveCplt  stm32f4xx_hal_uart.o
    0x08005040   0x08005040   0x00000020   Code   RO         1755    i.UART_DMARxHalfCplt  stm32f4xx_hal_uart.o
    0x08005060   0x08005060   0x00000036   Code   RO         1757    i.UART_DMATransmitCplt  stm32f4xx_hal_uart.o
    0x08005096   0x08005096   0x0000000e   Code   RO         1759    i.UART_DMATxHalfCplt  stm32f4xx_hal_uart.o
    0x080050a4   0x080050a4   0x00000036   Code   RO         1761    i.UART_EndRxTransfer  stm32f4xx_hal_uart.o
    0x080050da   0x080050da   0x00000020   Code   RO         1762    i.UART_EndTransmit_IT  stm32f4xx_hal_uart.o
    0x080050fa   0x080050fa   0x00000014   Code   RO         1763    i.UART_EndTxTransfer  stm32f4xx_hal_uart.o
    0x0800510e   0x0800510e   0x000000be   Code   RO         1764    i.UART_Receive_IT   stm32f4xx_hal_uart.o
    0x080051cc   0x080051cc   0x0000022c   Code   RO         1765    i.UART_SetConfig    stm32f4xx_hal_uart.o
    0x080053f8   0x080053f8   0x00000098   Code   RO         1766    i.UART_Start_Receive_DMA  stm32f4xx_hal_uart.o
    0x08005490   0x08005490   0x00000060   Code   RO         1768    i.UART_Transmit_IT  stm32f4xx_hal_uart.o
    0x080054f0   0x080054f0   0x00000010   Code   RO          324    i.USART1_IRQHandler  stm32f4xx_it.o
    0x08005500   0x08005500   0x00000004   Code   RO          325    i.UsageFault_Handler  stm32f4xx_it.o
    0x08005504   0x08005504   0x00000010   Code   RO         4968    i.WWDG_IRQHandler   wwdg.o
    0x08005514   0x08005514   0x00000028   Code   RO         5488    i.__0sprintf$6      mc_w.l(printf6.o)
    0x0800553c   0x0800553c   0x00000010   Code   RO          819    i.__NVIC_GetPriorityGrouping  stm32f4xx_hal_cortex.o
    0x0800554c   0x0800554c   0x00000028   Code   RO          820    i.__NVIC_SetPriority  stm32f4xx_hal_cortex.o
    0x08005574   0x08005574   0x0000000e   Code   RO         5631    i.__scatterload_copy  mc_w.l(handlers.o)
    0x08005582   0x08005582   0x00000002   Code   RO         5632    i.__scatterload_null  mc_w.l(handlers.o)
    0x08005584   0x08005584   0x0000000e   Code   RO         5633    i.__scatterload_zeroinit  mc_w.l(handlers.o)
    0x08005592   0x08005592   0x00000002   PAD
    0x08005594   0x08005594   0x000002f0   Code   RO         5493    i._printf_core      mc_w.l(printf6.o)
    0x08005884   0x08005884   0x00000024   Code   RO         5494    i._printf_post_padding  mc_w.l(printf6.o)
    0x080058a8   0x080058a8   0x0000002e   Code   RO         5495    i._printf_pre_padding  mc_w.l(printf6.o)
    0x080058d6   0x080058d6   0x0000000a   Code   RO         5497    i._sputc            mc_w.l(printf6.o)
    0x080058e0   0x080058e0   0x00000088   Code   RO         4849    i.adc3_init_dma     adc.o
    0x08005968   0x08005968   0x000000a0   Code   RO         5238    i.bsp_key_10ms_scan  key.o
    0x08005a08   0x08005a08   0x00000048   Code   RO         5300    i.buzzer_hardware_init  buzzer.o
    0x08005a50   0x08005a50   0x0000000c   Code   RO          446    i.delay_init        delay.o
    0x08005a5c   0x08005a5c   0x00000012   Code   RO          447    i.delay_ms          delay.o
    0x08005a6e   0x08005a6e   0x00000002   PAD
    0x08005a70   0x08005a70   0x00000048   Code   RO          448    i.delay_us          delay.o
    0x08005ab8   0x08005ab8   0x000001bc   Code   RO         5239    i.get_key_state     key.o
    0x08005c74   0x08005c74   0x00000038   Code   RO           13    i.key_click_handle  main.o
    0x08005cac   0x08005cac   0x0000000c   Code   RO         5240    i.key_click_register_task  key.o
    0x08005cb8   0x08005cb8   0x00000038   Code   RO           14    i.key_double_click_handle  main.o
    0x08005cf0   0x08005cf0   0x0000000c   Code   RO         5241    i.key_double_click_register_task  key.o
    0x08005cfc   0x08005cfc   0x00000048   Code   RO         5242    i.key_gpio_init     key.o
    0x08005d44   0x08005d44   0x00000058   Code   RO         5243    i.key_soft_init     key.o
    0x08005d9c   0x08005d9c   0x0000009c   Code   RO         4496    i.led_init          led.o
    0x08005e38   0x08005e38   0x00000022   Code   RO         4683    i.loop_buffer_available  usart_test.o
    0x08005e5a   0x08005e5a   0x0000000c   Code   RO         4685    i.loop_buffer_init  usart_test.o
    0x08005e66   0x08005e66   0x00000012   Code   RO         4686    i.loop_buffer_next_index  usart_test.o
    0x08005e78   0x08005e78   0x0000002a   Code   RO         4687    i.loop_buffer_pop   usart_test.o
    0x08005ea2   0x08005ea2   0x00000026   Code   RO         4689    i.loop_buffer_push  usart_test.o
    0x08005ec8   0x08005ec8   0x00000028   Code   RO         4690    i.loop_buffer_push_array  usart_test.o
    0x08005ef0   0x08005ef0   0x00000094   Code   RO           15    i.main              main.o
    0x08005f84   0x08005f84   0x0000004c   Code   RO         4932    i.modbus_handle     modbus.o
    0x08005fd0   0x08005fd0   0x00000010   Code   RO         4933    i.modbus_init       modbus.o
    0x08005fe0   0x08005fe0   0x00000010   Code   RO         4691    i.modbus_loop_buffer_available  usart_test.o
    0x08005ff0   0x08005ff0   0x00000018   Code   RO         4692    i.modbus_loop_buffer_init  usart_test.o
    0x08006008   0x08006008   0x00000014   Code   RO         4693    i.modbus_loop_buffer_read  usart_test.o
    0x0800601c   0x0800601c   0x00000018   Code   RO         4694    i.my_usart_transmit_data  usart_test.o
    0x08006034   0x08006034   0x0000003c   Code   RO         5244    i.read_key_down_state  key.o
    0x08006070   0x08006070   0x000000dc   Code   RO          495    i.sys_stm32_clock_init  sys.o
    0x0800614c   0x0800614c   0x0000007c   Code   RO         5158    i.temp_humi_Capture_Init  timer_capture.o
    0x080061c8   0x080061c8   0x0000004c   Code   RO         5159    i.temp_humi_capture_gpio_init  timer_capture.o
    0x08006214   0x08006214   0x00000048   Code   RO         5125    i.temp_humi_gpio_ouput  temp_humi.o
    0x0800625c   0x0800625c   0x00000040   Code   RO           17    i.temp_iic_write_data  main.o
    0x0800629c   0x0800629c   0x00000070   Code   RO         4695    i.usart_test_dma_init  usart_test.o
    0x0800630c   0x0800630c   0x00000054   Code   RO         4969    i.wwdg_init         wwdg.o
    0x08006360   0x08006360   0x00000018   Data   RO          410    .constdata          system_stm32f4xx.o
    0x08006378   0x08006378   0x00000008   Data   RO          956    .constdata          stm32f4xx_hal_dma.o
    0x08006380   0x08006380   0x00000020   Data   RO         5629    Region$$Table       anon$$obj.o


    Execution Region RW_IRAM1 (Exec base: 0x20000000, Load base: 0x080063a0, Size: 0x00000da8, Max: 0x00020000, ABSOLUTE)

    Exec Addr    Load Addr    Size         Type   Attr      Idx    E Section Name        Object

    0x20000000   0x080063a0   0x00000017   Data   RW           19    .data               main.o
    0x20000017   0x080063b7   0x00000001   PAD
    0x20000018   0x080063b8   0x00000004   Data   RW          411    .data               system_stm32f4xx.o
    0x2000001c   0x080063bc   0x00000004   Data   RW          449    .data               delay.o
    0x20000020   0x080063c0   0x00000009   Data   RW          642    .data               stm32f4xx_hal.o
    0x20000029   0x080063c9   0x00000001   PAD
    0x2000002a   0x080063ca   0x00000003   Data   RW         4935    .data               modbus.o
    0x2000002d   0x080063cd   0x00000001   PAD
    0x2000002e   0x080063ce   0x00000002   Data   RW         4971    .data               wwdg.o
    0x20000030   0x080063d0   0x00000005   Data   RW         5017    .data               light.o
    0x20000035   0x080063d5   0x00000001   PAD
    0x20000036   0x080063d6   0x00000008   Data   RW         5161    .data               timer_capture.o
    0x2000003e   0x080063de   0x00000002   PAD
    0x20000040   0x080063e0   0x00000008   Data   RW         5246    .data               key.o
    0x20000048        -       0x00000027   Zero   RW           18    .bss                main.o
    0x2000006f   0x080063e8   0x00000001   PAD
    0x20000070        -       0x00000118   Zero   RW         4528    .bss                spi.o
    0x20000188        -       0x00000114   Zero   RW         4603    .bss                iic.o
    0x2000029c        -       0x00000210   Zero   RW         4698    .bss                usart_test.o
    0x200004ac        -       0x00000150   Zero   RW         4855    .bss                adc.o
    0x200005fc        -       0x00000080   Zero   RW         4934    .bss                modbus.o
    0x2000067c        -       0x00000014   Zero   RW         4970    .bss                wwdg.o
    0x20000690        -       0x0000001e   Zero   RW         5016    .bss                light.o
    0x200006ae   0x080063e8   0x00000002   PAD
    0x200006b0        -       0x000000c0   Zero   RW         5068    .bss                timer.o
    0x20000770        -       0x000001de   Zero   RW         5160    .bss                timer_capture.o
    0x2000094e   0x080063e8   0x00000002   PAD
    0x20000950        -       0x00000044   Zero   RW         5245    .bss                key.o
    0x20000994        -       0x00000014   Zero   RW         5301    .bss                buzzer.o
    0x200009a8        -       0x00000400   Zero   RW            1    STACK               startup_stm32f407xx.o


==============================================================================

Image component sizes


      Code (inc. data)   RO Data    RW Data    ZI Data      Debug   Object Name

       692         88          0          0        336       4808   adc.o
        72         14          0          0         20       1202   buzzer.o
       114         10          0          4          0       2639   delay.o
       684        102          0          0        276       6308   iic.o
       848         58          0          8         68       5229   key.o
       156         10          0          0          0        999   led.o
       116         44          0          5         30       2971   light.o
       324         86          0         23         39     732631   main.o
        92         14          0          3        128       1963   modbus.o
        48         18          0          0        280       1943   spi.o
        52         14        392          0       1024        996   startup_stm32f407xx.o
       174         34          0          9          0      10110   stm32f4xx_hal.o
      1832         66          0          0          0       8766   stm32f4xx_hal_adc.o
         2          0          0          0          0       1081   stm32f4xx_hal_adc_ex.o
       304         22          0          0          0      34723   stm32f4xx_hal_cortex.o
      1448         16          8          0          0       8628   stm32f4xx_hal_dma.o
       564         46          0          0          0       3616   stm32f4xx_hal_gpio.o
      6294         72          0          0          0      31501   stm32f4xx_hal_i2c.o
      1820         84          0          0          0       5872   stm32f4xx_hal_rcc.o
       370          6          0          0          0       2833   stm32f4xx_hal_spi.o
      2222        134          0          0          0      14625   stm32f4xx_hal_tim.o
         4          0          0          0          0       1681   stm32f4xx_hal_tim_ex.o
      2388         44          0          0          0      15909   stm32f4xx_hal_uart.o
        96          0          0          0          0       2421   stm32f4xx_hal_wwdg.o
        80         18          0          0          0       6082   stm32f4xx_it.o
       220         12          0          0          0       1407   sys.o
        20          6         24          4          0       1447   system_stm32f4xx.o
        72          8          0          0          0       1059   temp_humi.o
       456         46          0          0        192       4188   timer.o
      1108        170          0          8        478       9107   timer_capture.o
       868         98          0          0        528      10853   usart_test.o
       260         44          0          2         20       3038   wwdg.o

    ----------------------------------------------------------------------
     23836       1384        456         72       3424     940636   Object Totals
         0          0         32          0          0          0   (incl. Generated)
        36          0          0          6          5          0   (incl. Padding)

    ----------------------------------------------------------------------

      Code (inc. data)   RO Data    RW Data    ZI Data      Debug   Library Member Name

         0          0          0          0          0          0   entry.o
         0          0          0          0          0          0   entry10a.o
         0          0          0          0          0          0   entry11a.o
         8          4          0          0          0          0   entry2.o
         4          0          0          0          0          0   entry5.o
         0          0          0          0          0          0   entry7b.o
         0          0          0          0          0          0   entry8b.o
         8          4          0          0          0          0   entry9a.o
        30          0          0          0          0          0   handlers.o
        36          8          0          0          0         68   init.o
        30          0          0          0          0         68   llshl.o
        32          0          0          0          0         68   llushr.o
        36          0          0          0          0        108   memseta.o
       884         10          0          0          0        420   printf6.o
        44          0          0          0          0         80   uidiv.o
        98          0          0          0          0         92   uldiv.o

    ----------------------------------------------------------------------
      1212         26          0          0          0        904   Library Totals
         2          0          0          0          0          0   (incl. Padding)

    ----------------------------------------------------------------------

      Code (inc. data)   RO Data    RW Data    ZI Data      Debug   Library Name

      1210         26          0          0          0        904   mc_w.l

    ----------------------------------------------------------------------
      1212         26          0          0          0        904   Library Totals

    ----------------------------------------------------------------------

==============================================================================


      Code (inc. data)   RO Data    RW Data    ZI Data      Debug   

     25048       1410        456         72       3424     920128   Grand Totals
     25048       1410        456         72       3424     920128   ELF Image Totals
     25048       1410        456         72          0          0   ROM Totals

==============================================================================

    Total RO  Size (Code + RO Data)                25504 (  24.91kB)
    Total RW  Size (RW Data + ZI Data)              3496 (   3.41kB)
    Total ROM Size (Code + RO Data + RW Data)      25576 (  24.98kB)

==============================================================================

