Component: ARM Compiler 5.06 update 6 (build 750) Tool: armlink [4d35ed]

==============================================================================

Section Cross References

    startup_stm32f407xx.o(RESET) refers to startup_stm32f407xx.o(STACK) for __initial_sp
    startup_stm32f407xx.o(RESET) refers to startup_stm32f407xx.o(.text) for Reset_Handler
    startup_stm32f407xx.o(RESET) refers to stm32f4xx_it.o(i.NMI_Handler) for NMI_Handler
    startup_stm32f407xx.o(RESET) refers to stm32f4xx_it.o(i.HardFault_Handler) for HardFault_Handler
    startup_stm32f407xx.o(RESET) refers to stm32f4xx_it.o(i.MemManage_Handler) for MemManage_Handler
    startup_stm32f407xx.o(RESET) refers to stm32f4xx_it.o(i.BusFault_Handler) for BusFault_Handler
    startup_stm32f407xx.o(RESET) refers to stm32f4xx_it.o(i.UsageFault_Handler) for UsageFault_Handler
    startup_stm32f407xx.o(RESET) refers to stm32f4xx_it.o(i.SVC_Handler) for SVC_Handler
    startup_stm32f407xx.o(RESET) refers to stm32f4xx_it.o(i.DebugMon_Handler) for DebugMon_Handler
    startup_stm32f407xx.o(RESET) refers to stm32f4xx_it.o(i.PendSV_Handler) for PendSV_Handler
    startup_stm32f407xx.o(RESET) refers to stm32f4xx_it.o(i.SysTick_Handler) for SysTick_Handler
    startup_stm32f407xx.o(RESET) refers to wwdg.o(i.WWDG_IRQHandler) for WWDG_IRQHandler
    startup_stm32f407xx.o(RESET) refers to iic.o(i.DMA1_Stream5_IRQHandler) for DMA1_Stream5_IRQHandler
    startup_stm32f407xx.o(RESET) refers to iic.o(i.DMA1_Stream6_IRQHandler) for DMA1_Stream6_IRQHandler
    startup_stm32f407xx.o(RESET) refers to adc.o(i.ADC_IRQHandler) for ADC_IRQHandler
    startup_stm32f407xx.o(RESET) refers to timer_capture.o(i.TIM1_BRK_TIM9_IRQHandler) for TIM1_BRK_TIM9_IRQHandler
    startup_stm32f407xx.o(RESET) refers to iic.o(i.I2C1_EV_IRQHandler) for I2C1_EV_IRQHandler
    startup_stm32f407xx.o(RESET) refers to spi.o(i.SPI1_IRQHandler) for SPI1_IRQHandler
    startup_stm32f407xx.o(RESET) refers to stm32f4xx_it.o(i.USART1_IRQHandler) for USART1_IRQHandler
    startup_stm32f407xx.o(RESET) refers to timer.o(i.TIM6_DAC_IRQHandler) for TIM6_DAC_IRQHandler
    startup_stm32f407xx.o(RESET) refers to adc.o(i.DMA2_Stream0_IRQHandler) for DMA2_Stream0_IRQHandler
    startup_stm32f407xx.o(RESET) refers to adc.o(i.DMA2_Stream1_IRQHandler) for DMA2_Stream1_IRQHandler
    startup_stm32f407xx.o(RESET) refers to spi.o(i.DMA2_Stream2_IRQHandler) for DMA2_Stream2_IRQHandler
    startup_stm32f407xx.o(RESET) refers to spi.o(i.DMA2_Stream3_IRQHandler) for DMA2_Stream3_IRQHandler
    startup_stm32f407xx.o(RESET) refers to stm32f4xx_it.o(i.DMA2_Stream5_IRQHandler) for DMA2_Stream5_IRQHandler
    startup_stm32f407xx.o(RESET) refers to stm32f4xx_it.o(i.DMA2_Stream7_IRQHandler) for DMA2_Stream7_IRQHandler
    startup_stm32f407xx.o(.text) refers to system_stm32f4xx.o(i.SystemInit) for SystemInit
    startup_stm32f407xx.o(.text) refers to entry.o(.ARM.Collect$$$$00000000) for __main
    main.o(i.key_click_handle) refers to printf6.o(i.__0sprintf$6) for __2sprintf
    main.o(i.key_click_handle) refers to usart_test.o(i.my_usart_transmit_data) for my_usart_transmit_data
    main.o(i.key_click_handle) refers to main.o(.bss) for main_nihao_print_buffer
    main.o(i.key_click_handle) refers to main.o(.data) for main_nihao_print_count
    main.o(i.key_double_click_handle) refers to printf6.o(i.__0sprintf$6) for __2sprintf
    main.o(i.key_double_click_handle) refers to usart_test.o(i.my_usart_transmit_data) for my_usart_transmit_data
    main.o(i.key_double_click_handle) refers to main.o(.bss) for main_nihao_print_buffer
    main.o(i.key_double_click_handle) refers to main.o(.data) for main_nihao_print_count
    main.o(i.main) refers to memcpya.o(.text) for __aeabi_memcpy4
    main.o(i.main) refers to stm32f4xx_hal.o(i.HAL_Init) for HAL_Init
    main.o(i.main) refers to sys.o(i.sys_stm32_clock_init) for sys_stm32_clock_init
    main.o(i.main) refers to delay.o(i.delay_init) for delay_init
    main.o(i.main) refers to led.o(i.led_init) for led_init
    main.o(i.main) refers to modbus.o(i.modbus_init) for modbus_init
    main.o(i.main) refers to wwdg.o(i.wwdg_init) for wwdg_init
    main.o(i.main) refers to adc.o(i.adc3_init_dma) for adc3_init_dma
    main.o(i.main) refers to timer.o(i.Timer6_Init) for Timer6_Init
    main.o(i.main) refers to light.o(i.Light_Init) for Light_Init
    main.o(i.main) refers to key.o(i.key_gpio_init) for key_gpio_init
    main.o(i.main) refers to key.o(i.key_soft_init) for key_soft_init
    main.o(i.main) refers to timer.o(i.Timer6_RegisterTask) for Timer6_RegisterTask
    main.o(i.main) refers to key.o(i.key_click_register_task) for key_click_register_task
    main.o(i.main) refers to key.o(i.key_double_click_register_task) for key_double_click_register_task
    main.o(i.main) refers to modbus.o(i.modbus_handle) for modbus_handle
    main.o(i.main) refers to light.o(i.Light_Handle) for Light_Handle
    main.o(i.main) refers to timer_capture.o(i.DHT11_Loop_Handle) for DHT11_Loop_Handle
[...]
    i.HAL_TIM_OC_DelayElapsedCallback        0x08002a70   Section        0  stm32f4xx_hal_tim.o(i.HAL_TIM_OC_DelayElapsedCallback)
    i.HAL_TIM_PWM_PulseFinishedCallback      0x08002a72   Section        0  stm32f4xx_hal_tim.o(i.HAL_TIM_PWM_PulseFinishedCallback)
    i.HAL_TIM_PeriodElapsedCallback          0x08002a74   Section        0  timer.o(i.HAL_TIM_PeriodElapsedCallback)
    i.HAL_TIM_ReadCapturedValue              0x08002b20   Section        0  stm32f4xx_hal_tim.o(i.HAL_TIM_ReadCapturedValue)
    i.HAL_TIM_TriggerCallback                0x08002b52   Section        0  stm32f4xx_hal_tim.o(i.HAL_TIM_TriggerCallback)
    i.HAL_UARTEx_ReceiveToIdle_DMA           0x08002b54   Section        0  stm32f4xx_hal_uart.o(i.HAL_UARTEx_ReceiveToIdle_DMA)
    i.HAL_UARTEx_RxEventCallback             0x08002bc8   Section        0  usart_test.o(i.HAL_UARTEx_RxEventCallback)
    i.HAL_UART_ErrorCallback                 0x08002c10   Section        0  stm32f4xx_hal_uart.o(i.HAL_UART_ErrorCallback)
    i.HAL_UART_IRQHandler                    0x08002c14   Section        0  stm32f4xx_hal_uart.o(i.HAL_UART_IRQHandler)
    i.HAL_UART_Init                          0x08002e64   Section        0  stm32f4xx_hal_uart.o(i.HAL_UART_Init)
    i.HAL_UART_MspInit                       0x08002ed8   Section        0  usart_test.o(i.HAL_UART_MspInit)
    i.HAL_UART_RxCpltCallback                0x08003060   Section        0  stm32f4xx_hal_uart.o(i.HAL_UART_RxCpltCallback)
    i.HAL_UART_RxHalfCpltCallback            0x08003062   Section        0  stm32f4xx_hal_uart.o(i.HAL_UART_RxHalfCpltCallback)
    i.HAL_UART_Transmit_DMA                  0x08003064   Section        0  stm32f4xx_hal_uart.o(i.HAL_UART_Transmit_DMA)
    i.HAL_UART_TxCpltCallback                0x08003100   Section        0  usart_test.o(i.HAL_UART_TxCpltCallback)
    i.HAL_UART_TxHalfCpltCallback            0x08003118   Section        0  stm32f4xx_hal_uart.o(i.HAL_UART_TxHalfCpltCallback)
    i.HAL_WWDG_EarlyWakeupCallback           0x0800311c   Section        0  wwdg.o(i.HAL_WWDG_EarlyWakeupCallback)
    i.HAL_WWDG_IRQHandler                    0x08003174   Section        0  stm32f4xx_hal_wwdg.o(i.HAL_WWDG_IRQHandler)
    i.HAL_WWDG_Init                          0x0800319c   Section        0  stm32f4xx_hal_wwdg.o(i.HAL_WWDG_Init)
    i.HAL_WWDG_MspInit                       0x080031c8   Section        0  wwdg.o(i.HAL_WWDG_MspInit)
    i.HAL_WWDG_Refresh                       0x08003210   Section        0  stm32f4xx_hal_wwdg.o(i.HAL_WWDG_Refresh)
    i.HardFault_Handler                      0x0800321c   Section        0  stm32f4xx_it.o(i.HardFault_Handler)
    i.I2C1_EV_IRQHandler                     0x08003220   Section        0  iic.o(i.I2C1_EV_IRQHandler)
    i.I2C_ConvertOtherXferOptions            0x08003230   Section        0  stm32f4xx_hal_i2c.o(i.I2C_ConvertOtherXferOptions)
    I2C_ConvertOtherXferOptions              0x08003231   Thumb Code    28  stm32f4xx_hal_i2c.o(i.I2C_ConvertOtherXferOptions)
    i.I2C_DMAAbort                           0x0800324c   Section        0  stm32f4xx_hal_i2c.o(i.I2C_DMAAbort)
    I2C_DMAAbort                             0x0800324d   Thumb Code   242  stm32f4xx_hal_i2c.o(i.I2C_DMAAbort)
    i.I2C_ITError                            0x08003344   Section        0  stm32f4xx_hal_i2c.o(i.I2C_ITError)
    I2C_ITError                              0x08003345   Thumb Code   420  stm32f4xx_hal_i2c.o(i.I2C_ITError)
    i.I2C_MasterReceive_BTF                  0x080034f0   Section        0  stm32f4xx_hal_i2c.o(i.I2C_MasterReceive_BTF)
    I2C_MasterReceive_BTF                    0x080034f1   Thumb Code   294  stm32f4xx_hal_i2c.o(i.I2C_MasterReceive_BTF)
    i.I2C_MasterReceive_RXNE                 0x08003616   Section        0  stm32f4xx_hal_i2c.o(i.I2C_MasterReceive_RXNE)
    I2C_MasterReceive_RXNE                   0x08003617   Thumb Code   226  stm32f4xx_hal_i2c.o(i.I2C_MasterReceive_RXNE)
    i.I2C_MasterTransmit_BTF                 0x080036f8   Section        0  stm32f4xx_hal_i2c.o(i.I2C_MasterTransmit_BTF)
    I2C_MasterTransmit_BTF                   0x080036f9   Thumb Code   138  stm32f4xx_hal_i2c.o(i.I2C_MasterTransmit_BTF)
    i.I2C_MasterTransmit_TXE                 0x08003782   Section        0  stm32f4xx_hal_i2c.o(i.I2C_MasterTransmit_TXE)
    I2C_MasterTransmit_TXE                   0x08003783   Thumb Code   216  stm32f4xx_hal_i2c.o(i.I2C_MasterTransmit_TXE)
    i.I2C_Master_ADD10                       0x0800385a   Section        0  stm32f4xx_hal_i2c.o(i.I2C_Master_ADD10)
    I2C_Master_ADD10                         0x0800385b   Thumb Code    42  stm32f4xx_hal_i2c.o(i.I2C_Master_ADD10)
    i.I2C_Master_ADDR                        0x08003884   Section        0  stm32f4xx_hal_i2c.o(i.I2C_Master_ADDR)
    I2C_Master_ADDR                          0x08003885   Thumb Code   616  stm32f4xx_hal_i2c.o(i.I2C_Master_ADDR)
    i.I2C_Master_SB                          0x08003aec   Section        0  stm32f4xx_hal_i2c.o(i.I2C_Master_SB)
    I2C_Master_SB                            0x08003aed   Thumb Code   158  stm32f4xx_hal_i2c.o(i.I2C_Master_SB)
    i.I2C_MemoryTransmit_TXE_BTF             0x08003b8a   Section        0  stm32f4xx_hal_i2c.o(i.I2C_MemoryTransmit_TXE_BTF)
    I2C_MemoryTransmit_TXE_BTF               0x08003b8b   Thumb Code   184  stm32f4xx_hal_i2c.o(i.I2C_MemoryTransmit_TXE_BTF)
    i.I2C_SlaveReceive_BTF                   0x08003c42   Section        0  stm32f4xx_hal_i2c.o(i.I2C_SlaveReceive_BTF)
    I2C_SlaveReceive_BTF                     0x08003c43   Thumb Code    26  stm32f4xx_hal_i2c.o(i.I2C_SlaveReceive_BTF)
    i.I2C_SlaveReceive_RXNE                  0x08003c5c   Section        0  stm32f4xx_hal_i2c.o(i.I2C_SlaveReceive_RXNE)
    I2C_SlaveReceive_RXNE                    0x08003c5d   Thumb Code    70  stm32f4xx_hal_i2c.o(i.I2C_SlaveReceive_RXNE)
    i.I2C_SlaveTransmit_BTF                  0x08003ca2   Section        0  stm32f4xx_hal_i2c.o(i.I2C_SlaveTransmit_BTF)
    I2C_SlaveTransmit_BTF                    0x08003ca3   Thumb Code    26  stm32f4xx_hal_i2c.o(i.I2C_SlaveTransmit_BTF)
    i.I2C_SlaveTransmit_TXE                  0x08003cbc   Section        0  stm32f4xx_hal_i2c.o(i.I2C_SlaveTransmit_TXE)
    I2C_SlaveTransmit_TXE                    0x08003cbd   Thumb Code    70  stm32f4xx_hal_i2c.o(i.I2C_SlaveTransmit_TXE)
    i.I2C_Slave_ADDR                         0x08003d02   Section        0  stm32f4xx_hal_i2c.o(i.I2C_Slave_ADDR)
    I2C_Slave_ADDR                           0x08003d03   Thumb Code   102  stm32f4xx_hal_i2c.o(i.I2C_Slave_ADDR)
    i.I2C_Slave_STOPF                        0x08003d68   Section        0  stm32f4xx_hal_i2c.o(i.I2C_Slave_STOPF)
    I2C_Slave_STOPF                          0x08003d69   Thumb Code   386  stm32f4xx_hal_i2c.o(i.I2C_Slave_STOPF)
    i.I2C_WaitOnSTOPRequestThroughIT         0x08003ef4   Section        0  stm32f4xx_hal_i2c.o(i.I2C_WaitOnSTOPRequestThroughIT)
    I2C_WaitOnSTOPRequestThroughIT           0x08003ef5   Thumb Code    74  stm32f4xx_hal_i2c.o(i.I2C_WaitOnSTOPRequestThroughIT)
    i.Light_AdcDmaCpltCallback               0x08003f44   Section        0  light.o(i.Light_AdcDmaCpltCallback)
    i.Light_Handle                           0x08003f50   Section        0  light.o(i.Light_Handle)
    i.Light_Init                             0x08003f94   Section        0  light.o(i.Light_Init)
    i.Light_TimerCallback                    0x08003fa0   Section        0  light.o(i.Light_TimerCallback)
    i.MemManage_Handler                      0x08003fb8   Section        0  stm32f4xx_it.o(i.MemManage_Handler)
    i.NMI_Handler                            0x08003fbc   Section        0  stm32f4xx_it.o(i.NMI_Handler)
    i.PendSV_Handler                         0x08003fbe   Section        0  stm32f4xx_it.o(i.PendSV_Handler)
    i.SPI1_IRQHandler                        0x08003fc0   Section        0  spi.o(i.SPI1_IRQHandler)
    i.SPI_DMAAbortOnError                    0x08003fd0   Section        0  stm32f4xx_hal_spi.o(i.SPI_DMAAbortOnError)
    SPI_DMAAbortOnError                      0x08003fd1   Thumb Code    20  stm32f4xx_hal_spi.o(i.SPI_DMAAbortOnError)
    i.SVC_Handler                            0x08003fe4   Section        0  stm32f4xx_it.o(i.SVC_Handler)
    i.SysTick_Handler                        0x08003fe6   Section        0  stm32f4xx_it.o(i.SysTick_Handler)
    i.SystemInit                             0x08003ff0   Section        0  system_stm32f4xx.o(i.SystemInit)
    i.TIM1_BRK_TIM9_IRQHandler               0x08004004   Section        0  timer_capture.o(i.TIM1_BRK_TIM9_IRQHandler)
    i.TIM6_DAC_IRQHandler                    0x08004014   Section        0  timer.o(i.TIM6_DAC_IRQHandler)
    i.TIM_Base_SetConfig                     0x08004024   Section        0  stm32f4xx_hal_tim.o(i.TIM_Base_SetConfig)
    i.TIM_CCxChannelCmd                      0x080040fc   Section        0  stm32f4xx_hal_tim.o(i.TIM_CCxChannelCmd)
    i.TIM_TI1_SetConfig                      0x08004120   Section        0  stm32f4xx_hal_tim.o(i.TIM_TI1_SetConfig)
    i.TIM_TI2_SetConfig                      0x080041b0   Section        0  stm32f4xx_hal_tim.o(i.TIM_TI2_SetConfig)
    TIM_TI2_SetConfig                        0x080041b1   Thumb Code    58  stm32f4xx_hal_tim.o(i.TIM_TI2_SetConfig)
    i.TIM_TI3_SetConfig                      0x080041ea   Section        0  stm32f4xx_hal_tim.o(i.TIM_TI3_SetConfig)
    TIM_TI3_SetConfig                        0x080041eb   Thumb Code    56  stm32f4xx_hal_tim.o(i.TIM_TI3_SetConfig)
    i.TIM_TI4_SetConfig                      0x08004222   Section        0  stm32f4xx_hal_tim.o(i.TIM_TI4_SetConfig)
    TIM_TI4_SetConfig                        0x08004223   Thumb Code    60  stm32f4xx_hal_tim.o(i.TIM_TI4_SetConfig)
    i.Timer6_Init                            0x08004260   Section        0  timer.o(i.Timer6_Init)
    i.Timer6_RegisterTask                    0x080042d0   Section        0  timer.o(i.Timer6_RegisterTask)
    i.Timer6_UnRegisterTask                  0x08004334   Section        0  timer.o(i.Timer6_UnRegisterTask)
    i.UART_DMAAbortOnError                   0x0800436c   Section        0  stm32f4xx_hal_uart.o(i.UART_DMAAbortOnError)
    UART_DMAAbortOnError                     0x0800436d   Thumb Code    20  stm32f4xx_hal_uart.o(i.UART_DMAAbortOnError)
    i.UART_DMAError                          0x08004380   Section        0  stm32f4xx_hal_uart.o(i.UART_DMAError)
    UART_DMAError                            0x08004381   Thumb Code    80  stm32f4xx_hal_uart.o(i.UART_DMAError)
    i.UART_DMAReceiveCplt                    0x080043d0   Section        0  stm32f4xx_hal_uart.o(i.UART_DMAReceiveCplt)
    UART_DMAReceiveCplt                      0x080043d1   Thumb Code   104  stm32f4xx_hal_uart.o(i.UART_DMAReceiveCplt)
    i.UART_DMARxHalfCplt                     0x08004438   Section        0  stm32f4xx_hal_uart.o(i.UART_DMARxHalfCplt)
    UART_DMARxHalfCplt                       0x08004439   Thumb Code    32  stm32f4xx_hal_uart.o(i.UART_DMARxHalfCplt)
    i.UART_DMATransmitCplt                   0x08004458   Section        0  stm32f4xx_hal_uart.o(i.UART_DMATransmitCplt)
    UART_DMATransmitCplt                     0x08004459   Thumb Code    54  stm32f4xx_hal_uart.o(i.UART_DMATransmitCplt)
    i.UART_DMATxHalfCplt                     0x0800448e   Section        0  stm32f4xx_hal_uart.o(i.UART_DMATxHalfCplt)
    UART_DMATxHalfCplt                       0x0800448f   Thumb Code    14  stm32f4xx_hal_uart.o(i.UART_DMATxHalfCplt)
    i.UART_EndRxTransfer                     0x0800449c   Section        0  stm32f4xx_hal_uart.o(i.UART_EndRxTransfer)
    UART_EndRxTransfer                       0x0800449d   Thumb Code    54  stm32f4xx_hal_uart.o(i.UART_EndRxTransfer)
    i.UART_EndTransmit_IT                    0x080044d2   Section        0  stm32f4xx_hal_uart.o(i.UART_EndTransmit_IT)
    UART_EndTransmit_IT                      0x080044d3   Thumb Code    32  stm32f4xx_hal_uart.o(i.UART_EndTransmit_IT)
    i.UART_EndTxTransfer                     0x080044f2   Section        0  stm32f4xx_hal_uart.o(i.UART_EndTxTransfer)
    UART_EndTxTransfer                       0x080044f3   Thumb Code    20  stm32f4xx_hal_uart.o(i.UART_EndTxTransfer)
    i.UART_Receive_IT                        0x08004506   Section        0  stm32f4xx_hal_uart.o(i.UART_Receive_IT)
    UART_Receive_IT                          0x08004507   Thumb Code   190  stm32f4xx_hal_uart.o(i.UART_Receive_IT)
    i.UART_SetConfig                         0x080045c4   Section        0  stm32f4xx_hal_uart.o(i.UART_SetConfig)
    UART_SetConfig                           0x080045c5   Thumb Code   546  stm32f4xx_hal_uart.o(i.UART_SetConfig)
    i.UART_Start_Receive_DMA                 0x080047f0   Section        0  stm32f4xx_hal_uart.o(i.UART_Start_Receive_DMA)
    i.UART_Transmit_IT                       0x08004888   Section        0  stm32f4xx_hal_uart.o(i.UART_Transmit_IT)
    UART_Transmit_IT                         0x08004889   Thumb Code    96  stm32f4xx_hal_uart.o(i.UART_Transmit_IT)
    i.USART1_IRQHandler                      0x080048e8   Section        0  stm32f4xx_it.o(i.USART1_IRQHandler)
    i.UsageFault_Handler                     0x080048f8   Section        0  stm32f4xx_it.o(i.UsageFault_Handler)
    i.WWDG_IRQHandler                        0x080048fc   Section        0  wwdg.o(i.WWDG_IRQHandler)
    i.__0sprintf$6                           0x0800490c   Section        0  printf6.o(i.__0sprintf$6)
    i.__NVIC_GetPriorityGrouping             0x08004934   Section        0  stm32f4xx_hal_cortex.o(i.__NVIC_GetPriorityGrouping)
    __NVIC_GetPriorityGrouping               0x08004935   Thumb Code    10  stm32f4xx_hal_cortex.o(i.__NVIC_GetPriorityGrouping)
    i.__NVIC_SetPriority                     0x08004944   Section        0  stm32f4xx_hal_cortex.o(i.__NVIC_SetPriority)
    __NVIC_SetPriority                       0x08004945   Thumb Code    32  stm32f4xx_hal_cortex.o(i.__NVIC_SetPriority)
    i.__scatterload_copy                     0x0800496c   Section       14  handlers.o(i.__scatterload_copy)
    i.__scatterload_null                     0x0800497a   Section        2  handlers.o(i.__scatterload_null)
    i.__scatterload_zeroinit                 0x0800497c   Section       14  handlers.o(i.__scatterload_zeroinit)
    i._printf_core                           0x0800498c   Section        0  printf6.o(i._printf_core)
    _printf_core                             0x0800498d   Thumb Code   748  printf6.o(i._printf_core)
    i._printf_post_padding                   0x08004c7c   Section        0  printf6.o(i._printf_post_padding)
    _printf_post_padding                     0x08004c7d   Thumb Code    36  printf6.o(i._printf_post_padding)
    i._printf_pre_padding                    0x08004ca0   Section        0  printf6.o(i._printf_pre_padding)
    _printf_pre_padding                      0x08004ca1   Thumb Code    46  printf6.o(i._printf_pre_padding)
    i._sputc                                 0x08004cce   Section        0  printf6.o(i._sputc)
    _sputc                                   0x08004ccf   Thumb Code    10  printf6.o(i._sputc)
    i.adc3_init_dma                          0x08004cd8   Section        0  adc.o(i.adc3_init_dma)
    i.bsp_key_10ms_scan                      0x08004d60   Section        0  key.o(i.bsp_key_10ms_scan)
    i.delay_init                             0x08004e00   Section        0  delay.o(i.delay_init)
    i.get_key_state                          0x08004e0c   Section        0  key.o(i.get_key_state)
    get_key_state                            0x08004e0d   Thumb Code   438  key.o(i.get_key_state)
    i.key_click_handle                       0x08004fc8   Section        0  main.o(i.key_click_handle)
    i.key_click_register_task                0x08005000   Section        0  key.o(i.key_click_register_task)
    i.key_double_click_handle                0x0800500c   Section        0  main.o(i.key_double_click_handle)
    i.key_double_click_register_task         0x08005044   Section        0  key.o(i.key_double_click_register_task)
    i.key_gpio_init                          0x08005050   Section        0  key.o(i.key_gpio_init)
    i.key_soft_init                          0x08005098   Section        0  key.o(i.key_soft_init)
    i.led_init                               0x080050f0   Section        0  led.o(i.led_init)
    i.loop_buffer_available                  0x0800518c   Section        0  usart_test.o(i.loop_buffer_available)
    i.loop_buffer_init                       0x080051ae   Section        0  usart_test.o(i.loop_buffer_init)
    i.loop_buffer_next_index                 0x080051ba   Section        0  usart_test.o(i.loop_buffer_next_index)
    i.loop_buffer_pop                        0x080051cc   Section        0  usart_test.o(i.loop_buffer_pop)
    i.loop_buffer_push                       0x080051f6   Section        0  usart_test.o(i.loop_buffer_push)
    i.loop_buffer_push_array                 0x0800521c   Section        0  usart_test.o(i.loop_buffer_push_array)
    i.main                                   0x08005244   Section        0  main.o(i.main)
    i.modbus_handle                          0x080052dc   Section        0  modbus.o(i.modbus_handle)
    i.modbus_init                            0x08005328   Section        0  modbus.o(i.modbus_init)
    i.modbus_loop_buffer_available           0x08005338   Section        0  usart_test.o(i.modbus_loop_buffer_available)
    i.modbus_loop_buffer_init                0x08005348   Section        0  usart_test.o(i.modbus_loop_buffer_init)
    i.modbus_loop_buffer_read                0x08005360   Section        0  usart_test.o(i.modbus_loop_buffer_read)
    i.my_usart_transmit_data                 0x08005374   Section        0  usart_test.o(i.my_usart_transmit_data)
    i.read_key_down_state                    0x0800538c   Section        0  key.o(i.read_key_down_state)
    read_key_down_state                      0x0800538d   Thumb Code    56  key.o(i.read_key_down_state)
    i.sys_stm32_clock_init                   0x080053c8   Section        0  sys.o(i.sys_stm32_clock_init)
    i.temp_humi_Capture_Init                 0x080054a4   Section        0  timer_capture.o(i.temp_humi_Capture_Init)
    i.temp_humi_capture_gpio_init            0x08005520   Section        0  timer_capture.o(i.temp_humi_capture_gpio_init)
    i.temp_humi_gpio_ouput                   0x0800556c   Section        0  temp_humi.o(i.temp_humi_gpio_ouput)
    i.usart_test_dma_init                    0x080055b4   Section        0  usart_test.o(i.usart_test_dma_init)
    i.wwdg_init                              0x08005624   Section        0  wwdg.o(i.wwdg_init)
    .constdata                               0x08005678   Section       30  main.o(.constdata)
    .constdata                               0x08005696   Section       24  system_stm32f4xx.o(.constdata)
    .constdata                               0x080056ae   Section        8  stm32f4xx_hal_dma.o(.constdata)
    flagBitshiftOffset                       0x080056ae   Data           8  stm32f4xx_hal_dma.o(.constdata)
    .data                                    0x20000000   Section        8  main.o(.data)
    .data                                    0x20000008   Section        4  system_stm32f4xx.o(.data)
    .data                                    0x2000000c   Section        4  delay.o(.data)
    g_fac_us                                 0x2000000c   Data           4  delay.o(.data)
    .data                                    0x20000010   Section        9  stm32f4xx_hal.o(.data)
    .data                                    0x2000001a   Section        3  modbus.o(.data)
    .data                                    0x2000001e   Section        2  wwdg.o(.data)
    count                                    0x2000001e   Data           2  wwdg.o(.data)
    .data                                    0x20000020   Section        5  light.o(.data)
    light_adc_buffer                         0x20000020   Data           4  light.o(.data)
    light_sample_done                        0x20000024   Data           1  light.o(.data)
    .data                                    0x20000026   Section        8  timer_capture.o(.data)
    DHT11_Last_Capture                       0x2000002a   Data           2  timer_capture.o(.data)
    DHT11_Capture_Started                    0x2000002c   Data           1  timer_capture.o(.data)
    .data                                    0x20000030   Section       12  key.o(.data)
    key_click_callback                       0x20000034   Data           4  key.o(.data)
    key_double_click_callback                0x20000038   Data           4  key.o(.data)
    .bss                                     0x2000003c   Section       60  main.o(.bss)
    main_nihao_print_buffer                  0x2000003c   Data          30  main.o(.bss)
    temp_printf_buffer                       0x2000005a   Data          30  main.o(.bss)
    .bss                                     0x20000078   Section      280  spi.o(.bss)
    .bss                                     0x20000190   Section      276  iic.o(.bss)
    .bss                                     0x200002a4   Section      528  usart_test.o(.bss)
    .bss                                     0x200004b4   Section      336  adc.o(.bss)
    .bss                                     0x20000604   Section      128  modbus.o(.bss)
    .bss                                     0x20000684   Section       20  wwdg.o(.bss)
    .bss                                     0x20000698   Section       30  light.o(.bss)
    temp_printf_buffer                       0x20000698   Data          30  light.o(.bss)
    .bss                                     0x200006b8   Section      192  timer.o(.bss)
    timer6_task                              0x20000700   Data         120  timer.o(.bss)
    .bss                                     0x20000778   Section      478  timer_capture.o(.bss)
    DHT11_Data_Buffer                        0x200007d0   Data         360  timer_capture.o(.bss)
    nihao_print_buffer                       0x20000938   Data          30  timer_capture.o(.bss)
    .bss                                     0x20000958   Section      100  key.o(.bss)
    key_temp_printf_buffer                   0x2000096c   Data          30  key.o(.bss)
    STACK                                    0x200009c0   Section     1024  startup_stm32f407xx.o(STACK)

    Global Symbols

    Symbol Name                              Value     Ov Type        Size  Object(Section)

    BuildAttributes$$THM_ISAv4$E$P$D$K$B$S$7EM$VFPi3$EXTD16$VFPS$VFMA$PE$A:L22UL41UL21$X:L11$S22US41US21$IEEE1$IW$USESV6$~STKCKD$USESV7$~SHL$OSPACE$ROPI$EBA8$MICROLIB$REQ8$PRES8$EABIv2 0x00000000   Number         0  anon$$obj.o ABSOLUTE
    __ARM_use_no_argv                        0x00000000   Number         0  main.o ABSOLUTE
    __use_no_errno                           0x00000000   Number         0  useno.o ABSOLUTE
    __use_no_exception_handling              0x00000000   Number         0  useno.o ABSOLUTE
    __use_no_fp                              0x00000000   Number         0  useno.o ABSOLUTE
    __use_no_heap                            0x00000000   Number         0  useno.o ABSOLUTE
    __use_no_heap_region                     0x00000000   Number         0  useno.o ABSOLUTE
    __use_no_semihosting                     0x00000000   Number         0  useno.o ABSOLUTE
    __use_no_semihosting_swi                 0x00000000   Number         0  useno.o ABSOLUTE
    __use_no_signal_handling                 0x00000000   Number         0  useno.o ABSOLUTE
    _printf_a                                0x00000000   Number         0  stubs.o ABSOLUTE
    _printf_c                                0x00000000   Number         0  stubs.o ABSOLUTE
    _printf_charcount                        0x00000000   Number         0  stubs.o ABSOLUTE
    _printf_d                                0x00000000   Number         0  stubs.o ABSOLUTE
    _printf_e                                0x00000000   Number         0  stubs.o ABSOLUTE
    _printf_f                                0x00000000   Number         0  stubs.o ABSOLUTE
    _printf_flags                            0x00000000   Number         0  stubs.o ABSOLUTE
    _printf_fp_dec                           0x00000000   Number         0  stubs.o ABSOLUTE
    _printf_fp_hex                           0x00000000   Number         0  stubs.o ABSOLUTE
    _printf_g                                0x00000000   Number         0  stubs.o ABSOLUTE
    _printf_i                                0x00000000   Number         0  stubs.o ABSOLUTE
    _printf_int_dec                          0x00000000   Number         0  stubs.o ABSOLUTE
    _printf_l                                0x00000000   Number         0  stubs.o ABSOLUTE
    _printf_lc                               0x00000000   Number         0  stubs.o ABSOLUTE
    _printf_ll                               0x00000000   Number         0  stubs.o ABSOLUTE
    _printf_lld                              0x00000000   Number         0  stubs.o ABSOLUTE
    _printf_lli                              0x00000000   Number         0  stubs.o ABSOLUTE
    _printf_llo                              0x00000000   Number         0  stubs.o ABSOLUTE
    _printf_llu                              0x00000000   Number         0  stubs.o ABSOLUTE
    _printf_llx                              0x00000000   Number         0  stubs.o ABSOLUTE
    _printf_longlong_dec                     0x00000000   Number         0  stubs.o ABSOLUTE
    _printf_longlong_hex                     0x00000000   Number         0  stubs.o ABSOLUTE
    _printf_longlong_oct                     0x00000000   Number         0  stubs.o ABSOLUTE
    _printf_ls                               0x00000000   Number         0  stubs.o ABSOLUTE
    _printf_mbtowc                           0x00000000   Number         0  stubs.o ABSOLUTE
    _printf_n                                0x00000000   Number         0  stubs.o ABSOLUTE
    _printf_o                                0x00000000   Number         0  stubs.o ABSOLUTE
    _printf_p                                0x00000000   Number         0  stubs.o ABSOLUTE
    _printf_percent                          0x00000000   Number         0  stubs.o ABSOLUTE
    _printf_pre_padding                      0x00000000   Number         0  stubs.o ABSOLUTE
    _printf_return_value                     0x00000000   Number         0  stubs.o ABSOLUTE
    _printf_s                                0x00000000   Number         0  stubs.o ABSOLUTE
    _printf_sizespec                         0x00000000   Number         0  stubs.o ABSOLUTE
    _printf_str                              0x00000000   Number         0  stubs.o ABSOLUTE
    _printf_truncate_signed                  0x00000000   Number         0  stubs.o ABSOLUTE
    _printf_truncate_unsigned                0x00000000   Number         0  stubs.o ABSOLUTE
    _printf_u                                0x00000000   Number         0  stubs.o ABSOLUTE
    _printf_wc                               0x00000000   Number         0  stubs.o ABSOLUTE
    _printf_wctomb                           0x00000000   Number         0  stubs.o ABSOLUTE
    _printf_widthprec                        0x00000000   Number         0  stubs.o ABSOLUTE
    _printf_x                                0x00000000   Number         0  stubs.o ABSOLUTE
    __cpp_initialize__aeabi_                  - Undefined Weak Reference
    __cxa_finalize                            - Undefined Weak Reference
    __decompress                              - Undefined Weak Reference
    _clock_init                               - Undefined Weak Reference
    _microlib_exit                            - Undefined Weak Reference
    __Vectors_Size                           0x00000188   Number         0  startup_stm32f407xx.o ABSOLUTE
    __Vectors                                0x08000000   Data           4  startup_stm32f407xx.o(RESET)
    __Vectors_End                            0x08000188   Data           0  startup_stm32f407xx.o(RESET)
    __main                                   0x08000189   Thumb Code     0  entry.o(.ARM.Collect$$$$00000000)
    _main_stk                                0x08000189   Thumb Code     0  entry2.o(.ARM.Collect$$$$00000001)
    _main_scatterload                        0x0800018d   Thumb Code     0  entry5.o(.ARM.Collect$$$$00000004)
    __main_after_scatterload                 0x08000191   Thumb Code     0  entry5.o(.ARM.Collect$$$$00000004)
    _main_clock                              0x08000191   Thumb Code     0  entry7b.o(.ARM.Collect$$$$00000008)
    _main_cpp_init                           0x08000191   Thumb Code     0  entry8b.o(.ARM.Collect$$$$0000000A)
    _main_init                               0x08000191   Thumb Code     0  entry9a.o(.ARM.Collect$$$$0000000B)
    __rt_final_cpp                           0x08000199   Thumb Code     0  entry10a.o(.ARM.Collect$$$$0000000D)
    __rt_final_exit                          0x08000199   Thumb Code     0  entry11a.o(.ARM.Collect$$$$0000000F)
    Reset_Handler                            0x0800019d   Thumb Code    18  startup_stm32f407xx.o(.text)
    CAN1_RX0_IRQHandler                      0x080001c1   Thumb Code     0  startup_stm32f407xx.o(.text)
    CAN1_RX1_IRQHandler                      0x080001c1   Thumb Code     0  startup_stm32f407xx.o(.text)
    CAN1_SCE_IRQHandler                      0x080001c1   Thumb Code     0  startup_stm32f407xx.o(.text)
    CAN1_TX_IRQHandler                       0x080001c1   Thumb Code     0  startup_stm32f407xx.o(.text)
    CAN2_RX0_IRQHandler                      0x080001c1   Thumb Code     0  startup_stm32f407xx.o(.text)
    CAN2_RX1_IRQHandler                      0x080001c1   Thumb Code     0  startup_stm32f407xx.o(.text)
    CAN2_SCE_IRQHandler                      0x080001c1   Thumb Code     0  startup_stm32f407xx.o(.text)
    CAN2_TX_IRQHandler                       0x080001c1   Thumb Code     0  startup_stm32f407xx.o(.text)
    DCMI_IRQHandler                          0x080001c1   Thumb Code     0  startup_stm32f407xx.o(.text)
    DMA1_Stream0_IRQHandler                  0x080001c1   Thumb Code     0  startup_stm32f407xx.o(.text)
    DMA1_Stream1_IRQHandler                  0x080001c1   Thumb Code     0  startup_stm32f407xx.o(.text)
    DMA1_Stream2_IRQHandler                  0x080001c1   Thumb Code     0  startup_stm32f407xx.o(.text)
    DMA1_Stream3_IRQHandler                  0x080001c1   Thumb Code     0  startup_stm32f407xx.o(.text)
    DMA1_Stream4_IRQHandler                  0x080001c1   Thumb Code     0  startup_stm32f407xx.o(.text)
    DMA1_Stream7_IRQHandler                  0x080001c1   Thumb Code     0  startup_stm32f407xx.o(.text)
    DMA2_Stream4_IRQHandler                  0x080001c1   Thumb Code     0  startup_stm32f407xx.o(.text)
    DMA2_Stream6_IRQHandler                  0x080001c1   Thumb Code     0  startup_stm32f407xx.o(.text)
    ETH_IRQHandler                           0x080001c1   Thumb Code     0  startup_stm32f407xx.o(.text)
    ETH_WKUP_IRQHandler                      0x080001c1   Thumb Code     0  startup_stm32f407xx.o(.text)
    EXTI0_IRQHandler                         0x080001c1   Thumb Code     0  startup_stm32f407xx.o(.text)
    EXTI15_10_IRQHandler                     0x080001c1   Thumb Code     0  startup_stm32f407xx.o(.text)
    EXTI1_IRQHandler                         0x080001c1   Thumb Code     0  startup_stm32f407xx.o(.text)
    EXTI2_IRQHandler                         0x080001c1   Thumb Code     0  startup_stm32f407xx.o(.text)
    EXTI3_IRQHandler                         0x080001c1   Thumb Code     0  startup_stm32f407xx.o(.text)
    EXTI4_IRQHandler                         0x080001c1   Thumb Code     0  startup_stm32f407xx.o(.text)
    EXTI9_5_IRQHandler                       0x080001c1   Thumb Code     0  startup_stm32f407xx.o(.text)
    FLASH_IRQHandler                         0x080001c1   Thumb Code     0  startup_stm32f407xx.o(.text)
    FMC_IRQHandler                           0x080001c1   Thumb Code     0  startup_stm32f407xx.o(.text)
    FPU_IRQHandler                           0x080001c1   Thumb Code     0  startup_stm32f407xx.o(.text)
    HASH_RNG_IRQHandler                      0x080001c1   Thumb Code     0  startup_stm32f407xx.o(.text)
    I2C1_ER_IRQHandler                       0x080001c1   Thumb Code     0  startup_stm32f407xx.o(.text)
    I2C2_ER_IRQHandler                       0x080001c1   Thumb Code     0  startup_stm32f407xx.o(.text)
    I2C2_EV_IRQHandler                       0x080001c1   Thumb Code     0  startup_stm32f407xx.o(.text)
    I2C3_ER_IRQHandler                       0x080001c1   Thumb Code     0  startup_stm32f407xx.o(.text)
    I2C3_EV_IRQHandler                       0x080001c1   Thumb Code     0  startup_stm32f407xx.o(.text)
    OTG_FS_IRQHandler                        0x080001c1   Thumb Code     0  startup_stm32f407xx.o(.text)
    OTG_FS_WKUP_IRQHandler                   0x080001c1   Thumb Code     0  startup_stm32f407xx.o(.text)
    OTG_HS_EP1_IN_IRQHandler                 0x080001c1   Thumb Code     0  startup_stm32f407xx.o(.text)
    OTG_HS_EP1_OUT_IRQHandler                0x080001c1   Thumb Code     0  startup_stm32f407xx.o(.text)
    OTG_HS_IRQHandler                        0x080001c1   Thumb Code     0  startup_stm32f407xx.o(.text)
    OTG_HS_WKUP_IRQHandler                   0x080001c1   Thumb Code     0  startup_stm32f407xx.o(.text)
    PVD_IRQHandler                           0x080001c1   Thumb Code     0  startup_stm32f407xx.o(.text)
    RCC_IRQHandler                           0x080001c1   Thumb Code     0  startup_stm32f407xx.o(.text)
    RTC_Alarm_IRQHandler                     0x080001c1   Thumb Code     0  startup_stm32f407xx.o(.text)
    RTC_WKUP_IRQHandler                      0x080001c1   Thumb Code     0  startup_stm32f407xx.o(.text)
    SDIO_IRQHandler                          0x080001c1   Thumb Code     0  startup_stm32f407xx.o(.text)
    SPI2_IRQHandler                          0x080001c1   Thumb Code     0  startup_stm32f407xx.o(.text)
    SPI3_IRQHandler                          0x080001c1   Thumb Code     0  startup_stm32f407xx.o(.text)
    TAMP_STAMP_IRQHandler                    0x080001c1   Thumb Code     0  startup_stm32f407xx.o(.text)
    TIM1_CC_IRQHandler                       0x080001c1   Thumb Code     0  startup_stm32f407xx.o(.text)
    TIM1_TRG_COM_TIM11_IRQHandler            0x080001c1   Thumb Code     0  startup_stm32f407xx.o(.text)
    TIM1_UP_TIM10_IRQHandler                 0x080001c1   Thumb Code     0  startup_stm32f407xx.o(.text)
    TIM2_IRQHandler                          0x080001c1   Thumb Code     0  startup_stm32f407xx.o(.text)
    TIM3_IRQHandler                          0x080001c1   Thumb Code     0  startup_stm32f407xx.o(.text)
    TIM4_IRQHandler                          0x080001c1   Thumb Code     0  startup_stm32f407xx.o(.text)
    TIM5_IRQHandler                          0x080001c1   Thumb Code     0  startup_stm32f407xx.o(.text)
    TIM7_IRQHandler                          0x080001c1   Thumb Code     0  startup_stm32f407xx.o(.text)
    TIM8_BRK_TIM12_IRQHandler                0x080001c1   Thumb Code     0  startup_stm32f407xx.o(.text)
    TIM8_CC_IRQHandler                       0x080001c1   Thumb Code     0  startup_stm32f407xx.o(.text)
    TIM8_TRG_COM_TIM14_IRQHandler            0x080001c1   Thumb Code     0  startup_stm32f407xx.o(.text)
    TIM8_UP_TIM13_IRQHandler                 0x080001c1   Thumb Code     0  startup_stm32f407xx.o(.text)
    UART4_IRQHandler                         0x080001c1   Thumb Code     0  startup_stm32f407xx.o(.text)
    UART5_IRQHandler                         0x080001c1   Thumb Code     0  startup_stm32f407xx.o(.text)
    USART2_IRQHandler                        0x080001c1   Thumb Code     0  startup_stm32f407xx.o(.text)
    USART3_IRQHandler                        0x080001c1   Thumb Code     0  startup_stm32f407xx.o(.text)
    USART6_IRQHandler                        0x080001c1   Thumb Code     0  startup_stm32f407xx.o(.text)
    __aeabi_uldivmod                         0x080001d1   Thumb Code    98  uldiv.o(.text)
    __aeabi_memcpy                           0x08000233   Thumb Code    36  memcpya.o(.text)
    __aeabi_memcpy4                          0x08000233   Thumb Code     0  memcpya.o(.text)
    __aeabi_memcpy8                          0x08000233   Thumb Code     0  memcpya.o(.text)
    __aeabi_memset                           0x08000257   Thumb Code    14  memseta.o(.text)
    __aeabi_memset4                          0x08000257   Thumb Code     0  memseta.o(.text)
    __aeabi_memset8                          0x08000257   Thumb Code     0  memseta.o(.text)
    __aeabi_memclr                           0x08000265   Thumb Code     4  memseta.o(.text)
    __aeabi_memclr4                          0x08000265   Thumb Code     0  memseta.o(.text)
    __aeabi_memclr8                          0x08000265   Thumb Code     0  memseta.o(.text)
    _memset$wrapper                          0x08000269   Thumb Code    18  memseta.o(.text)
    __aeabi_uidiv                            0x0800027b   Thumb Code     0  uidiv.o(.text)
    __aeabi_uidivmod                         0x0800027b   Thumb Code    44  uidiv.o(.text)
    __aeabi_llsl                             0x080002a7   Thumb Code    30  llshl.o(.text)
    _ll_shift_l                              0x080002a7   Thumb Code     0  llshl.o(.text)
    __aeabi_llsr                             0x080002c5   Thumb Code    32  llushr.o(.text)
    _ll_ushift_r                             0x080002c5   Thumb Code     0  llushr.o(.text)
    __scatterload                            0x080002e5   Thumb Code    28  init.o(.text)
    __scatterload_rt2                        0x080002e5   Thumb Code     0  init.o(.text)
    ADC_IRQHandler                           0x080003b1   Thumb Code    10  adc.o(i.ADC_IRQHandler)
    BusFault_Handler                         0x08000521   Thumb Code     4  stm32f4xx_it.o(i.BusFault_Handler)
    DHT11_Data_Handle                        0x08000525   Thumb Code   212  timer_capture.o(i.DHT11_Data_Handle)
    DHT11_Get_Temp_Humi_Start                0x08000601   Thumb Code    44  timer_capture.o(i.DHT11_Get_Temp_Humi_Start)
    DHT11_Get_Temp_Humi_Stop                 0x08000645   Thumb Code    56  timer_capture.o(i.DHT11_Get_Temp_Humi_Stop)
    DHT11_Loop_Handle                        0x08000681   Thumb Code    62  timer_capture.o(i.DHT11_Loop_Handle)
    DHT11_StartCapture_Callback              0x080006e1   Thumb Code    20  timer_capture.o(i.DHT11_StartCapture_Callback)
    DHT11_Wait_DataBack                      0x080006fd   Thumb Code    78  timer_capture.o(i.DHT11_Wait_DataBack)
    DMA1_Stream5_IRQHandler                  0x08000759   Thumb Code    10  iic.o(i.DMA1_Stream5_IRQHandler)
    DMA1_Stream6_IRQHandler                  0x08000769   Thumb Code    10  iic.o(i.DMA1_Stream6_IRQHandler)
    DMA2_Stream0_IRQHandler                  0x08000779   Thumb Code    10  adc.o(i.DMA2_Stream0_IRQHandler)
    DMA2_Stream1_IRQHandler                  0x08000789   Thumb Code    10  adc.o(i.DMA2_Stream1_IRQHandler)
    DMA2_Stream2_IRQHandler                  0x08000799   Thumb Code    10  spi.o(i.DMA2_Stream2_IRQHandler)
    DMA2_Stream3_IRQHandler                  0x080007a9   Thumb Code    10  spi.o(i.DMA2_Stream3_IRQHandler)
    DMA2_Stream5_IRQHandler                  0x080007b9   Thumb Code    10  stm32f4xx_it.o(i.DMA2_Stream5_IRQHandler)
    DMA2_Stream7_IRQHandler                  0x080007c9   Thumb Code    10  stm32f4xx_it.o(i.DMA2_Stream7_IRQHandler)
    DebugMon_Handler                         0x080008e3   Thumb Code     2  stm32f4xx_it.o(i.DebugMon_Handler)
    HAL_ADCEx_InjectedConvCpltCallback       0x080008e5   Thumb Code     2  stm32f4xx_hal_adc_ex.o(i.HAL_ADCEx_InjectedConvCpltCallback)
    HAL_ADC_ConfigChannel                    0x080008e9   Thumb Code   380  stm32f4xx_hal_adc.o(i.HAL_ADC_ConfigChannel)
    HAL_ADC_ConvCpltCallback                 0x08000a75   Thumb Code    34  adc.o(i.HAL_ADC_ConvCpltCallback)
    HAL_ADC_ConvHalfCpltCallback             0x08000aa5   Thumb Code     2  stm32f4xx_hal_adc.o(i.HAL_ADC_ConvHalfCpltCallback)
    HAL_ADC_ErrorCallback                    0x08000aa7   Thumb Code     2  stm32f4xx_hal_adc.o(i.HAL_ADC_ErrorCallback)
    HAL_ADC_IRQHandler                       0x08000aa9   Thumb Code   372  stm32f4xx_hal_adc.o(i.HAL_ADC_IRQHandler)
    HAL_ADC_Init                             0x08000c1d   Thumb Code   100  stm32f4xx_hal_adc.o(i.HAL_ADC_Init)
    HAL_ADC_LevelOutOfWindowCallback         0x08000c85   Thumb Code     2  stm32f4xx_hal_adc.o(i.HAL_ADC_LevelOutOfWindowCallback)
    HAL_ADC_MspInit                          0x08000c89   Thumb Code   420  adc.o(i.HAL_ADC_MspInit)
    HAL_ADC_Start_DMA                        0x08000e55   Thumb Code   398  stm32f4xx_hal_adc.o(i.HAL_ADC_Start_DMA)
    HAL_DMA_Abort                            0x08001009   Thumb Code   170  stm32f4xx_hal_dma.o(i.HAL_DMA_Abort)
    HAL_DMA_Abort_IT                         0x080010b3   Thumb Code    40  stm32f4xx_hal_dma.o(i.HAL_DMA_Abort_IT)
    HAL_DMA_GetState                         0x080010db   Thumb Code     8  stm32f4xx_hal_dma.o(i.HAL_DMA_GetState)
    HAL_DMA_IRQHandler                       0x080010e5   Thumb Code   570  stm32f4xx_hal_dma.o(i.HAL_DMA_IRQHandler)
    HAL_DMA_Init                             0x08001325   Thumb Code   232  stm32f4xx_hal_dma.o(i.HAL_DMA_Init)
    HAL_DMA_Start_IT                         0x08001411   Thumb Code   146  stm32f4xx_hal_dma.o(i.HAL_DMA_Start_IT)
    HAL_GPIO_Init                            0x080014a5   Thumb Code   470  stm32f4xx_hal_gpio.o(i.HAL_GPIO_Init)
    HAL_GPIO_ReadPin                         0x080016a9   Thumb Code    16  stm32f4xx_hal_gpio.o(i.HAL_GPIO_ReadPin)
    HAL_GPIO_TogglePin                       0x080016b9   Thumb Code    20  stm32f4xx_hal_gpio.o(i.HAL_GPIO_TogglePin)
    HAL_GPIO_WritePin                        0x080016cd   Thumb Code    12  stm32f4xx_hal_gpio.o(i.HAL_GPIO_WritePin)
    HAL_GetREVID                             0x080016d9   Thumb Code     8  stm32f4xx_hal.o(i.HAL_GetREVID)
    HAL_GetTick                              0x080016e5   Thumb Code     6  stm32f4xx_hal.o(i.HAL_GetTick)
    HAL_I2C_AbortCpltCallback                0x080016f1   Thumb Code     2  stm32f4xx_hal_i2c.o(i.HAL_I2C_AbortCpltCallback)
    HAL_I2C_AddrCallback                     0x080016f3   Thumb Code     2  stm32f4xx_hal_i2c.o(i.HAL_I2C_AddrCallback)
    HAL_I2C_EV_IRQHandler                    0x080016f5   Thumb Code   468  stm32f4xx_hal_i2c.o(i.HAL_I2C_EV_IRQHandler)
    HAL_I2C_ErrorCallback                    0x080018c9   Thumb Code     2  stm32f4xx_hal_i2c.o(i.HAL_I2C_ErrorCallback)
    HAL_I2C_ListenCpltCallback               0x080018cb   Thumb Code     2  stm32f4xx_hal_i2c.o(i.HAL_I2C_ListenCpltCallback)
    HAL_I2C_MasterRxCpltCallback             0x080018cd   Thumb Code     2  stm32f4xx_hal_i2c.o(i.HAL_I2C_MasterRxCpltCallback)
    HAL_I2C_MasterTxCpltCallback             0x080018cf   Thumb Code     2  stm32f4xx_hal_i2c.o(i.HAL_I2C_MasterTxCpltCallback)
    HAL_I2C_MemRxCpltCallback                0x080018d1   Thumb Code     2  stm32f4xx_hal_i2c.o(i.HAL_I2C_MemRxCpltCallback)
    HAL_I2C_MemTxCpltCallback                0x080018d3   Thumb Code     2  stm32f4xx_hal_i2c.o(i.HAL_I2C_MemTxCpltCallback)
    HAL_I2C_SlaveRxCpltCallback              0x080018d5   Thumb Code     2  stm32f4xx_hal_i2c.o(i.HAL_I2C_SlaveRxCpltCallback)
    HAL_I2C_SlaveTxCpltCallback              0x080018d7   Thumb Code     2  stm32f4xx_hal_i2c.o(i.HAL_I2C_SlaveTxCpltCallback)
    HAL_IncTick                              0x080018d9   Thumb Code    16  stm32f4xx_hal.o(i.HAL_IncTick)
    HAL_Init                                 0x080018f1   Thumb Code    44  stm32f4xx_hal.o(i.HAL_Init)
    HAL_InitTick                             0x08001921   Thumb Code    64  stm32f4xx_hal.o(i.HAL_InitTick)
    HAL_MspInit                              0x0800196d   Thumb Code     2  stm32f4xx_hal.o(i.HAL_MspInit)
    HAL_NVIC_EnableIRQ                       0x0800196f   Thumb Code    32  stm32f4xx_hal_cortex.o(i.HAL_NVIC_EnableIRQ)
    HAL_NVIC_SetPriority                     0x0800198f   Thumb Code   124  stm32f4xx_hal_cortex.o(i.HAL_NVIC_SetPriority)
    HAL_NVIC_SetPriorityGrouping             0x08001a0d   Thumb Code    32  stm32f4xx_hal_cortex.o(i.HAL_NVIC_SetPriorityGrouping)
    HAL_RCC_ClockConfig                      0x08001a35   Thumb Code   368  stm32f4xx_hal_rcc.o(i.HAL_RCC_ClockConfig)
    HAL_RCC_GetHCLKFreq                      0x08001bb9   Thumb Code     6  stm32f4xx_hal_rcc.o(i.HAL_RCC_GetHCLKFreq)
    HAL_RCC_GetPCLK1Freq                     0x08001bc5   Thumb Code    22  stm32f4xx_hal_rcc.o(i.HAL_RCC_GetPCLK1Freq)
    HAL_RCC_GetPCLK2Freq                     0x08001be5   Thumb Code    22  stm32f4xx_hal_rcc.o(i.HAL_RCC_GetPCLK2Freq)
    HAL_RCC_GetSysClockFreq                  0x08001c05   Thumb Code   162  stm32f4xx_hal_rcc.o(i.HAL_RCC_GetSysClockFreq)
    HAL_RCC_OscConfig                        0x08001cb5   Thumb Code  1172  stm32f4xx_hal_rcc.o(i.HAL_RCC_OscConfig)
    HAL_SPI_ErrorCallback                    0x08002151   Thumb Code     2  stm32f4xx_hal_spi.o(i.HAL_SPI_ErrorCallback)
    HAL_SPI_IRQHandler                       0x08002155   Thumb Code   342  stm32f4xx_hal_spi.o(i.HAL_SPI_IRQHandler)
    HAL_SYSTICK_Config                       0x080022b1   Thumb Code    52  stm32f4xx_hal_cortex.o(i.HAL_SYSTICK_Config)
    HAL_TIMEx_BreakCallback                  0x080022e5   Thumb Code     2  stm32f4xx_hal_tim_ex.o(i.HAL_TIMEx_BreakCallback)
    HAL_TIMEx_CommutCallback                 0x080022e7   Thumb Code     2  stm32f4xx_hal_tim_ex.o(i.HAL_TIMEx_CommutCallback)
    HAL_TIM_Base_Init                        0x080022e9   Thumb Code   102  stm32f4xx_hal_tim.o(i.HAL_TIM_Base_Init)
    HAL_TIM_Base_MspInit                     0x0800234f   Thumb Code     2  stm32f4xx_hal_tim.o(i.HAL_TIM_Base_MspInit)
    HAL_TIM_Base_Start_IT                    0x08002351   Thumb Code   138  stm32f4xx_hal_tim.o(i.HAL_TIM_Base_Start_IT)
    HAL_TIM_IC_CaptureCallback               0x080023f9   Thumb Code   150  timer_capture.o(i.HAL_TIM_IC_CaptureCallback)
    HAL_TIM_IC_ConfigChannel                 0x080024b1   Thumb Code   212  stm32f4xx_hal_tim.o(i.HAL_TIM_IC_ConfigChannel)
    HAL_TIM_IC_Init                          0x08002585   Thumb Code   102  stm32f4xx_hal_tim.o(i.HAL_TIM_IC_Init)
    HAL_TIM_IC_MspInit                       0x080025ed   Thumb Code   132  timer_capture.o(i.HAL_TIM_IC_MspInit)
    HAL_TIM_IC_Start_IT                      0x0800267d   Thumb Code   364  stm32f4xx_hal_tim.o(i.HAL_TIM_IC_Start_IT)
    HAL_TIM_IC_Stop_IT                       0x08002805   Thumb Code   214  stm32f4xx_hal_tim.o(i.HAL_TIM_IC_Stop_IT)
    HAL_TIM_IRQHandler                       0x080028db   Thumb Code   406  stm32f4xx_hal_tim.o(i.HAL_TIM_IRQHandler)
    HAL_TIM_OC_DelayElapsedCallback          0x08002a71   Thumb Code     2  stm32f4xx_hal_tim.o(i.HAL_TIM_OC_DelayElapsedCallback)
    HAL_TIM_PWM_PulseFinishedCallback        0x08002a73   Thumb Code     2  stm32f4xx_hal_tim.o(i.HAL_TIM_PWM_PulseFinishedCallback)
    HAL_TIM_PeriodElapsedCallback            0x08002a75   Thumb Code   154  timer.o(i.HAL_TIM_PeriodElapsedCallback)
    HAL_TIM_ReadCapturedValue                0x08002b21   Thumb Code    50  stm32f4xx_hal_tim.o(i.HAL_TIM_ReadCapturedValue)
    HAL_TIM_TriggerCallback                  0x08002b53   Thumb Code     2  stm32f4xx_hal_tim.o(i.HAL_TIM_TriggerCallback)
    HAL_UARTEx_ReceiveToIdle_DMA             0x08002b55   Thumb Code   114  stm32f4xx_hal_uart.o(i.HAL_UARTEx_ReceiveToIdle_DMA)
    HAL_UARTEx_RxEventCallback               0x08002bc9   Thumb Code    56  usart_test.o(i.HAL_UARTEx_RxEventCallback)
    HAL_UART_ErrorCallback                   0x08002c11   Thumb Code     2  stm32f4xx_hal_uart.o(i.HAL_UART_ErrorCallback)
    HAL_UART_IRQHandler                      0x08002c15   Thumb Code   586  stm32f4xx_hal_uart.o(i.HAL_UART_IRQHandler)
    HAL_UART_Init                            0x08002e65   Thumb Code   114  stm32f4xx_hal_uart.o(i.HAL_UART_Init)
    HAL_UART_MspInit                         0x08002ed9   Thumb Code   362  usart_test.o(i.HAL_UART_MspInit)
    HAL_UART_RxCpltCallback                  0x08003061   Thumb Code     2  stm32f4xx_hal_uart.o(i.HAL_UART_RxCpltCallback)
    HAL_UART_RxHalfCpltCallback              0x08003063   Thumb Code     2  stm32f4xx_hal_uart.o(i.HAL_UART_RxHalfCpltCallback)
    HAL_UART_Transmit_DMA                    0x08003065   Thumb Code   142  stm32f4xx_hal_uart.o(i.HAL_UART_Transmit_DMA)
    HAL_UART_TxCpltCallback                  0x08003101   Thumb Code    16  usart_test.o(i.HAL_UART_TxCpltCallback)
    HAL_UART_TxHalfCpltCallback              0x08003119   Thumb Code     2  stm32f4xx_hal_uart.o(i.HAL_UART_TxHalfCpltCallback)
    HAL_WWDG_EarlyWakeupCallback             0x0800311d   Thumb Code    72  wwdg.o(i.HAL_WWDG_EarlyWakeupCallback)
    HAL_WWDG_IRQHandler                      0x08003175   Thumb Code    40  stm32f4xx_hal_wwdg.o(i.HAL_WWDG_IRQHandler)
    HAL_WWDG_Init                            0x0800319d   Thumb Code    44  stm32f4xx_hal_wwdg.o(i.HAL_WWDG_Init)
    HAL_WWDG_MspInit                         0x080031c9   Thumb Code    62  wwdg.o(i.HAL_WWDG_MspInit)
    HAL_WWDG_Refresh                         0x08003211   Thumb Code    12  stm32f4xx_hal_wwdg.o(i.HAL_WWDG_Refresh)
    HardFault_Handler                        0x0800321d   Thumb Code     4  stm32f4xx_it.o(i.HardFault_Handler)
    I2C1_EV_IRQHandler                       0x08003221   Thumb Code    10  iic.o(i.I2C1_EV_IRQHandler)
    Light_AdcDmaCpltCallback                 0x08003f45   Thumb Code     8  light.o(i.Light_AdcDmaCpltCallback)
    Light_Handle                             0x08003f51   Thumb Code    42  light.o(i.Light_Handle)
    Light_Init                               0x08003f95   Thumb Code     8  light.o(i.Light_Init)
    Light_TimerCallback                      0x08003fa1   Thumb Code    14  light.o(i.Light_TimerCallback)
    MemManage_Handler                        0x08003fb9   Thumb Code     4  stm32f4xx_it.o(i.MemManage_Handler)
    NMI_Handler                              0x08003fbd   Thumb Code     2  stm32f4xx_it.o(i.NMI_Handler)
    PendSV_Handler                           0x08003fbf   Thumb Code     2  stm32f4xx_it.o(i.PendSV_Handler)
    SPI1_IRQHandler                          0x08003fc1   Thumb Code    10  spi.o(i.SPI1_IRQHandler)
    SVC_Handler                              0x08003fe5   Thumb Code     2  stm32f4xx_it.o(i.SVC_Handler)
    SysTick_Handler                          0x08003fe7   Thumb Code     8  stm32f4xx_it.o(i.SysTick_Handler)
    SystemInit                               0x08003ff1   Thumb Code    14  system_stm32f4xx.o(i.SystemInit)
    TIM1_BRK_TIM9_IRQHandler                 0x08004005   Thumb Code    10  timer_capture.o(i.TIM1_BRK_TIM9_IRQHandler)
    TIM6_DAC_IRQHandler                      0x08004015   Thumb Code    10  timer.o(i.TIM6_DAC_IRQHandler)
    TIM_Base_SetConfig                       0x08004025   Thumb Code   170  stm32f4xx_hal_tim.o(i.TIM_Base_SetConfig)
    TIM_CCxChannelCmd                        0x080040fd   Thumb Code    34  stm32f4xx_hal_tim.o(i.TIM_CCxChannelCmd)
    TIM_TI1_SetConfig                        0x08004121   Thumb Code   114  stm32f4xx_hal_tim.o(i.TIM_TI1_SetConfig)
    Timer6_Init                              0x08004261   Thumb Code   100  timer.o(i.Timer6_Init)
    Timer6_RegisterTask                      0x080042d1   Thumb Code    94  timer.o(i.Timer6_RegisterTask)
    Timer6_UnRegisterTask                    0x08004335   Thumb Code    52  timer.o(i.Timer6_UnRegisterTask)
    UART_Start_Receive_DMA                   0x080047f1   Thumb Code   138  stm32f4xx_hal_uart.o(i.UART_Start_Receive_DMA)
    USART1_IRQHandler                        0x080048e9   Thumb Code    10  stm32f4xx_it.o(i.USART1_IRQHandler)
    UsageFault_Handler                       0x080048f9   Thumb Code     4  stm32f4xx_it.o(i.UsageFault_Handler)
    WWDG_IRQHandler                          0x080048fd   Thumb Code    10  wwdg.o(i.WWDG_IRQHandler)
    __0sprintf$6                             0x0800490d   Thumb Code    34  printf6.o(i.__0sprintf$6)
    __1sprintf$6                             0x0800490d   Thumb Code     0  printf6.o(i.__0sprintf$6)
    __2sprintf                               0x0800490d   Thumb Code     0  printf6.o(i.__0sprintf$6)
    __scatterload_copy                       0x0800496d   Thumb Code    14  handlers.o(i.__scatterload_copy)
    __scatterload_null                       0x0800497b   Thumb Code     2  handlers.o(i.__scatterload_null)
    __scatterload_zeroinit                   0x0800497d   Thumb Code    14  handlers.o(i.__scatterload_zeroinit)
    adc3_init_dma                            0x08004cd9   Thumb Code   120  adc.o(i.adc3_init_dma)
    bsp_key_10ms_scan                        0x08004d61   Thumb Code   146  key.o(i.bsp_key_10ms_scan)
    delay_init                               0x08004e01   Thumb Code     6  delay.o(i.delay_init)
    key_click_handle                         0x08004fc9   Thumb Code    30  main.o(i.key_click_handle)
    key_click_register_task                  0x08005001   Thumb Code     6  key.o(i.key_click_register_task)
    key_double_click_handle                  0x0800500d   Thumb Code    32  main.o(i.key_double_click_handle)
    key_double_click_register_task           0x08005045   Thumb Code     6  key.o(i.key_double_click_register_task)
    key_gpio_init                            0x08005051   Thumb Code    60  key.o(i.key_gpio_init)
    key_soft_init                            0x08005099   Thumb Code    78  key.o(i.key_soft_init)
    led_init                                 0x080050f1   Thumb Code   146  led.o(i.led_init)
    loop_buffer_available                    0x0800518d   Thumb Code    34  usart_test.o(i.loop_buffer_available)
    loop_buffer_init                         0x080051af   Thumb Code    12  usart_test.o(i.loop_buffer_init)
    loop_buffer_next_index                   0x080051bb   Thumb Code    18  usart_test.o(i.loop_buffer_next_index)
    loop_buffer_pop                          0x080051cd   Thumb Code    42  usart_test.o(i.loop_buffer_pop)
    loop_buffer_push                         0x080051f7   Thumb Code    38  usart_test.o(i.loop_buffer_push)
    loop_buffer_push_array                   0x0800521d   Thumb Code    40  usart_test.o(i.loop_buffer_push_array)
    main                                     0x08005245   Thumb Code   128  main.o(i.main)
    modbus_handle                            0x080052dd   Thumb Code    62  modbus.o(i.modbus_handle)
    modbus_init                              0x08005329   Thumb Code    16  modbus.o(i.modbus_init)
    modbus_loop_buffer_available             0x08005339   Thumb Code    10  usart_test.o(i.modbus_loop_buffer_available)
    modbus_loop_buffer_init                  0x08005349   Thumb Code    14  usart_test.o(i.modbus_loop_buffer_init)
    modbus_loop_buffer_read                  0x08005361   Thumb Code    14  usart_test.o(i.modbus_loop_buffer_read)
    my_usart_transmit_data                   0x08005375   Thumb Code    18  usart_test.o(i.my_usart_transmit_data)
    sys_stm32_clock_init                     0x080053c9   Thumb Code   208  sys.o(i.sys_stm32_clock_init)
    temp_humi_Capture_Init                   0x080054a5   Thumb Code   106  timer_capture.o(i.temp_humi_Capture_Init)
    temp_humi_capture_gpio_init              0x08005521   Thumb Code    68  timer_capture.o(i.temp_humi_capture_gpio_init)
    temp_humi_gpio_ouput                     0x0800556d   Thumb Code    64  temp_humi.o(i.temp_humi_gpio_ouput)
    usart_test_dma_init                      0x080055b5   Thumb Code    96  usart_test.o(i.usart_test_dma_init)
    wwdg_init                                0x08005625   Thumb Code    72  wwdg.o(i.wwdg_init)
    AHBPrescTable                            0x08005696   Data          16  system_stm32f4xx.o(.constdata)
    APBPrescTable                            0x080056a6   Data           8  system_stm32f4xx.o(.constdata)
    Region$$Table$$Base                      0x080056b8   Number         0  anon$$obj.o(Region$$Table)
    Region$$Table$$Limit                     0x080056d8   Number         0  anon$$obj.o(Region$$Table)
    temp_adc_value                           0x20000000   Data           4  main.o(.data)
    flag_adc_get_done                        0x20000004   Data           1  main.o(.data)
    Light_Loop_Time                          0x20000005   Data           1  main.o(.data)
    usart_send_done                          0x20000006   Data           1  main.o(.data)
    main_nihao_print_count                   0x20000007   Data           1  main.o(.data)
    SystemCoreClock                          0x20000008   Data           4  system_stm32f4xx.o(.data)
    uwTick                                   0x20000010   Data           4  stm32f4xx_hal.o(.data)
    uwTickPrio                               0x20000014   Data           4  stm32f4xx_hal.o(.data)
    uwTickFreq                               0x20000018   Data           1  stm32f4xx_hal.o(.data)
    modbus_receive_count                     0x2000001a   Data           2  modbus.o(.data)
    modbus_receive_flag_done                 0x2000001c   Data           1  modbus.o(.data)
    DHT11_Capture_Done                       0x20000026   Data           1  timer_capture.o(.data)
    DHT11_Edge_Count                         0x20000028   Data           2  timer_capture.o(.data)
    Timer_Wait_DHT11Back_HandleFlag          0x2000002d   Data           1  timer_capture.o(.data)
    key_temp_printf_count                    0x20000030   Data           1  key.o(.data)
    spi1_handletypedef                       0x20000078   Data          88  spi.o(.bss)
    spi1_tx                                  0x200000d0   Data          96  spi.o(.bss)
    spi1_rx                                  0x20000130   Data          96  spi.o(.bss)
    IIC1_handle                              0x20000190   Data          84  iic.o(.bss)
    IIC1_TX_DMAHandle                        0x200001e4   Data          96  iic.o(.bss)
    IIC1_RX_DMAHandle                        0x20000244   Data          96  iic.o(.bss)
    usart_handle                             0x200002a4   Data          68  usart_test.o(.bss)
    usart_rx_handle                          0x200002e8   Data          96  usart_test.o(.bss)
    usart_tx_handle                          0x20000348   Data          96  usart_test.o(.bss)
    modbus_recieve_struct                    0x200003a8   Data          12  usart_test.o(.bss)
    modbus_receive_buffer                    0x200003b4   Data         128  usart_test.o(.bss)
    usart_rx_buffer                          0x20000434   Data         128  usart_test.o(.bss)
    dma_adc_handle                           0x200004b4   Data          96  adc.o(.bss)
    adc_handle                               0x20000514   Data          72  adc.o(.bss)
    dma_adc3_handle                          0x2000055c   Data          96  adc.o(.bss)
    adc3_handle                              0x200005bc   Data          72  adc.o(.bss)
    modbus_handle_buffer                     0x20000604   Data         128  modbus.o(.bss)
    wwdg_handle                              0x20000684   Data          20  wwdg.o(.bss)
    timer6_handle                            0x200006b8   Data          72  timer.o(.bss)
    TIM9_Handle                              0x20000778   Data          72  timer_capture.o(.bss)
    TIM9_Channel_Handle                      0x200007c0   Data          16  timer_capture.o(.bss)
    led_gpio_init_struct                     0x20000958   Data          20  key.o(.bss)
    key_params                               0x2000098c   Data          48  key.o(.bss)
    __initial_sp                             0x20000dc0   Data           0  startup_stm32f407xx.o(STACK)



==============================================================================

Memory Map of the image

  Image Entry point : 0x08000189

  Load Region LR_IROM1 (Base: 0x08000000, Size: 0x00005714, Max: 0x00100000, ABSOLUTE)

    Execution Region ER_IROM1 (Exec base: 0x08000000, Load base: 0x08000000, Size: 0x000056d8, Max: 0x00100000, ABSOLUTE)

    Exec Addr    Load Addr    Size         Type   Attr      Idx    E Section Name        Object

    0x08000000   0x08000000   0x00000188   Data   RO            3    RESET               startup_stm32f407xx.o
    0x08000188   0x08000188   0x00000000   Code   RO         5259  * .ARM.Collect$$$$00000000  mc_w.l(entry.o)
    0x08000188   0x08000188   0x00000004   Code   RO         5531    .ARM.Collect$$$$00000001  mc_w.l(entry2.o)
    0x0800018c   0x0800018c   0x00000004   Code   RO         5534    .ARM.Collect$$$$00000004  mc_w.l(entry5.o)
    0x08000190   0x08000190   0x00000000   Code   RO         5536    .ARM.Collect$$$$00000008  mc_w.l(entry7b.o)
    0x08000190   0x08000190   0x00000000   Code   RO         5538    .ARM.Collect$$$$0000000A  mc_w.l(entry8b.o)
    0x08000190   0x08000190   0x00000008   Code   RO         5539    .ARM.Collect$$$$0000000B  mc_w.l(entry9a.o)
    0x08000198   0x08000198   0x00000000   Code   RO         5541    .ARM.Collect$$$$0000000D  mc_w.l(entry10a.o)
    0x08000198   0x08000198   0x00000000   Code   RO         5543    .ARM.Collect$$$$0000000F  mc_w.l(entry11a.o)
    0x08000198   0x08000198   0x00000004   Code   RO         5532    .ARM.Collect$$$$00002712  mc_w.l(entry2.o)
    0x0800019c   0x0800019c   0x00000034   Code   RO            4    .text               startup_stm32f407xx.o
    0x080001d0   0x080001d0   0x00000062   Code   RO         5262    .text               mc_w.l(uldiv.o)
    0x08000232   0x08000232   0x00000024   Code   RO         5264    .text               mc_w.l(memcpya.o)
    0x08000256   0x08000256   0x00000024   Code   RO         5266    .text               mc_w.l(memseta.o)
    0x0800027a   0x0800027a   0x0000002c   Code   RO         5545    .text               mc_w.l(uidiv.o)
    0x080002a6   0x080002a6   0x0000001e   Code   RO         5547    .text               mc_w.l(llshl.o)
    0x080002c4   0x080002c4   0x00000020   Code   RO         5549    .text               mc_w.l(llushr.o)
    0x080002e4   0x080002e4   0x00000024   Code   RO         5562    .text               mc_w.l(init.o)
    0x08000308   0x08000308   0x0000007e   Code   RO         3172    i.ADC_DMAConvCplt   stm32f4xx_hal_adc.o
    0x08000386   0x08000386   0x0000001a   Code   RO         3173    i.ADC_DMAError      stm32f4xx_hal_adc.o
    0x080003a0   0x080003a0   0x0000000e   Code   RO         3174    i.ADC_DMAHalfConvCplt  stm32f4xx_hal_adc.o
    0x080003ae   0x080003ae   0x00000002   PAD
    0x080003b0   0x080003b0   0x00000010   Code   RO         4806    i.ADC_IRQHandler    adc.o
    0x080003c0   0x080003c0   0x00000160   Code   RO         3175    i.ADC_Init          stm32f4xx_hal_adc.o
    0x08000520   0x08000520   0x00000004   Code   RO          297    i.BusFault_Handler  stm32f4xx_it.o
    0x08000524   0x08000524   0x000000dc   Code   RO         5111    i.DHT11_Data_Handle  timer_capture.o
    0x08000600   0x08000600   0x00000044   Code   RO         5112    i.DHT11_Get_Temp_Humi_Start  timer_capture.o
    0x08000644   0x08000644   0x0000003c   Code   RO         5113    i.DHT11_Get_Temp_Humi_Stop  timer_capture.o
    0x08000680   0x08000680   0x00000060   Code   RO         5114    i.DHT11_Loop_Handle  timer_capture.o
    0x080006e0   0x080006e0   0x0000001c   Code   RO         5115    i.DHT11_StartCapture_Callback  timer_capture.o
    0x080006fc   0x080006fc   0x0000005c   Code   RO         5116    i.DHT11_Wait_DataBack  timer_capture.o
    0x08000758   0x08000758   0x00000010   Code   RO         4575    i.DMA1_Stream5_IRQHandler  iic.o
    0x08000768   0x08000768   0x00000010   Code   RO         4576    i.DMA1_Stream6_IRQHandler  iic.o
    0x08000778   0x08000778   0x00000010   Code   RO         4807    i.DMA2_Stream0_IRQHandler  adc.o
    0x08000788   0x08000788   0x00000010   Code   RO         4808    i.DMA2_Stream1_IRQHandler  adc.o
    0x08000798   0x08000798   0x00000010   Code   RO         4503    i.DMA2_Stream2_IRQHandler  spi.o
    0x080007a8   0x080007a8   0x00000010   Code   RO         4504    i.DMA2_Stream3_IRQHandler  spi.o
    0x080007b8   0x080007b8   0x00000010   Code   RO          298    i.DMA2_Stream5_IRQHandler  stm32f4xx_it.o
    0x080007c8   0x080007c8   0x00000010   Code   RO          299    i.DMA2_Stream7_IRQHandler  stm32f4xx_it.o
    0x080007d8   0x080007d8   0x00000034   Code   RO          924    i.DMA_CalcBaseAndBitshift  stm32f4xx_hal_dma.o
    0x0800080c   0x0800080c   0x000000aa   Code   RO          925    i.DMA_CheckFifoParam  stm32f4xx_hal_dma.o
    0x080008b6   0x080008b6   0x0000002c   Code   RO          926    i.DMA_SetConfig     stm32f4xx_hal_dma.o
    0x080008e2   0x080008e2   0x00000002   Code   RO          300    i.DebugMon_Handler  stm32f4xx_it.o
    0x080008e4   0x080008e4   0x00000002   Code   RO         3346    i.HAL_ADCEx_InjectedConvCpltCallback  stm32f4xx_hal_adc_ex.o
    0x080008e6   0x080008e6   0x00000002   PAD
    0x080008e8   0x080008e8   0x0000018c   Code   RO         3177    i.HAL_ADC_ConfigChannel  stm32f4xx_hal_adc.o
    0x08000a74   0x08000a74   0x00000030   Code   RO         4809    i.HAL_ADC_ConvCpltCallback  adc.o
    0x08000aa4   0x08000aa4   0x00000002   Code   RO         3179    i.HAL_ADC_ConvHalfCpltCallback  stm32f4xx_hal_adc.o
    0x08000aa6   0x08000aa6   0x00000002   Code   RO         3181    i.HAL_ADC_ErrorCallback  stm32f4xx_hal_adc.o
    0x08000aa8   0x08000aa8   0x00000174   Code   RO         3185    i.HAL_ADC_IRQHandler  stm32f4xx_hal_adc.o
    0x08000c1c   0x08000c1c   0x00000068   Code   RO         3186    i.HAL_ADC_Init      stm32f4xx_hal_adc.o
    0x08000c84   0x08000c84   0x00000002   Code   RO         3187    i.HAL_ADC_LevelOutOfWindowCallback  stm32f4xx_hal_adc.o
    0x08000c86   0x08000c86   0x00000002   PAD
    0x08000c88   0x08000c88   0x000001cc   Code   RO         4810    i.HAL_ADC_MspInit   adc.o
    0x08000e54   0x08000e54   0x000001b4   Code   RO         3193    i.HAL_ADC_Start_DMA  stm32f4xx_hal_adc.o
    0x08001008   0x08001008   0x000000aa   Code   RO          927    i.HAL_DMA_Abort     stm32f4xx_hal_dma.o
    0x080010b2   0x080010b2   0x00000028   Code   RO          928    i.HAL_DMA_Abort_IT  stm32f4xx_hal_dma.o
    0x080010da   0x080010da   0x00000008   Code   RO          931    i.HAL_DMA_GetState  stm32f4xx_hal_dma.o
    0x080010e2   0x080010e2   0x00000002   PAD
    0x080010e4   0x080010e4   0x00000240   Code   RO          932    i.HAL_DMA_IRQHandler  stm32f4xx_hal_dma.o
    0x08001324   0x08001324   0x000000ec   Code   RO          933    i.HAL_DMA_Init      stm32f4xx_hal_dma.o
    0x08001410   0x08001410   0x00000092   Code   RO          937    i.HAL_DMA_Start_IT  stm32f4xx_hal_dma.o
    0x080014a2   0x080014a2   0x00000002   PAD
    0x080014a4   0x080014a4   0x00000204   Code   RO         1033    i.HAL_GPIO_Init     stm32f4xx_hal_gpio.o
    0x080016a8   0x080016a8   0x00000010   Code   RO         1035    i.HAL_GPIO_ReadPin  stm32f4xx_hal_gpio.o
    0x080016b8   0x080016b8   0x00000014   Code   RO         1036    i.HAL_GPIO_TogglePin  stm32f4xx_hal_gpio.o
    0x080016cc   0x080016cc   0x0000000c   Code   RO         1037    i.HAL_GPIO_WritePin  stm32f4xx_hal_gpio.o
    0x080016d8   0x080016d8   0x0000000c   Code   RO          610    i.HAL_GetREVID      stm32f4xx_hal.o
    0x080016e4   0x080016e4   0x0000000c   Code   RO          611    i.HAL_GetTick       stm32f4xx_hal.o
    0x080016f0   0x080016f0   0x00000002   Code   RO         2442    i.HAL_I2C_AbortCpltCallback  stm32f4xx_hal_i2c.o
    0x080016f2   0x080016f2   0x00000002   Code   RO         2443    i.HAL_I2C_AddrCallback  stm32f4xx_hal_i2c.o
    0x080016f4   0x080016f4   0x000001d4   Code   RO         2447    i.HAL_I2C_EV_IRQHandler  stm32f4xx_hal_i2c.o
    0x080018c8   0x080018c8   0x00000002   Code   RO         2449    i.HAL_I2C_ErrorCallback  stm32f4xx_hal_i2c.o
    0x080018ca   0x080018ca   0x00000002   Code   RO         2455    i.HAL_I2C_ListenCpltCallback  stm32f4xx_hal_i2c.o
    0x080018cc   0x080018cc   0x00000002   Code   RO         2456    i.HAL_I2C_MasterRxCpltCallback  stm32f4xx_hal_i2c.o
    0x080018ce   0x080018ce   0x00000002   Code   RO         2457    i.HAL_I2C_MasterTxCpltCallback  stm32f4xx_hal_i2c.o
    0x080018d0   0x080018d0   0x00000002   Code   RO         2469    i.HAL_I2C_MemRxCpltCallback  stm32f4xx_hal_i2c.o
    0x080018d2   0x080018d2   0x00000002   Code   RO         2470    i.HAL_I2C_MemTxCpltCallback  stm32f4xx_hal_i2c.o
    0x080018d4   0x080018d4   0x00000002   Code   RO         2479    i.HAL_I2C_SlaveRxCpltCallback  stm32f4xx_hal_i2c.o
    0x080018d6   0x080018d6   0x00000002   Code   RO         2480    i.HAL_I2C_SlaveTxCpltCallback  stm32f4xx_hal_i2c.o
    0x080018d8   0x080018d8   0x00000018   Code   RO          617    i.HAL_IncTick       stm32f4xx_hal.o
    0x080018f0   0x080018f0   0x00000030   Code   RO          618    i.HAL_Init          stm32f4xx_hal.o
    0x08001920   0x08001920   0x0000004c   Code   RO          619    i.HAL_InitTick      stm32f4xx_hal.o
    0x0800196c   0x0800196c   0x00000002   Code   RO          621    i.HAL_MspInit       stm32f4xx_hal.o
    0x0800196e   0x0800196e   0x00000020   Code   RO          789    i.HAL_NVIC_EnableIRQ  stm32f4xx_hal_cortex.o
    0x0800198e   0x0800198e   0x0000007c   Code   RO          795    i.HAL_NVIC_SetPriority  stm32f4xx_hal_cortex.o
    0x08001a0a   0x08001a0a   0x00000002   PAD
    0x08001a0c   0x08001a0c   0x00000028   Code   RO          796    i.HAL_NVIC_SetPriorityGrouping  stm32f4xx_hal_cortex.o
    0x08001a34   0x08001a34   0x00000184   Code   RO         1097    i.HAL_RCC_ClockConfig  stm32f4xx_hal_rcc.o
    0x08001bb8   0x08001bb8   0x0000000c   Code   RO         1102    i.HAL_RCC_GetHCLKFreq  stm32f4xx_hal_rcc.o
    0x08001bc4   0x08001bc4   0x00000020   Code   RO         1104    i.HAL_RCC_GetPCLK1Freq  stm32f4xx_hal_rcc.o
    0x08001be4   0x08001be4   0x00000020   Code   RO         1105    i.HAL_RCC_GetPCLK2Freq  stm32f4xx_hal_rcc.o
    0x08001c04   0x08001c04   0x000000b0   Code   RO         1106    i.HAL_RCC_GetSysClockFreq  stm32f4xx_hal_rcc.o
    0x08001cb4   0x08001cb4   0x0000049c   Code   RO         1109    i.HAL_RCC_OscConfig  stm32f4xx_hal_rcc.o
    0x08002150   0x08002150   0x00000002   Code   RO         2107    i.HAL_SPI_ErrorCallback  stm32f4xx_hal_spi.o
    0x08002152   0x08002152   0x00000002   PAD
    0x08002154   0x08002154   0x0000015c   Code   RO         2110    i.HAL_SPI_IRQHandler  stm32f4xx_hal_spi.o
    0x080022b0   0x080022b0   0x00000034   Code   RO          800    i.HAL_SYSTICK_Config  stm32f4xx_hal_cortex.o
    0x080022e4   0x080022e4   0x00000002   Code   RO         4212    i.HAL_TIMEx_BreakCallback  stm32f4xx_hal_tim_ex.o
    0x080022e6   0x080022e6   0x00000002   Code   RO         4213    i.HAL_TIMEx_CommutCallback  stm32f4xx_hal_tim_ex.o
    0x080022e8   0x080022e8   0x00000066   Code   RO         3497    i.HAL_TIM_Base_Init  stm32f4xx_hal_tim.o
    0x0800234e   0x0800234e   0x00000002   Code   RO         3499    i.HAL_TIM_Base_MspInit  stm32f4xx_hal_tim.o
    0x08002350   0x08002350   0x000000a8   Code   RO         3502    i.HAL_TIM_Base_Start_IT  stm32f4xx_hal_tim.o
    0x080023f8   0x080023f8   0x000000b8   Code   RO         5117    i.HAL_TIM_IC_CaptureCallback  timer_capture.o
    0x080024b0   0x080024b0   0x000000d4   Code   RO         3533    i.HAL_TIM_IC_ConfigChannel  stm32f4xx_hal_tim.o
    0x08002584   0x08002584   0x00000066   Code   RO         3536    i.HAL_TIM_IC_Init   stm32f4xx_hal_tim.o
    0x080025ea   0x080025ea   0x00000002   PAD
    0x080025ec   0x080025ec   0x00000090   Code   RO         5118    i.HAL_TIM_IC_MspInit  timer_capture.o
    0x0800267c   0x0800267c   0x00000188   Code   RO         3541    i.HAL_TIM_IC_Start_IT  stm32f4xx_hal_tim.o
    0x08002804   0x08002804   0x000000d6   Code   RO         3544    i.HAL_TIM_IC_Stop_IT  stm32f4xx_hal_tim.o
    0x080028da   0x080028da   0x00000196   Code   RO         3545    i.HAL_TIM_IRQHandler  stm32f4xx_hal_tim.o
    0x08002a70   0x08002a70   0x00000002   Code   RO         3548    i.HAL_TIM_OC_DelayElapsedCallback  stm32f4xx_hal_tim.o
    0x08002a72   0x08002a72   0x00000002   Code   RO         3575    i.HAL_TIM_PWM_PulseFinishedCallback  stm32f4xx_hal_tim.o
    0x08002a74   0x08002a74   0x000000ac   Code   RO         5023    i.HAL_TIM_PeriodElapsedCallback  timer.o
    0x08002b20   0x08002b20   0x00000032   Code   RO         3585    i.HAL_TIM_ReadCapturedValue  stm32f4xx_hal_tim.o
    0x08002b52   0x08002b52   0x00000002   Code   RO         3588    i.HAL_TIM_TriggerCallback  stm32f4xx_hal_tim.o
    0x08002b54   0x08002b54   0x00000072   Code   RO         1701    i.HAL_UARTEx_ReceiveToIdle_DMA  stm32f4xx_hal_uart.o
    0x08002bc6   0x08002bc6   0x00000002   PAD
    0x08002bc8   0x08002bc8   0x00000048   Code   RO         4642    i.HAL_UARTEx_RxEventCallback  usart_test.o
    0x08002c10   0x08002c10   0x00000002   Code   RO         1717    i.HAL_UART_ErrorCallback  stm32f4xx_hal_uart.o
    0x08002c12   0x08002c12   0x00000002   PAD
    0x08002c14   0x08002c14   0x00000250   Code   RO         1720    i.HAL_UART_IRQHandler  stm32f4xx_hal_uart.o
    0x08002e64   0x08002e64   0x00000072   Code   RO         1721    i.HAL_UART_Init     stm32f4xx_hal_uart.o
    0x08002ed6   0x08002ed6   0x00000002   PAD
    0x08002ed8   0x08002ed8   0x00000188   Code   RO         4643    i.HAL_UART_MspInit  usart_test.o
    0x08003060   0x08003060   0x00000002   Code   RO         1727    i.HAL_UART_RxCpltCallback  stm32f4xx_hal_uart.o
    0x08003062   0x08003062   0x00000002   Code   RO         1728    i.HAL_UART_RxHalfCpltCallback  stm32f4xx_hal_uart.o
    0x08003064   0x08003064   0x0000009c   Code   RO         1730    i.HAL_UART_Transmit_DMA  stm32f4xx_hal_uart.o
    0x08003100   0x08003100   0x00000018   Code   RO         4644    i.HAL_UART_TxCpltCallback  usart_test.o
    0x08003118   0x08003118   0x00000002   Code   RO         1733    i.HAL_UART_TxHalfCpltCallback  stm32f4xx_hal_uart.o
    0x0800311a   0x0800311a   0x00000002   PAD
    0x0800311c   0x0800311c   0x00000058   Code   RO         4928    i.HAL_WWDG_EarlyWakeupCallback  wwdg.o
    0x08003174   0x08003174   0x00000028   Code   RO         3448    i.HAL_WWDG_IRQHandler  stm32f4xx_hal_wwdg.o
    0x0800319c   0x0800319c   0x0000002c   Code   RO         3449    i.HAL_WWDG_Init     stm32f4xx_hal_wwdg.o
    0x080031c8   0x080031c8   0x00000048   Code   RO         4929    i.HAL_WWDG_MspInit  wwdg.o
    0x08003210   0x08003210   0x0000000c   Code   RO         3451    i.HAL_WWDG_Refresh  stm32f4xx_hal_wwdg.o
    0x0800321c   0x0800321c   0x00000004   Code   RO          301    i.HardFault_Handler  stm32f4xx_it.o
    0x08003220   0x08003220   0x00000010   Code   RO         4578    i.I2C1_EV_IRQHandler  iic.o
    0x08003230   0x08003230   0x0000001c   Code   RO         2491    i.I2C_ConvertOtherXferOptions  stm32f4xx_hal_i2c.o
    0x0800324c   0x0800324c   0x000000f8   Code   RO         2492    i.I2C_DMAAbort      stm32f4xx_hal_i2c.o
    0x08003344   0x08003344   0x000001ac   Code   RO         2495    i.I2C_ITError       stm32f4xx_hal_i2c.o
    0x080034f0   0x080034f0   0x00000126   Code   RO         2497    i.I2C_MasterReceive_BTF  stm32f4xx_hal_i2c.o
    0x08003616   0x08003616   0x000000e2   Code   RO         2498    i.I2C_MasterReceive_RXNE  stm32f4xx_hal_i2c.o
    0x080036f8   0x080036f8   0x0000008a   Code   RO         2501    i.I2C_MasterTransmit_BTF  stm32f4xx_hal_i2c.o
    0x08003782   0x08003782   0x000000d8   Code   RO         2502    i.I2C_MasterTransmit_TXE  stm32f4xx_hal_i2c.o
    0x0800385a   0x0800385a   0x0000002a   Code   RO         2503    i.I2C_Master_ADD10  stm32f4xx_hal_i2c.o
    0x08003884   0x08003884   0x00000268   Code   RO         2504    i.I2C_Master_ADDR   stm32f4xx_hal_i2c.o
    0x08003aec   0x08003aec   0x0000009e   Code   RO         2505    i.I2C_Master_SB     stm32f4xx_hal_i2c.o
    0x08003b8a   0x08003b8a   0x000000b8   Code   RO         2506    i.I2C_MemoryTransmit_TXE_BTF  stm32f4xx_hal_i2c.o
    0x08003c42   0x08003c42   0x0000001a   Code   RO         2509    i.I2C_SlaveReceive_BTF  stm32f4xx_hal_i2c.o
    0x08003c5c   0x08003c5c   0x00000046   Code   RO         2510    i.I2C_SlaveReceive_RXNE  stm32f4xx_hal_i2c.o
    0x08003ca2   0x08003ca2   0x0000001a   Code   RO         2511    i.I2C_SlaveTransmit_BTF  stm32f4xx_hal_i2c.o
    0x08003cbc   0x08003cbc   0x00000046   Code   RO         2512    i.I2C_SlaveTransmit_TXE  stm32f4xx_hal_i2c.o
    0x08003d02   0x08003d02   0x00000066   Code   RO         2513    i.I2C_Slave_ADDR    stm32f4xx_hal_i2c.o
    0x08003d68   0x08003d68   0x0000018c   Code   RO         2515    i.I2C_Slave_STOPF   stm32f4xx_hal_i2c.o
    0x08003ef4   0x08003ef4   0x00000050   Code   RO         2521    i.I2C_WaitOnSTOPRequestThroughIT  stm32f4xx_hal_i2c.o
    0x08003f44   0x08003f44   0x0000000c   Code   RO         4974    i.Light_AdcDmaCpltCallback  light.o
    0x08003f50   0x08003f50   0x00000044   Code   RO         4975    i.Light_Handle      light.o
    0x08003f94   0x08003f94   0x0000000c   Code   RO         4976    i.Light_Init        light.o
    0x08003fa0   0x08003fa0   0x00000018   Code   RO         4977    i.Light_TimerCallback  light.o
    0x08003fb8   0x08003fb8   0x00000004   Code   RO          302    i.MemManage_Handler  stm32f4xx_it.o
    0x08003fbc   0x08003fbc   0x00000002   Code   RO          303    i.NMI_Handler       stm32f4xx_it.o
    0x08003fbe   0x08003fbe   0x00000002   Code   RO          304    i.PendSV_Handler    stm32f4xx_it.o
    0x08003fc0   0x08003fc0   0x00000010   Code   RO         4509    i.SPI1_IRQHandler   spi.o
    0x08003fd0   0x08003fd0   0x00000014   Code   RO         2140    i.SPI_DMAAbortOnError  stm32f4xx_hal_spi.o
    0x08003fe4   0x08003fe4   0x00000002   Code   RO          305    i.SVC_Handler       stm32f4xx_it.o
    0x08003fe6   0x08003fe6   0x00000008   Code   RO          306    i.SysTick_Handler   stm32f4xx_it.o
    0x08003fee   0x08003fee   0x00000002   PAD
    0x08003ff0   0x08003ff0   0x00000014   Code   RO          392    i.SystemInit        system_stm32f4xx.o
    0x08004004   0x08004004   0x00000010   Code   RO         5119    i.TIM1_BRK_TIM9_IRQHandler  timer_capture.o
    0x08004014   0x08004014   0x00000010   Code   RO         5024    i.TIM6_DAC_IRQHandler  timer.o
    0x08004024   0x08004024   0x000000d8   Code   RO         3590    i.TIM_Base_SetConfig  stm32f4xx_hal_tim.o
    0x080040fc   0x080040fc   0x00000022   Code   RO         3591    i.TIM_CCxChannelCmd  stm32f4xx_hal_tim.o
    0x0800411e   0x0800411e   0x00000002   PAD
    0x08004120   0x08004120   0x00000090   Code   RO         3609    i.TIM_TI1_SetConfig  stm32f4xx_hal_tim.o
    0x080041b0   0x080041b0   0x0000003a   Code   RO         3611    i.TIM_TI2_SetConfig  stm32f4xx_hal_tim.o
    0x080041ea   0x080041ea   0x00000038   Code   RO         3612    i.TIM_TI3_SetConfig  stm32f4xx_hal_tim.o
    0x08004222   0x08004222   0x0000003c   Code   RO         3613    i.TIM_TI4_SetConfig  stm32f4xx_hal_tim.o
    0x0800425e   0x0800425e   0x00000002   PAD
    0x08004260   0x08004260   0x00000070   Code   RO         5025    i.Timer6_Init       timer.o
    0x080042d0   0x080042d0   0x00000064   Code   RO         5027    i.Timer6_RegisterTask  timer.o
    0x08004334   0x08004334   0x00000038   Code   RO         5029    i.Timer6_UnRegisterTask  timer.o
    0x0800436c   0x0800436c   0x00000014   Code   RO         1734    i.UART_DMAAbortOnError  stm32f4xx_hal_uart.o
    0x08004380   0x08004380   0x00000050   Code   RO         1735    i.UART_DMAError     stm32f4xx_hal_uart.o
    0x080043d0   0x080043d0   0x00000068   Code   RO         1736    i.UART_DMAReceiveCplt  stm32f4xx_hal_uart.o
    0x08004438   0x08004438   0x00000020   Code   RO         1738    i.UART_DMARxHalfCplt  stm32f4xx_hal_uart.o
    0x08004458   0x08004458   0x00000036   Code   RO         1740    i.UART_DMATransmitCplt  stm32f4xx_hal_uart.o
    0x0800448e   0x0800448e   0x0000000e   Code   RO         1742    i.UART_DMATxHalfCplt  stm32f4xx_hal_uart.o
    0x0800449c   0x0800449c   0x00000036   Code   RO         1744    i.UART_EndRxTransfer  stm32f4xx_hal_uart.o
    0x080044d2   0x080044d2   0x00000020   Code   RO         1745    i.UART_EndTransmit_IT  stm32f4xx_hal_uart.o
    0x080044f2   0x080044f2   0x00000014   Code   RO         1746    i.UART_EndTxTransfer  stm32f4xx_hal_uart.o
    0x08004506   0x08004506   0x000000be   Code   RO         1747    i.UART_Receive_IT   stm32f4xx_hal_uart.o
    0x080045c4   0x080045c4   0x0000022c   Code   RO         1748    i.UART_SetConfig    stm32f4xx_hal_uart.o
    0x080047f0   0x080047f0   0x00000098   Code   RO         1749    i.UART_Start_Receive_DMA  stm32f4xx_hal_uart.o
    0x08004888   0x08004888   0x00000060   Code   RO         1751    i.UART_Transmit_IT  stm32f4xx_hal_uart.o
    0x080048e8   0x080048e8   0x00000010   Code   RO          307    i.USART1_IRQHandler  stm32f4xx_it.o
    0x080048f8   0x080048f8   0x00000004   Code   RO          308    i.UsageFault_Handler  stm32f4xx_it.o
    0x080048fc   0x080048fc   0x00000010   Code   RO         4930    i.WWDG_IRQHandler   wwdg.o
    0x0800490c   0x0800490c   0x00000028   Code   RO         5427    i.__0sprintf$6      mc_w.l(printf6.o)
    0x08004934   0x08004934   0x00000010   Code   RO          802    i.__NVIC_GetPriorityGrouping  stm32f4xx_hal_cortex.o
    0x08004944   0x08004944   0x00000028   Code   RO          803    i.__NVIC_SetPriority  stm32f4xx_hal_cortex.o
    0x0800496c   0x0800496c   0x0000000e   Code   RO         5570    i.__scatterload_copy  mc_w.l(handlers.o)
    0x0800497a   0x0800497a   0x00000002   Code   RO         5571    i.__scatterload_null  mc_w.l(handlers.o)
    0x0800497c   0x0800497c   0x0000000e   Code   RO         5572    i.__scatterload_zeroinit  mc_w.l(handlers.o)
    0x0800498a   0x0800498a   0x00000002   PAD
    0x0800498c   0x0800498c   0x000002f0   Code   RO         5432    i._printf_core      mc_w.l(printf6.o)
    0x08004c7c   0x08004c7c   0x00000024   Code   RO         5433    i._printf_post_padding  mc_w.l(printf6.o)
    0x08004ca0   0x08004ca0   0x0000002e   Code   RO         5434    i._printf_pre_padding  mc_w.l(printf6.o)
    0x08004cce   0x08004cce   0x0000000a   Code   RO         5436    i._sputc            mc_w.l(printf6.o)
    0x08004cd8   0x08004cd8   0x00000088   Code   RO         4811    i.adc3_init_dma     adc.o
    0x08004d60   0x08004d60   0x000000a0   Code   RO         5200    i.bsp_key_10ms_scan  key.o
    0x08004e00   0x08004e00   0x0000000c   Code   RO          429    i.delay_init        delay.o
    0x08004e0c   0x08004e0c   0x000001bc   Code   RO         5201    i.get_key_state     key.o
    0x08004fc8   0x08004fc8   0x00000038   Code   RO           13    i.key_click_handle  main.o
    0x08005000   0x08005000   0x0000000c   Code   RO         5202    i.key_click_register_task  key.o
    0x0800500c   0x0800500c   0x00000038   Code   RO           14    i.key_double_click_handle  main.o
    0x08005044   0x08005044   0x0000000c   Code   RO         5203    i.key_double_click_register_task  key.o
    0x08005050   0x08005050   0x00000048   Code   RO         5204    i.key_gpio_init     key.o
    0x08005098   0x08005098   0x00000058   Code   RO         5205    i.key_soft_init     key.o
    0x080050f0   0x080050f0   0x0000009c   Code   RO         4479    i.led_init          led.o
    0x0800518c   0x0800518c   0x00000022   Code   RO         4645    i.loop_buffer_available  usart_test.o
    0x080051ae   0x080051ae   0x0000000c   Code   RO         4647    i.loop_buffer_init  usart_test.o
    0x080051ba   0x080051ba   0x00000012   Code   RO         4648    i.loop_buffer_next_index  usart_test.o
    0x080051cc   0x080051cc   0x0000002a   Code   RO         4649    i.loop_buffer_pop   usart_test.o
    0x080051f6   0x080051f6   0x00000026   Code   RO         4651    i.loop_buffer_push  usart_test.o
    0x0800521c   0x0800521c   0x00000028   Code   RO         4652    i.loop_buffer_push_array  usart_test.o
    0x08005244   0x08005244   0x00000098   Code   RO           15    i.main              main.o
    0x080052dc   0x080052dc   0x0000004c   Code   RO         4894    i.modbus_handle     modbus.o
    0x08005328   0x08005328   0x00000010   Code   RO         4895    i.modbus_init       modbus.o
    0x08005338   0x08005338   0x00000010   Code   RO         4653    i.modbus_loop_buffer_available  usart_test.o
    0x08005348   0x08005348   0x00000018   Code   RO         4654    i.modbus_loop_buffer_init  usart_test.o
    0x08005360   0x08005360   0x00000014   Code   RO         4655    i.modbus_loop_buffer_read  usart_test.o
    0x08005374   0x08005374   0x00000018   Code   RO         4656    i.my_usart_transmit_data  usart_test.o
    0x0800538c   0x0800538c   0x0000003c   Code   RO         5206    i.read_key_down_state  key.o
    0x080053c8   0x080053c8   0x000000dc   Code   RO          478    i.sys_stm32_clock_init  sys.o
    0x080054a4   0x080054a4   0x0000007c   Code   RO         5120    i.temp_humi_Capture_Init  timer_capture.o
    0x08005520   0x08005520   0x0000004c   Code   RO         5121    i.temp_humi_capture_gpio_init  timer_capture.o
    0x0800556c   0x0800556c   0x00000048   Code   RO         5087    i.temp_humi_gpio_ouput  temp_humi.o
    0x080055b4   0x080055b4   0x00000070   Code   RO         4657    i.usart_test_dma_init  usart_test.o
    0x08005624   0x08005624   0x00000054   Code   RO         4931    i.wwdg_init         wwdg.o
    0x08005678   0x08005678   0x0000001e   Data   RO           17    .constdata          main.o
    0x08005696   0x08005696   0x00000018   Data   RO          393    .constdata          system_stm32f4xx.o
    0x080056ae   0x080056ae   0x00000008   Data   RO          939    .constdata          stm32f4xx_hal_dma.o
    0x080056b6   0x080056b6   0x00000002   PAD
    0x080056b8   0x080056b8   0x00000020   Data   RO         5568    Region$$Table       anon$$obj.o


    Execution Region RW_IRAM1 (Exec base: 0x20000000, Load base: 0x080056d8, Size: 0x00000dc0, Max: 0x00020000, ABSOLUTE)

    Exec Addr    Load Addr    Size         Type   Attr      Idx    E Section Name        Object

    0x20000000   0x080056d8   0x00000008   Data   RW           18    .data               main.o
    0x20000008   0x080056e0   0x00000004   Data   RW          394    .data               system_stm32f4xx.o
    0x2000000c   0x080056e4   0x00000004   Data   RW          432    .data               delay.o
    0x20000010   0x080056e8   0x00000009   Data   RW          625    .data               stm32f4xx_hal.o
    0x20000019   0x080056f1   0x00000001   PAD
    0x2000001a   0x080056f2   0x00000003   Data   RW         4897    .data               modbus.o
    0x2000001d   0x080056f5   0x00000001   PAD
    0x2000001e   0x080056f6   0x00000002   Data   RW         4933    .data               wwdg.o
    0x20000020   0x080056f8   0x00000005   Data   RW         4979    .data               light.o
    0x20000025   0x080056fd   0x00000001   PAD
    0x20000026   0x080056fe   0x00000008   Data   RW         5123    .data               timer_capture.o
    0x2000002e   0x08005706   0x00000002   PAD
    0x20000030   0x08005708   0x0000000c   Data   RW         5208    .data               key.o
    0x2000003c        -       0x0000003c   Zero   RW           16    .bss                main.o
    0x20000078        -       0x00000118   Zero   RW         4511    .bss                spi.o
    0x20000190        -       0x00000114   Zero   RW         4582    .bss                iic.o
    0x200002a4        -       0x00000210   Zero   RW         4660    .bss                usart_test.o
    0x200004b4        -       0x00000150   Zero   RW         4817    .bss                adc.o
    0x20000604        -       0x00000080   Zero   RW         4896    .bss                modbus.o
    0x20000684        -       0x00000014   Zero   RW         4932    .bss                wwdg.o
    0x20000698        -       0x0000001e   Zero   RW         4978    .bss                light.o
    0x200006b6   0x08005714   0x00000002   PAD
    0x200006b8        -       0x000000c0   Zero   RW         5030    .bss                timer.o
    0x20000778        -       0x000001de   Zero   RW         5122    .bss                timer_capture.o
    0x20000956   0x08005714   0x00000002   PAD
    0x20000958        -       0x00000064   Zero   RW         5207    .bss                key.o
    0x200009bc   0x08005714   0x00000004   PAD
    0x200009c0        -       0x00000400   Zero   RW            1    STACK               startup_stm32f407xx.o


==============================================================================

Image component sizes


      Code (inc. data)   RO Data    RW Data    ZI Data      Debug   Object Name

       692         88          0          0        336       4808   adc.o
        12          6          0          4          0        765   delay.o
        48         18          0          0        276       1975   iic.o
       848         58          0         12        100       5335   key.o
       156         10          0          0          0        999   led.o
       116         44          0          5         30       2971   light.o
       264         74         30          8         60     731472   main.o
        92         14          0          3        128       1963   modbus.o
        48         18          0          0        280       1943   spi.o
        52         14        392          0       1024        996   startup_stm32f407xx.o
       174         34          0          9          0      10110   stm32f4xx_hal.o
      1832         66          0          0          0       8766   stm32f4xx_hal_adc.o
         2          0          0          0          0       1081   stm32f4xx_hal_adc_ex.o
       304         22          0          0          0      34723   stm32f4xx_hal_cortex.o
      1442         16          8          0          0       7993   stm32f4xx_hal_dma.o
       564         46          0          0          0       3616   stm32f4xx_hal_gpio.o
      3836         30          0          0          0      23050   stm32f4xx_hal_i2c.o
      1820         84          0          0          0       5872   stm32f4xx_hal_rcc.o
       370          6          0          0          0       2833   stm32f4xx_hal_spi.o
      2222        134          0          0          0      14625   stm32f4xx_hal_tim.o
         4          0          0          0          0       1681   stm32f4xx_hal_tim_ex.o
      2388         44          0          0          0      15909   stm32f4xx_hal_uart.o
        96          0          0          0          0       2421   stm32f4xx_hal_wwdg.o
        80         18          0          0          0       6082   stm32f4xx_it.o
       220         12          0          0          0       1407   sys.o
        20          6         24          4          0       1447   system_stm32f4xx.o
        72          8          0          0          0       1059   temp_humi.o
       456         46          0          0        192       4188   timer.o
      1108        170          0          8        478       9107   timer_capture.o
       868         98          0          0        528      10853   usart_test.o
       260         44          0          2         20       3038   wwdg.o

    ----------------------------------------------------------------------
     20496       1228        488         60       3460     923088   Object Totals
         0          0         32          0          0          0   (incl. Generated)
        30          0          2          5          8          0   (incl. Padding)

    ----------------------------------------------------------------------

      Code (inc. data)   RO Data    RW Data    ZI Data      Debug   Library Member Name

         0          0          0          0          0          0   entry.o
         0          0          0          0          0          0   entry10a.o
         0          0          0          0          0          0   entry11a.o
         8          4          0          0          0          0   entry2.o
         4          0          0          0          0          0   entry5.o
         0          0          0          0          0          0   entry7b.o
         0          0          0          0          0          0   entry8b.o
         8          4          0          0          0          0   entry9a.o
        30          0          0          0          0          0   handlers.o
        36          8          0          0          0         68   init.o
        30          0          0          0          0         68   llshl.o
        32          0          0          0          0         68   llushr.o
        36          0          0          0          0         68   memcpya.o
        36          0          0          0          0        108   memseta.o
       884         10          0          0          0        420   printf6.o
        44          0          0          0          0         80   uidiv.o
        98          0          0          0          0         92   uldiv.o

    ----------------------------------------------------------------------
      1248         26          0          0          0        972   Library Totals
         2          0          0          0          0          0   (incl. Padding)

    ----------------------------------------------------------------------

      Code (inc. data)   RO Data    RW Data    ZI Data      Debug   Library Name

      1246         26          0          0          0        972   mc_w.l

    ----------------------------------------------------------------------
      1248         26          0          0          0        972   Library Totals

    ----------------------------------------------------------------------

==============================================================================


      Code (inc. data)   RO Data    RW Data    ZI Data      Debug   

     21744       1254        488         60       3460     904596   Grand Totals
     21744       1254        488         60       3460     904596   ELF Image Totals
     21744       1254        488         60          0          0   ROM Totals

==============================================================================

    Total RO  Size (Code + RO Data)                22232 (  21.71kB)
    Total RW  Size (RW Data + ZI Data)              3520 (   3.44kB)
    Total ROM Size (Code + RO Data + RW Data)      22292 (  21.77kB)

==============================================================================

